<!doctype html public "-//w3c//dtd html 4.0 transitional//en">
<html><head>
<title>Static Call Graph - [.\Objects\2DX4_FinalProject.axf]</title></head>
<body><HR>
<H1>Static Call Graph for image .\Objects\2DX4_FinalProject.axf</H1><HR>
<BR><P>#&#060CALLGRAPH&#062# ARM Linker, 5060750: Last Updated: Tue Apr 14 00:25:03 2020
<BR><P>
<H3>Maximum Stack Usage =        324 bytes + Unknown(Cycles, Untraceable Function Pointers)</H3><H3>
Call chain for Maximum Stack Depth:</H3>
_printf_f &rArr; _printf_fp_dec &rArr; _printf_fp_dec_real &rArr; _fp_digits &rArr; _btod_etento &rArr; _btod_emul &rArr; _e2e
<P>
<H3>
Mutually Recursive functions
</H3> <LI><a href="#[4]">NMI_Handler</a>&nbsp;&nbsp;&nbsp;&rArr;&nbsp;&nbsp;&nbsp;<a href="#[4]">NMI_Handler</a><BR>
 <LI><a href="#[5]">HardFault_Handler</a>&nbsp;&nbsp;&nbsp;&rArr;&nbsp;&nbsp;&nbsp;<a href="#[5]">HardFault_Handler</a><BR>
 <LI><a href="#[6]">MemManage_Handler</a>&nbsp;&nbsp;&nbsp;&rArr;&nbsp;&nbsp;&nbsp;<a href="#[6]">MemManage_Handler</a><BR>
 <LI><a href="#[7]">BusFault_Handler</a>&nbsp;&nbsp;&nbsp;&rArr;&nbsp;&nbsp;&nbsp;<a href="#[7]">BusFault_Handler</a><BR>
 <LI><a href="#[8]">UsageFault_Handler</a>&nbsp;&nbsp;&nbsp;&rArr;&nbsp;&nbsp;&nbsp;<a href="#[8]">UsageFault_Handler</a><BR>
 <LI><a href="#[9]">SVC_Handler</a>&nbsp;&nbsp;&nbsp;&rArr;&nbsp;&nbsp;&nbsp;<a href="#[9]">SVC_Handler</a><BR>
 <LI><a href="#[a]">DebugMon_Handler</a>&nbsp;&nbsp;&nbsp;&rArr;&nbsp;&nbsp;&nbsp;<a href="#[a]">DebugMon_Handler</a><BR>
 <LI><a href="#[b]">PendSV_Handler</a>&nbsp;&nbsp;&nbsp;&rArr;&nbsp;&nbsp;&nbsp;<a href="#[b]">PendSV_Handler</a><BR>
 <LI><a href="#[c]">SysTick_Handler</a>&nbsp;&nbsp;&nbsp;&rArr;&nbsp;&nbsp;&nbsp;<a href="#[c]">SysTick_Handler</a><BR>
 <LI><a href="#[1b]">ADC0SS0_IRQHandler</a>&nbsp;&nbsp;&nbsp;&rArr;&nbsp;&nbsp;&nbsp;<a href="#[1b]">ADC0SS0_IRQHandler</a><BR>
</UL>
<P>
<H3>
Function Pointers
</H3><UL>
 <LI><a href="#[1b]">ADC0SS0_IRQHandler</a> from startup_msp432e401y_uvision.o(.text) referenced from startup_msp432e401y_uvision.o(RESET)
 <LI><a href="#[1c]">ADC0SS1_IRQHandler</a> from startup_msp432e401y_uvision.o(.text) referenced from startup_msp432e401y_uvision.o(RESET)
 <LI><a href="#[1d]">ADC0SS2_IRQHandler</a> from startup_msp432e401y_uvision.o(.text) referenced from startup_msp432e401y_uvision.o(RESET)
 <LI><a href="#[1e]">ADC0SS3_IRQHandler</a> from startup_msp432e401y_uvision.o(.text) referenced from startup_msp432e401y_uvision.o(RESET)
 <LI><a href="#[3b]">ADC1SS0_IRQHandler</a> from startup_msp432e401y_uvision.o(.text) referenced from startup_msp432e401y_uvision.o(RESET)
 <LI><a href="#[3c]">ADC1SS1_IRQHandler</a> from startup_msp432e401y_uvision.o(.text) referenced from startup_msp432e401y_uvision.o(RESET)
 <LI><a href="#[3d]">ADC1SS2_IRQHandler</a> from startup_msp432e401y_uvision.o(.text) referenced from startup_msp432e401y_uvision.o(RESET)
 <LI><a href="#[3e]">ADC1SS3_IRQHandler</a> from startup_msp432e401y_uvision.o(.text) referenced from startup_msp432e401y_uvision.o(RESET)
 <LI><a href="#[67]">AES0_IRQHandler</a> from startup_msp432e401y_uvision.o(.text) referenced from startup_msp432e401y_uvision.o(RESET)
 <LI><a href="#[7]">BusFault_Handler</a> from startup_msp432e401y_uvision.o(.text) referenced from startup_msp432e401y_uvision.o(RESET)
 <LI><a href="#[33]">CAN0_IRQHandler</a> from startup_msp432e401y_uvision.o(.text) referenced from startup_msp432e401y_uvision.o(RESET)
 <LI><a href="#[34]">CAN1_IRQHandler</a> from startup_msp432e401y_uvision.o(.text) referenced from startup_msp432e401y_uvision.o(RESET)
 <LI><a href="#[26]">COMP0_IRQHandler</a> from startup_msp432e401y_uvision.o(.text) referenced from startup_msp432e401y_uvision.o(RESET)
 <LI><a href="#[27]">COMP1_IRQHandler</a> from startup_msp432e401y_uvision.o(.text) referenced from startup_msp432e401y_uvision.o(RESET)
 <LI><a href="#[28]">COMP2_IRQHandler</a> from startup_msp432e401y_uvision.o(.text) referenced from startup_msp432e401y_uvision.o(RESET)
 <LI><a href="#[68]">DES0_IRQHandler</a> from startup_msp432e401y_uvision.o(.text) referenced from startup_msp432e401y_uvision.o(RESET)
 <LI><a href="#[a]">DebugMon_Handler</a> from startup_msp432e401y_uvision.o(.text) referenced from startup_msp432e401y_uvision.o(RESET)
 <LI><a href="#[35]">EMAC0_IRQHandler</a> from startup_msp432e401y_uvision.o(.text) referenced from startup_msp432e401y_uvision.o(RESET)
 <LI><a href="#[3f]">EPI0_IRQHandler</a> from startup_msp432e401y_uvision.o(.text) referenced from startup_msp432e401y_uvision.o(RESET)
 <LI><a href="#[2a]">FLASH_IRQHandler</a> from startup_msp432e401y_uvision.o(.text) referenced from startup_msp432e401y_uvision.o(RESET)
 <LI><a href="#[d]">GPIOA_IRQHandler</a> from startup_msp432e401y_uvision.o(.text) referenced from startup_msp432e401y_uvision.o(RESET)
 <LI><a href="#[e]">GPIOB_IRQHandler</a> from startup_msp432e401y_uvision.o(.text) referenced from startup_msp432e401y_uvision.o(RESET)
 <LI><a href="#[f]">GPIOC_IRQHandler</a> from startup_msp432e401y_uvision.o(.text) referenced from startup_msp432e401y_uvision.o(RESET)
 <LI><a href="#[10]">GPIOD_IRQHandler</a> from startup_msp432e401y_uvision.o(.text) referenced from startup_msp432e401y_uvision.o(RESET)
 <LI><a href="#[11]">GPIOE_IRQHandler</a> from startup_msp432e401y_uvision.o(.text) referenced from startup_msp432e401y_uvision.o(RESET)
 <LI><a href="#[2b]">GPIOF_IRQHandler</a> from startup_msp432e401y_uvision.o(.text) referenced from startup_msp432e401y_uvision.o(RESET)
 <LI><a href="#[2c]">GPIOG_IRQHandler</a> from startup_msp432e401y_uvision.o(.text) referenced from startup_msp432e401y_uvision.o(RESET)
 <LI><a href="#[2d]">GPIOH_IRQHandler</a> from startup_msp432e401y_uvision.o(.text) referenced from startup_msp432e401y_uvision.o(RESET)
 <LI><a href="#[40]">GPIOJ_IRQHandler</a> from startstop.o(i.GPIOJ_IRQHandler) referenced from startup_msp432e401y_uvision.o(RESET)
 <LI><a href="#[41]">GPIOK_IRQHandler</a> from startup_msp432e401y_uvision.o(.text) referenced from startup_msp432e401y_uvision.o(RESET)
 <LI><a href="#[42]">GPIOL_IRQHandler</a> from startup_msp432e401y_uvision.o(.text) referenced from startup_msp432e401y_uvision.o(RESET)
 <LI><a href="#[53]">GPIOM_IRQHandler</a> from startup_msp432e401y_uvision.o(.text) referenced from startup_msp432e401y_uvision.o(RESET)
 <LI><a href="#[54]">GPION_IRQHandler</a> from startup_msp432e401y_uvision.o(.text) referenced from startup_msp432e401y_uvision.o(RESET)
 <LI><a href="#[56]">GPIOP0_IRQHandler</a> from startup_msp432e401y_uvision.o(.text) referenced from startup_msp432e401y_uvision.o(RESET)
 <LI><a href="#[57]">GPIOP1_IRQHandler</a> from startup_msp432e401y_uvision.o(.text) referenced from startup_msp432e401y_uvision.o(RESET)
 <LI><a href="#[58]">GPIOP2_IRQHandler</a> from startup_msp432e401y_uvision.o(.text) referenced from startup_msp432e401y_uvision.o(RESET)
 <LI><a href="#[59]">GPIOP3_IRQHandler</a> from startup_msp432e401y_uvision.o(.text) referenced from startup_msp432e401y_uvision.o(RESET)
 <LI><a href="#[5a]">GPIOP4_IRQHandler</a> from startup_msp432e401y_uvision.o(.text) referenced from startup_msp432e401y_uvision.o(RESET)
 <LI><a href="#[5b]">GPIOP5_IRQHandler</a> from startup_msp432e401y_uvision.o(.text) referenced from startup_msp432e401y_uvision.o(RESET)
 <LI><a href="#[5c]">GPIOP6_IRQHandler</a> from startup_msp432e401y_uvision.o(.text) referenced from startup_msp432e401y_uvision.o(RESET)
 <LI><a href="#[5d]">GPIOP7_IRQHandler</a> from startup_msp432e401y_uvision.o(.text) referenced from startup_msp432e401y_uvision.o(RESET)
 <LI><a href="#[5e]">GPIOQ0_IRQHandler</a> from startup_msp432e401y_uvision.o(.text) referenced from startup_msp432e401y_uvision.o(RESET)
 <LI><a href="#[5f]">GPIOQ1_IRQHandler</a> from startup_msp432e401y_uvision.o(.text) referenced from startup_msp432e401y_uvision.o(RESET)
 <LI><a href="#[60]">GPIOQ2_IRQHandler</a> from startup_msp432e401y_uvision.o(.text) referenced from startup_msp432e401y_uvision.o(RESET)
 <LI><a href="#[61]">GPIOQ3_IRQHandler</a> from startup_msp432e401y_uvision.o(.text) referenced from startup_msp432e401y_uvision.o(RESET)
 <LI><a href="#[62]">GPIOQ4_IRQHandler</a> from startup_msp432e401y_uvision.o(.text) referenced from startup_msp432e401y_uvision.o(RESET)
 <LI><a href="#[63]">GPIOQ5_IRQHandler</a> from startup_msp432e401y_uvision.o(.text) referenced from startup_msp432e401y_uvision.o(RESET)
 <LI><a href="#[64]">GPIOQ6_IRQHandler</a> from startup_msp432e401y_uvision.o(.text) referenced from startup_msp432e401y_uvision.o(RESET)
 <LI><a href="#[65]">GPIOQ7_IRQHandler</a> from startup_msp432e401y_uvision.o(.text) referenced from startup_msp432e401y_uvision.o(RESET)
 <LI><a href="#[36]">HIBERNATE_IRQHandler</a> from startup_msp432e401y_uvision.o(.text) referenced from startup_msp432e401y_uvision.o(RESET)
 <LI><a href="#[5]">HardFault_Handler</a> from startup_msp432e401y_uvision.o(.text) referenced from startup_msp432e401y_uvision.o(RESET)
 <LI><a href="#[15]">I2C0_IRQHandler</a> from startup_msp432e401y_uvision.o(.text) referenced from startup_msp432e401y_uvision.o(RESET)
 <LI><a href="#[32]">I2C1_IRQHandler</a> from startup_msp432e401y_uvision.o(.text) referenced from startup_msp432e401y_uvision.o(RESET)
 <LI><a href="#[4a]">I2C2_IRQHandler</a> from startup_msp432e401y_uvision.o(.text) referenced from startup_msp432e401y_uvision.o(RESET)
 <LI><a href="#[4b]">I2C3_IRQHandler</a> from startup_msp432e401y_uvision.o(.text) referenced from startup_msp432e401y_uvision.o(RESET)
 <LI><a href="#[51]">I2C4_IRQHandler</a> from startup_msp432e401y_uvision.o(.text) referenced from startup_msp432e401y_uvision.o(RESET)
 <LI><a href="#[52]">I2C5_IRQHandler</a> from startup_msp432e401y_uvision.o(.text) referenced from startup_msp432e401y_uvision.o(RESET)
 <LI><a href="#[6d]">I2C6_IRQHandler</a> from startup_msp432e401y_uvision.o(.text) referenced from startup_msp432e401y_uvision.o(RESET)
 <LI><a href="#[6e]">I2C7_IRQHandler</a> from startup_msp432e401y_uvision.o(.text) referenced from startup_msp432e401y_uvision.o(RESET)
 <LI><a href="#[6f]">I2C8_IRQHandler</a> from startup_msp432e401y_uvision.o(.text) referenced from startup_msp432e401y_uvision.o(RESET)
 <LI><a href="#[70]">I2C9_IRQHandler</a> from startup_msp432e401y_uvision.o(.text) referenced from startup_msp432e401y_uvision.o(RESET)
 <LI><a href="#[6]">MemManage_Handler</a> from startup_msp432e401y_uvision.o(.text) referenced from startup_msp432e401y_uvision.o(RESET)
 <LI><a href="#[4]">NMI_Handler</a> from startup_msp432e401y_uvision.o(.text) referenced from startup_msp432e401y_uvision.o(RESET)
 <LI><a href="#[17]">PWM0_0_IRQHandler</a> from startup_msp432e401y_uvision.o(.text) referenced from startup_msp432e401y_uvision.o(RESET)
 <LI><a href="#[18]">PWM0_1_IRQHandler</a> from startup_msp432e401y_uvision.o(.text) referenced from startup_msp432e401y_uvision.o(RESET)
 <LI><a href="#[19]">PWM0_2_IRQHandler</a> from startup_msp432e401y_uvision.o(.text) referenced from startup_msp432e401y_uvision.o(RESET)
 <LI><a href="#[38]">PWM0_3_IRQHandler</a> from startup_msp432e401y_uvision.o(.text) referenced from startup_msp432e401y_uvision.o(RESET)
 <LI><a href="#[16]">PWM0_FAULT_IRQHandler</a> from startup_msp432e401y_uvision.o(.text) referenced from startup_msp432e401y_uvision.o(RESET)
 <LI><a href="#[b]">PendSV_Handler</a> from startup_msp432e401y_uvision.o(.text) referenced from startup_msp432e401y_uvision.o(RESET)
 <LI><a href="#[1a]">QEI0_IRQHandler</a> from startup_msp432e401y_uvision.o(.text) referenced from startup_msp432e401y_uvision.o(RESET)
 <LI><a href="#[75]">Reset_Handler</a> from startup_msp432e401y_uvision.o(.text) referenced from startup_msp432e401y_uvision.o(RESET)
 <LI><a href="#[66]">SHA0_IRQHandler</a> from startup_msp432e401y_uvision.o(.text) referenced from startup_msp432e401y_uvision.o(RESET)
 <LI><a href="#[14]">SSI0_IRQHandler</a> from startup_msp432e401y_uvision.o(.text) referenced from startup_msp432e401y_uvision.o(RESET)
 <LI><a href="#[2f]">SSI1_IRQHandler</a> from startup_msp432e401y_uvision.o(.text) referenced from startup_msp432e401y_uvision.o(RESET)
 <LI><a href="#[43]">SSI2_IRQHandler</a> from startup_msp432e401y_uvision.o(.text) referenced from startup_msp432e401y_uvision.o(RESET)
 <LI><a href="#[44]">SSI3_IRQHandler</a> from startup_msp432e401y_uvision.o(.text) referenced from startup_msp432e401y_uvision.o(RESET)
 <LI><a href="#[9]">SVC_Handler</a> from startup_msp432e401y_uvision.o(.text) referenced from startup_msp432e401y_uvision.o(RESET)
 <LI><a href="#[29]">SYSCTL_IRQHandler</a> from startup_msp432e401y_uvision.o(.text) referenced from startup_msp432e401y_uvision.o(RESET)
 <LI><a href="#[50]">SYSEXC_IRQHandler</a> from startup_msp432e401y_uvision.o(.text) referenced from startup_msp432e401y_uvision.o(RESET)
 <LI><a href="#[c]">SysTick_Handler</a> from startup_msp432e401y_uvision.o(.text) referenced from startup_msp432e401y_uvision.o(RESET)
 <LI><a href="#[71]">SystemInit</a> from system_msp432e401y.o(i.SystemInit) referenced from startup_msp432e401y_uvision.o(.text)
 <LI><a href="#[55]">TAMPER0_IRQHandler</a> from startup_msp432e401y_uvision.o(.text) referenced from startup_msp432e401y_uvision.o(RESET)
 <LI><a href="#[20]">TIMER0A_IRQHandler</a> from startup_msp432e401y_uvision.o(.text) referenced from startup_msp432e401y_uvision.o(RESET)
 <LI><a href="#[21]">TIMER0B_IRQHandler</a> from startup_msp432e401y_uvision.o(.text) referenced from startup_msp432e401y_uvision.o(RESET)
 <LI><a href="#[22]">TIMER1A_IRQHandler</a> from startup_msp432e401y_uvision.o(.text) referenced from startup_msp432e401y_uvision.o(RESET)
 <LI><a href="#[23]">TIMER1B_IRQHandler</a> from startup_msp432e401y_uvision.o(.text) referenced from startup_msp432e401y_uvision.o(RESET)
 <LI><a href="#[24]">TIMER2A_IRQHandler</a> from startup_msp432e401y_uvision.o(.text) referenced from startup_msp432e401y_uvision.o(RESET)
 <LI><a href="#[25]">TIMER2B_IRQHandler</a> from startup_msp432e401y_uvision.o(.text) referenced from startup_msp432e401y_uvision.o(RESET)
 <LI><a href="#[30]">TIMER3A_IRQHandler</a> from startup_msp432e401y_uvision.o(.text) referenced from startup_msp432e401y_uvision.o(RESET)
 <LI><a href="#[31]">TIMER3B_IRQHandler</a> from startup_msp432e401y_uvision.o(.text) referenced from startup_msp432e401y_uvision.o(RESET)
 <LI><a href="#[4c]">TIMER4A_IRQHandler</a> from startup_msp432e401y_uvision.o(.text) referenced from startup_msp432e401y_uvision.o(RESET)
 <LI><a href="#[4d]">TIMER4B_IRQHandler</a> from startup_msp432e401y_uvision.o(.text) referenced from startup_msp432e401y_uvision.o(RESET)
 <LI><a href="#[4e]">TIMER5A_IRQHandler</a> from startup_msp432e401y_uvision.o(.text) referenced from startup_msp432e401y_uvision.o(RESET)
 <LI><a href="#[4f]">TIMER5B_IRQHandler</a> from startup_msp432e401y_uvision.o(.text) referenced from startup_msp432e401y_uvision.o(RESET)
 <LI><a href="#[69]">TIMER6A_IRQHandler</a> from startup_msp432e401y_uvision.o(.text) referenced from startup_msp432e401y_uvision.o(RESET)
 <LI><a href="#[6a]">TIMER6B_IRQHandler</a> from startup_msp432e401y_uvision.o(.text) referenced from startup_msp432e401y_uvision.o(RESET)
 <LI><a href="#[6b]">TIMER7A_IRQHandler</a> from startup_msp432e401y_uvision.o(.text) referenced from startup_msp432e401y_uvision.o(RESET)
 <LI><a href="#[6c]">TIMER7B_IRQHandler</a> from startup_msp432e401y_uvision.o(.text) referenced from startup_msp432e401y_uvision.o(RESET)
 <LI><a href="#[12]">UART0_IRQHandler</a> from startup_msp432e401y_uvision.o(.text) referenced from startup_msp432e401y_uvision.o(RESET)
 <LI><a href="#[13]">UART1_IRQHandler</a> from startup_msp432e401y_uvision.o(.text) referenced from startup_msp432e401y_uvision.o(RESET)
 <LI><a href="#[2e]">UART2_IRQHandler</a> from startup_msp432e401y_uvision.o(.text) referenced from startup_msp432e401y_uvision.o(RESET)
 <LI><a href="#[45]">UART3_IRQHandler</a> from startup_msp432e401y_uvision.o(.text) referenced from startup_msp432e401y_uvision.o(RESET)
 <LI><a href="#[46]">UART4_IRQHandler</a> from startup_msp432e401y_uvision.o(.text) referenced from startup_msp432e401y_uvision.o(RESET)
 <LI><a href="#[47]">UART5_IRQHandler</a> from startup_msp432e401y_uvision.o(.text) referenced from startup_msp432e401y_uvision.o(RESET)
 <LI><a href="#[48]">UART6_IRQHandler</a> from startup_msp432e401y_uvision.o(.text) referenced from startup_msp432e401y_uvision.o(RESET)
 <LI><a href="#[49]">UART7_IRQHandler</a> from startup_msp432e401y_uvision.o(.text) referenced from startup_msp432e401y_uvision.o(RESET)
 <LI><a href="#[3a]">UDMAERR_IRQHandler</a> from startup_msp432e401y_uvision.o(.text) referenced from startup_msp432e401y_uvision.o(RESET)
 <LI><a href="#[39]">UDMA_IRQHandler</a> from startup_msp432e401y_uvision.o(.text) referenced from startup_msp432e401y_uvision.o(RESET)
 <LI><a href="#[37]">USB0_IRQHandler</a> from startup_msp432e401y_uvision.o(.text) referenced from startup_msp432e401y_uvision.o(RESET)
 <LI><a href="#[8]">UsageFault_Handler</a> from startup_msp432e401y_uvision.o(.text) referenced from startup_msp432e401y_uvision.o(RESET)
 <LI><a href="#[1f]">WATCHDOG_IRQHandler</a> from startup_msp432e401y_uvision.o(.text) referenced from startup_msp432e401y_uvision.o(RESET)
 <LI><a href="#[76]">__main</a> from __main.o(!!!main) referenced from startup_msp432e401y_uvision.o(.text)
 <LI><a href="#[74]">_printf_input_char</a> from _printf_char_common.o(.text) referenced from _printf_char_common.o(.text)
 <LI><a href="#[73]">_sputc</a> from _sputc.o(.text) referenced from noretval__2sprintf.o(.text)
</UL>
<P>
<H3>
Global Symbols
</H3>
<P><STRONG><a name="[76]"></a>__main</STRONG> (Thumb, 8 bytes, Stack size 0 bytes, __main.o(!!!main))
<BR><BR>[Calls]<UL><LI><a href="#[78]">&gt;&gt;</a>&nbsp;&nbsp;&nbsp;__scatterload
<LI><a href="#[79]">&gt;&gt;</a>&nbsp;&nbsp;&nbsp;__rt_entry
</UL>

<P><STRONG><a name="[78]"></a>__scatterload</STRONG> (Thumb, 0 bytes, Stack size unknown bytes, __scatter.o(!!!scatter))
<BR><BR>[Called By]<UL><LI><a href="#[76]">&gt;&gt;</a>&nbsp;&nbsp;&nbsp;__main
</UL>

<P><STRONG><a name="[7a]"></a>__scatterload_rt2</STRONG> (Thumb, 44 bytes, Stack size unknown bytes, __scatter.o(!!!scatter), UNUSED)
<BR><BR>[Calls]<UL><LI><a href="#[79]">&gt;&gt;</a>&nbsp;&nbsp;&nbsp;__rt_entry
</UL>

<P><STRONG><a name="[e3]"></a>__scatterload_rt2_thumb_only</STRONG> (Thumb, 0 bytes, Stack size unknown bytes, __scatter.o(!!!scatter), UNUSED)

<P><STRONG><a name="[e4]"></a>__scatterload_null</STRONG> (Thumb, 0 bytes, Stack size unknown bytes, __scatter.o(!!!scatter), UNUSED)

<P><STRONG><a name="[7b]"></a>__scatterload_copy</STRONG> (Thumb, 26 bytes, Stack size unknown bytes, __scatter_copy.o(!!handler_copy), UNUSED)
<BR><BR>[Calls]<UL><LI><a href="#[7b]">&gt;&gt;</a>&nbsp;&nbsp;&nbsp;__scatterload_copy
</UL>
<BR>[Called By]<UL><LI><a href="#[7b]">&gt;&gt;</a>&nbsp;&nbsp;&nbsp;__scatterload_copy
</UL>

<P><STRONG><a name="[e5]"></a>__scatterload_zeroinit</STRONG> (Thumb, 28 bytes, Stack size unknown bytes, __scatter_zi.o(!!handler_zi), UNUSED)

<P><STRONG><a name="[7c]"></a>_printf_f</STRONG> (Thumb, 0 bytes, Stack size unknown bytes, _printf_f.o(.ARM.Collect$$_printf_percent$$00000003))
<BR><BR>[Stack]<UL><LI>Max Depth = 324 + Unknown Stack Size
<LI>Call Chain = _printf_f &rArr; _printf_fp_dec &rArr; _printf_fp_dec_real &rArr; _fp_digits &rArr; _btod_etento &rArr; _btod_emul &rArr; _e2e
</UL>
<BR>[Calls]<UL><LI><a href="#[7d]">&gt;&gt;</a>&nbsp;&nbsp;&nbsp;_printf_fp_dec
</UL>

<P><STRONG><a name="[97]"></a>_printf_percent</STRONG> (Thumb, 0 bytes, Stack size unknown bytes, _printf_percent.o(.ARM.Collect$$_printf_percent$$00000000))
<BR><BR>[Called By]<UL><LI><a href="#[96]">&gt;&gt;</a>&nbsp;&nbsp;&nbsp;__printf
</UL>

<P><STRONG><a name="[7e]"></a>_printf_d</STRONG> (Thumb, 0 bytes, Stack size unknown bytes, _printf_d.o(.ARM.Collect$$_printf_percent$$00000009))
<BR><BR>[Stack]<UL><LI>Max Depth = 56 + Unknown Stack Size
<LI>Call Chain = _printf_d &rArr; _printf_int_dec &rArr; _printf_int_common
</UL>
<BR>[Calls]<UL><LI><a href="#[7f]">&gt;&gt;</a>&nbsp;&nbsp;&nbsp;_printf_int_dec
</UL>

<P><STRONG><a name="[80]"></a>_printf_u</STRONG> (Thumb, 0 bytes, Stack size unknown bytes, _printf_u.o(.ARM.Collect$$_printf_percent$$0000000A))
<BR><BR>[Stack]<UL><LI>Max Depth = 56 + Unknown Stack Size
<LI>Call Chain = _printf_u &rArr; _printf_int_dec &rArr; _printf_int_common
</UL>
<BR>[Calls]<UL><LI><a href="#[7f]">&gt;&gt;</a>&nbsp;&nbsp;&nbsp;_printf_int_dec
</UL>

<P><STRONG><a name="[81]"></a>_printf_x</STRONG> (Thumb, 0 bytes, Stack size unknown bytes, _printf_x.o(.ARM.Collect$$_printf_percent$$0000000C))
<BR><BR>[Stack]<UL><LI>Max Depth = 48 + Unknown Stack Size
<LI>Call Chain = _printf_x &rArr; _printf_int_hex &rArr; _printf_int_common
</UL>
<BR>[Calls]<UL><LI><a href="#[82]">&gt;&gt;</a>&nbsp;&nbsp;&nbsp;_printf_int_hex
</UL>

<P><STRONG><a name="[e6]"></a>_printf_percent_end</STRONG> (Thumb, 0 bytes, Stack size unknown bytes, _printf_percent_end.o(.ARM.Collect$$_printf_percent$$00000017))

<P><STRONG><a name="[8c]"></a>__rt_lib_init</STRONG> (Thumb, 0 bytes, Stack size unknown bytes, libinit.o(.ARM.Collect$$libinit$$00000000))
<BR><BR>[Called By]<UL><LI><a href="#[8b]">&gt;&gt;</a>&nbsp;&nbsp;&nbsp;__rt_entry_li
</UL>

<P><STRONG><a name="[83]"></a>__rt_lib_init_fp_1</STRONG> (Thumb, 0 bytes, Stack size unknown bytes, libinit2.o(.ARM.Collect$$libinit$$00000001))
<BR><BR>[Calls]<UL><LI><a href="#[84]">&gt;&gt;</a>&nbsp;&nbsp;&nbsp;_fp_init
</UL>

<P><STRONG><a name="[e7]"></a>__rt_lib_init_heap_1</STRONG> (Thumb, 0 bytes, Stack size unknown bytes, libinit2.o(.ARM.Collect$$libinit$$0000000A))

<P><STRONG><a name="[85]"></a>__rt_lib_init_lc_common</STRONG> (Thumb, 0 bytes, Stack size unknown bytes, libinit2.o(.ARM.Collect$$libinit$$0000000F))
<BR><BR>[Calls]<UL><LI><a href="#[86]">&gt;&gt;</a>&nbsp;&nbsp;&nbsp;__rt_locale
</UL>

<P><STRONG><a name="[e8]"></a>__rt_lib_init_preinit_1</STRONG> (Thumb, 0 bytes, Stack size unknown bytes, libinit2.o(.ARM.Collect$$libinit$$00000004))

<P><STRONG><a name="[e9]"></a>__rt_lib_init_rand_1</STRONG> (Thumb, 0 bytes, Stack size unknown bytes, libinit2.o(.ARM.Collect$$libinit$$0000000E))

<P><STRONG><a name="[ea]"></a>__rt_lib_init_user_alloc_1</STRONG> (Thumb, 0 bytes, Stack size unknown bytes, libinit2.o(.ARM.Collect$$libinit$$0000000C))

<P><STRONG><a name="[eb]"></a>__rt_lib_init_lc_collate_1</STRONG> (Thumb, 0 bytes, Stack size unknown bytes, libinit2.o(.ARM.Collect$$libinit$$00000011))

<P><STRONG><a name="[ec]"></a>__rt_lib_init_lc_ctype_1</STRONG> (Thumb, 0 bytes, Stack size unknown bytes, libinit2.o(.ARM.Collect$$libinit$$00000013))

<P><STRONG><a name="[ed]"></a>__rt_lib_init_lc_monetary_1</STRONG> (Thumb, 0 bytes, Stack size unknown bytes, libinit2.o(.ARM.Collect$$libinit$$00000015))

<P><STRONG><a name="[87]"></a>__rt_lib_init_lc_numeric_2</STRONG> (Thumb, 0 bytes, Stack size unknown bytes, libinit2.o(.ARM.Collect$$libinit$$00000016))
<BR><BR>[Stack]<UL><LI>Max Depth = 8 + Unknown Stack Size
<LI>Call Chain = __rt_lib_init_lc_numeric_2 &rArr; _get_lc_numeric
</UL>
<BR>[Calls]<UL><LI><a href="#[88]">&gt;&gt;</a>&nbsp;&nbsp;&nbsp;_get_lc_numeric
</UL>

<P><STRONG><a name="[ee]"></a>__rt_lib_init_alloca_1</STRONG> (Thumb, 0 bytes, Stack size unknown bytes, libinit2.o(.ARM.Collect$$libinit$$0000002E))

<P><STRONG><a name="[ef]"></a>__rt_lib_init_argv_1</STRONG> (Thumb, 0 bytes, Stack size unknown bytes, libinit2.o(.ARM.Collect$$libinit$$0000002C))

<P><STRONG><a name="[f0]"></a>__rt_lib_init_atexit_1</STRONG> (Thumb, 0 bytes, Stack size unknown bytes, libinit2.o(.ARM.Collect$$libinit$$0000001B))

<P><STRONG><a name="[f1]"></a>__rt_lib_init_clock_1</STRONG> (Thumb, 0 bytes, Stack size unknown bytes, libinit2.o(.ARM.Collect$$libinit$$00000021))

<P><STRONG><a name="[f2]"></a>__rt_lib_init_cpp_1</STRONG> (Thumb, 0 bytes, Stack size unknown bytes, libinit2.o(.ARM.Collect$$libinit$$00000032))

<P><STRONG><a name="[f3]"></a>__rt_lib_init_exceptions_1</STRONG> (Thumb, 0 bytes, Stack size unknown bytes, libinit2.o(.ARM.Collect$$libinit$$00000030))

<P><STRONG><a name="[f4]"></a>__rt_lib_init_fp_trap_1</STRONG> (Thumb, 0 bytes, Stack size unknown bytes, libinit2.o(.ARM.Collect$$libinit$$0000001F))

<P><STRONG><a name="[f5]"></a>__rt_lib_init_getenv_1</STRONG> (Thumb, 0 bytes, Stack size unknown bytes, libinit2.o(.ARM.Collect$$libinit$$00000023))

<P><STRONG><a name="[f6]"></a>__rt_lib_init_lc_numeric_1</STRONG> (Thumb, 0 bytes, Stack size unknown bytes, libinit2.o(.ARM.Collect$$libinit$$00000017))

<P><STRONG><a name="[f7]"></a>__rt_lib_init_lc_time_1</STRONG> (Thumb, 0 bytes, Stack size unknown bytes, libinit2.o(.ARM.Collect$$libinit$$00000019))

<P><STRONG><a name="[f8]"></a>__rt_lib_init_return</STRONG> (Thumb, 0 bytes, Stack size unknown bytes, libinit2.o(.ARM.Collect$$libinit$$00000033))

<P><STRONG><a name="[f9]"></a>__rt_lib_init_signal_1</STRONG> (Thumb, 0 bytes, Stack size unknown bytes, libinit2.o(.ARM.Collect$$libinit$$0000001D))

<P><STRONG><a name="[fa]"></a>__rt_lib_init_stdio_1</STRONG> (Thumb, 0 bytes, Stack size unknown bytes, libinit2.o(.ARM.Collect$$libinit$$00000025))

<P><STRONG><a name="[91]"></a>__rt_lib_shutdown</STRONG> (Thumb, 0 bytes, Stack size unknown bytes, libshutdown.o(.ARM.Collect$$libshutdown$$00000000))
<BR><BR>[Called By]<UL><LI><a href="#[90]">&gt;&gt;</a>&nbsp;&nbsp;&nbsp;__rt_exit_ls
</UL>

<P><STRONG><a name="[fb]"></a>__rt_lib_shutdown_cpp_1</STRONG> (Thumb, 0 bytes, Stack size unknown bytes, libshutdown2.o(.ARM.Collect$$libshutdown$$00000002))

<P><STRONG><a name="[fc]"></a>__rt_lib_shutdown_fp_trap_1</STRONG> (Thumb, 0 bytes, Stack size unknown bytes, libshutdown2.o(.ARM.Collect$$libshutdown$$00000007))

<P><STRONG><a name="[fd]"></a>__rt_lib_shutdown_heap_1</STRONG> (Thumb, 0 bytes, Stack size unknown bytes, libshutdown2.o(.ARM.Collect$$libshutdown$$0000000F))

<P><STRONG><a name="[fe]"></a>__rt_lib_shutdown_return</STRONG> (Thumb, 0 bytes, Stack size unknown bytes, libshutdown2.o(.ARM.Collect$$libshutdown$$00000010))

<P><STRONG><a name="[ff]"></a>__rt_lib_shutdown_signal_1</STRONG> (Thumb, 0 bytes, Stack size unknown bytes, libshutdown2.o(.ARM.Collect$$libshutdown$$0000000A))

<P><STRONG><a name="[100]"></a>__rt_lib_shutdown_stdio_1</STRONG> (Thumb, 0 bytes, Stack size unknown bytes, libshutdown2.o(.ARM.Collect$$libshutdown$$00000004))

<P><STRONG><a name="[101]"></a>__rt_lib_shutdown_user_alloc_1</STRONG> (Thumb, 0 bytes, Stack size unknown bytes, libshutdown2.o(.ARM.Collect$$libshutdown$$0000000C))

<P><STRONG><a name="[79]"></a>__rt_entry</STRONG> (Thumb, 0 bytes, Stack size unknown bytes, __rtentry.o(.ARM.Collect$$rtentry$$00000000))
<BR><BR>[Called By]<UL><LI><a href="#[7a]">&gt;&gt;</a>&nbsp;&nbsp;&nbsp;__scatterload_rt2
<LI><a href="#[76]">&gt;&gt;</a>&nbsp;&nbsp;&nbsp;__main
</UL>

<P><STRONG><a name="[102]"></a>__rt_entry_presh_1</STRONG> (Thumb, 0 bytes, Stack size unknown bytes, __rtentry2.o(.ARM.Collect$$rtentry$$00000002))

<P><STRONG><a name="[89]"></a>__rt_entry_sh</STRONG> (Thumb, 0 bytes, Stack size unknown bytes, __rtentry4.o(.ARM.Collect$$rtentry$$00000004))
<BR><BR>[Stack]<UL><LI>Max Depth = 8 + Unknown Stack Size
<LI>Call Chain = __rt_entry_sh &rArr; __user_setup_stackheap
</UL>
<BR>[Calls]<UL><LI><a href="#[8a]">&gt;&gt;</a>&nbsp;&nbsp;&nbsp;__user_setup_stackheap
</UL>

<P><STRONG><a name="[8b]"></a>__rt_entry_li</STRONG> (Thumb, 0 bytes, Stack size unknown bytes, __rtentry2.o(.ARM.Collect$$rtentry$$0000000A))
<BR><BR>[Calls]<UL><LI><a href="#[8c]">&gt;&gt;</a>&nbsp;&nbsp;&nbsp;__rt_lib_init
</UL>

<P><STRONG><a name="[103]"></a>__rt_entry_postsh_1</STRONG> (Thumb, 0 bytes, Stack size unknown bytes, __rtentry2.o(.ARM.Collect$$rtentry$$00000009))

<P><STRONG><a name="[8d]"></a>__rt_entry_main</STRONG> (Thumb, 0 bytes, Stack size unknown bytes, __rtentry2.o(.ARM.Collect$$rtentry$$0000000D))
<BR><BR>[Stack]<UL><LI>Max Depth = 200 + Unknown Stack Size
<LI>Call Chain = __rt_entry_main &rArr; main &rArr; lidar_Init &rArr; VL53L1X_SensorInit &rArr; Status_Check &rArr; __2sprintf &rArr; _printf_char_common &rArr; __printf
</UL>
<BR>[Calls]<UL><LI><a href="#[8e]">&gt;&gt;</a>&nbsp;&nbsp;&nbsp;main
<LI><a href="#[8f]">&gt;&gt;</a>&nbsp;&nbsp;&nbsp;exit
</UL>

<P><STRONG><a name="[104]"></a>__rt_entry_postli_1</STRONG> (Thumb, 0 bytes, Stack size unknown bytes, __rtentry2.o(.ARM.Collect$$rtentry$$0000000C))

<P><STRONG><a name="[a3]"></a>__rt_exit</STRONG> (Thumb, 0 bytes, Stack size unknown bytes, rtexit.o(.ARM.Collect$$rtexit$$00000000))
<BR><BR>[Called By]<UL><LI><a href="#[8f]">&gt;&gt;</a>&nbsp;&nbsp;&nbsp;exit
</UL>

<P><STRONG><a name="[90]"></a>__rt_exit_ls</STRONG> (Thumb, 0 bytes, Stack size unknown bytes, rtexit2.o(.ARM.Collect$$rtexit$$00000003))
<BR><BR>[Calls]<UL><LI><a href="#[91]">&gt;&gt;</a>&nbsp;&nbsp;&nbsp;__rt_lib_shutdown
</UL>

<P><STRONG><a name="[105]"></a>__rt_exit_prels_1</STRONG> (Thumb, 0 bytes, Stack size unknown bytes, rtexit2.o(.ARM.Collect$$rtexit$$00000002))

<P><STRONG><a name="[92]"></a>__rt_exit_exit</STRONG> (Thumb, 0 bytes, Stack size unknown bytes, rtexit2.o(.ARM.Collect$$rtexit$$00000004))
<BR><BR>[Calls]<UL><LI><a href="#[93]">&gt;&gt;</a>&nbsp;&nbsp;&nbsp;_sys_exit
</UL>

<P><STRONG><a name="[75]"></a>Reset_Handler</STRONG> (Thumb, 8 bytes, Stack size 0 bytes, startup_msp432e401y_uvision.o(.text))

<P><STRONG><a name="[4]"></a>NMI_Handler</STRONG> (Thumb, 2 bytes, Stack size 0 bytes, startup_msp432e401y_uvision.o(.text))
<BR><BR>[Calls]<UL><LI><a href="#[4]">&gt;&gt;</a>&nbsp;&nbsp;&nbsp;NMI_Handler
</UL>
<BR>[Called By]<UL><LI><a href="#[4]">&gt;&gt;</a>&nbsp;&nbsp;&nbsp;NMI_Handler
</UL>
<BR>[Address Reference Count : 1]<UL><LI> startup_msp432e401y_uvision.o(RESET)
</UL>
<P><STRONG><a name="[5]"></a>HardFault_Handler</STRONG> (Thumb, 2 bytes, Stack size 0 bytes, startup_msp432e401y_uvision.o(.text))
<BR><BR>[Calls]<UL><LI><a href="#[5]">&gt;&gt;</a>&nbsp;&nbsp;&nbsp;HardFault_Handler
</UL>
<BR>[Called By]<UL><LI><a href="#[5]">&gt;&gt;</a>&nbsp;&nbsp;&nbsp;HardFault_Handler
</UL>
<BR>[Address Reference Count : 1]<UL><LI> startup_msp432e401y_uvision.o(RESET)
</UL>
<P><STRONG><a name="[6]"></a>MemManage_Handler</STRONG> (Thumb, 2 bytes, Stack size 0 bytes, startup_msp432e401y_uvision.o(.text))
<BR><BR>[Calls]<UL><LI><a href="#[6]">&gt;&gt;</a>&nbsp;&nbsp;&nbsp;MemManage_Handler
</UL>
<BR>[Called By]<UL><LI><a href="#[6]">&gt;&gt;</a>&nbsp;&nbsp;&nbsp;MemManage_Handler
</UL>
<BR>[Address Reference Count : 1]<UL><LI> startup_msp432e401y_uvision.o(RESET)
</UL>
<P><STRONG><a name="[7]"></a>BusFault_Handler</STRONG> (Thumb, 2 bytes, Stack size 0 bytes, startup_msp432e401y_uvision.o(.text))
<BR><BR>[Calls]<UL><LI><a href="#[7]">&gt;&gt;</a>&nbsp;&nbsp;&nbsp;BusFault_Handler
</UL>
<BR>[Called By]<UL><LI><a href="#[7]">&gt;&gt;</a>&nbsp;&nbsp;&nbsp;BusFault_Handler
</UL>
<BR>[Address Reference Count : 1]<UL><LI> startup_msp432e401y_uvision.o(RESET)
</UL>
<P><STRONG><a name="[8]"></a>UsageFault_Handler</STRONG> (Thumb, 2 bytes, Stack size 0 bytes, startup_msp432e401y_uvision.o(.text))
<BR><BR>[Calls]<UL><LI><a href="#[8]">&gt;&gt;</a>&nbsp;&nbsp;&nbsp;UsageFault_Handler
</UL>
<BR>[Called By]<UL><LI><a href="#[8]">&gt;&gt;</a>&nbsp;&nbsp;&nbsp;UsageFault_Handler
</UL>
<BR>[Address Reference Count : 1]<UL><LI> startup_msp432e401y_uvision.o(RESET)
</UL>
<P><STRONG><a name="[9]"></a>SVC_Handler</STRONG> (Thumb, 2 bytes, Stack size 0 bytes, startup_msp432e401y_uvision.o(.text))
<BR><BR>[Calls]<UL><LI><a href="#[9]">&gt;&gt;</a>&nbsp;&nbsp;&nbsp;SVC_Handler
</UL>
<BR>[Called By]<UL><LI><a href="#[9]">&gt;&gt;</a>&nbsp;&nbsp;&nbsp;SVC_Handler
</UL>
<BR>[Address Reference Count : 1]<UL><LI> startup_msp432e401y_uvision.o(RESET)
</UL>
<P><STRONG><a name="[a]"></a>DebugMon_Handler</STRONG> (Thumb, 2 bytes, Stack size 0 bytes, startup_msp432e401y_uvision.o(.text))
<BR><BR>[Calls]<UL><LI><a href="#[a]">&gt;&gt;</a>&nbsp;&nbsp;&nbsp;DebugMon_Handler
</UL>
<BR>[Called By]<UL><LI><a href="#[a]">&gt;&gt;</a>&nbsp;&nbsp;&nbsp;DebugMon_Handler
</UL>
<BR>[Address Reference Count : 1]<UL><LI> startup_msp432e401y_uvision.o(RESET)
</UL>
<P><STRONG><a name="[b]"></a>PendSV_Handler</STRONG> (Thumb, 2 bytes, Stack size 0 bytes, startup_msp432e401y_uvision.o(.text))
<BR><BR>[Calls]<UL><LI><a href="#[b]">&gt;&gt;</a>&nbsp;&nbsp;&nbsp;PendSV_Handler
</UL>
<BR>[Called By]<UL><LI><a href="#[b]">&gt;&gt;</a>&nbsp;&nbsp;&nbsp;PendSV_Handler
</UL>
<BR>[Address Reference Count : 1]<UL><LI> startup_msp432e401y_uvision.o(RESET)
</UL>
<P><STRONG><a name="[c]"></a>SysTick_Handler</STRONG> (Thumb, 2 bytes, Stack size 0 bytes, startup_msp432e401y_uvision.o(.text))
<BR><BR>[Calls]<UL><LI><a href="#[c]">&gt;&gt;</a>&nbsp;&nbsp;&nbsp;SysTick_Handler
</UL>
<BR>[Called By]<UL><LI><a href="#[c]">&gt;&gt;</a>&nbsp;&nbsp;&nbsp;SysTick_Handler
</UL>
<BR>[Address Reference Count : 1]<UL><LI> startup_msp432e401y_uvision.o(RESET)
</UL>
<P><STRONG><a name="[1b]"></a>ADC0SS0_IRQHandler</STRONG> (Thumb, 0 bytes, Stack size 0 bytes, startup_msp432e401y_uvision.o(.text))
<BR><BR>[Calls]<UL><LI><a href="#[1b]">&gt;&gt;</a>&nbsp;&nbsp;&nbsp;ADC0SS0_IRQHandler
</UL>
<BR>[Called By]<UL><LI><a href="#[1b]">&gt;&gt;</a>&nbsp;&nbsp;&nbsp;ADC0SS0_IRQHandler
</UL>
<BR>[Address Reference Count : 1]<UL><LI> startup_msp432e401y_uvision.o(RESET)
</UL>
<P><STRONG><a name="[1c]"></a>ADC0SS1_IRQHandler</STRONG> (Thumb, 0 bytes, Stack size 0 bytes, startup_msp432e401y_uvision.o(.text))
<BR>[Address Reference Count : 1]<UL><LI> startup_msp432e401y_uvision.o(RESET)
</UL>
<P><STRONG><a name="[1d]"></a>ADC0SS2_IRQHandler</STRONG> (Thumb, 0 bytes, Stack size 0 bytes, startup_msp432e401y_uvision.o(.text))
<BR>[Address Reference Count : 1]<UL><LI> startup_msp432e401y_uvision.o(RESET)
</UL>
<P><STRONG><a name="[1e]"></a>ADC0SS3_IRQHandler</STRONG> (Thumb, 0 bytes, Stack size 0 bytes, startup_msp432e401y_uvision.o(.text))
<BR>[Address Reference Count : 1]<UL><LI> startup_msp432e401y_uvision.o(RESET)
</UL>
<P><STRONG><a name="[3b]"></a>ADC1SS0_IRQHandler</STRONG> (Thumb, 0 bytes, Stack size 0 bytes, startup_msp432e401y_uvision.o(.text))
<BR>[Address Reference Count : 1]<UL><LI> startup_msp432e401y_uvision.o(RESET)
</UL>
<P><STRONG><a name="[3c]"></a>ADC1SS1_IRQHandler</STRONG> (Thumb, 0 bytes, Stack size 0 bytes, startup_msp432e401y_uvision.o(.text))
<BR>[Address Reference Count : 1]<UL><LI> startup_msp432e401y_uvision.o(RESET)
</UL>
<P><STRONG><a name="[3d]"></a>ADC1SS2_IRQHandler</STRONG> (Thumb, 0 bytes, Stack size 0 bytes, startup_msp432e401y_uvision.o(.text))
<BR>[Address Reference Count : 1]<UL><LI> startup_msp432e401y_uvision.o(RESET)
</UL>
<P><STRONG><a name="[3e]"></a>ADC1SS3_IRQHandler</STRONG> (Thumb, 0 bytes, Stack size 0 bytes, startup_msp432e401y_uvision.o(.text))
<BR>[Address Reference Count : 1]<UL><LI> startup_msp432e401y_uvision.o(RESET)
</UL>
<P><STRONG><a name="[67]"></a>AES0_IRQHandler</STRONG> (Thumb, 0 bytes, Stack size 0 bytes, startup_msp432e401y_uvision.o(.text))
<BR>[Address Reference Count : 1]<UL><LI> startup_msp432e401y_uvision.o(RESET)
</UL>
<P><STRONG><a name="[33]"></a>CAN0_IRQHandler</STRONG> (Thumb, 0 bytes, Stack size 0 bytes, startup_msp432e401y_uvision.o(.text))
<BR>[Address Reference Count : 1]<UL><LI> startup_msp432e401y_uvision.o(RESET)
</UL>
<P><STRONG><a name="[34]"></a>CAN1_IRQHandler</STRONG> (Thumb, 0 bytes, Stack size 0 bytes, startup_msp432e401y_uvision.o(.text))
<BR>[Address Reference Count : 1]<UL><LI> startup_msp432e401y_uvision.o(RESET)
</UL>
<P><STRONG><a name="[26]"></a>COMP0_IRQHandler</STRONG> (Thumb, 0 bytes, Stack size 0 bytes, startup_msp432e401y_uvision.o(.text))
<BR>[Address Reference Count : 1]<UL><LI> startup_msp432e401y_uvision.o(RESET)
</UL>
<P><STRONG><a name="[27]"></a>COMP1_IRQHandler</STRONG> (Thumb, 0 bytes, Stack size 0 bytes, startup_msp432e401y_uvision.o(.text))
<BR>[Address Reference Count : 1]<UL><LI> startup_msp432e401y_uvision.o(RESET)
</UL>
<P><STRONG><a name="[28]"></a>COMP2_IRQHandler</STRONG> (Thumb, 0 bytes, Stack size 0 bytes, startup_msp432e401y_uvision.o(.text))
<BR>[Address Reference Count : 1]<UL><LI> startup_msp432e401y_uvision.o(RESET)
</UL>
<P><STRONG><a name="[68]"></a>DES0_IRQHandler</STRONG> (Thumb, 0 bytes, Stack size 0 bytes, startup_msp432e401y_uvision.o(.text))
<BR>[Address Reference Count : 1]<UL><LI> startup_msp432e401y_uvision.o(RESET)
</UL>
<P><STRONG><a name="[35]"></a>EMAC0_IRQHandler</STRONG> (Thumb, 0 bytes, Stack size 0 bytes, startup_msp432e401y_uvision.o(.text))
<BR>[Address Reference Count : 1]<UL><LI> startup_msp432e401y_uvision.o(RESET)
</UL>
<P><STRONG><a name="[3f]"></a>EPI0_IRQHandler</STRONG> (Thumb, 0 bytes, Stack size 0 bytes, startup_msp432e401y_uvision.o(.text))
<BR>[Address Reference Count : 1]<UL><LI> startup_msp432e401y_uvision.o(RESET)
</UL>
<P><STRONG><a name="[2a]"></a>FLASH_IRQHandler</STRONG> (Thumb, 0 bytes, Stack size 0 bytes, startup_msp432e401y_uvision.o(.text))
<BR>[Address Reference Count : 1]<UL><LI> startup_msp432e401y_uvision.o(RESET)
</UL>
<P><STRONG><a name="[d]"></a>GPIOA_IRQHandler</STRONG> (Thumb, 0 bytes, Stack size 0 bytes, startup_msp432e401y_uvision.o(.text))
<BR>[Address Reference Count : 1]<UL><LI> startup_msp432e401y_uvision.o(RESET)
</UL>
<P><STRONG><a name="[e]"></a>GPIOB_IRQHandler</STRONG> (Thumb, 0 bytes, Stack size 0 bytes, startup_msp432e401y_uvision.o(.text))
<BR>[Address Reference Count : 1]<UL><LI> startup_msp432e401y_uvision.o(RESET)
</UL>
<P><STRONG><a name="[f]"></a>GPIOC_IRQHandler</STRONG> (Thumb, 0 bytes, Stack size 0 bytes, startup_msp432e401y_uvision.o(.text))
<BR>[Address Reference Count : 1]<UL><LI> startup_msp432e401y_uvision.o(RESET)
</UL>
<P><STRONG><a name="[10]"></a>GPIOD_IRQHandler</STRONG> (Thumb, 0 bytes, Stack size 0 bytes, startup_msp432e401y_uvision.o(.text))
<BR>[Address Reference Count : 1]<UL><LI> startup_msp432e401y_uvision.o(RESET)
</UL>
<P><STRONG><a name="[11]"></a>GPIOE_IRQHandler</STRONG> (Thumb, 0 bytes, Stack size 0 bytes, startup_msp432e401y_uvision.o(.text))
<BR>[Address Reference Count : 1]<UL><LI> startup_msp432e401y_uvision.o(RESET)
</UL>
<P><STRONG><a name="[2b]"></a>GPIOF_IRQHandler</STRONG> (Thumb, 0 bytes, Stack size 0 bytes, startup_msp432e401y_uvision.o(.text))
<BR>[Address Reference Count : 1]<UL><LI> startup_msp432e401y_uvision.o(RESET)
</UL>
<P><STRONG><a name="[2c]"></a>GPIOG_IRQHandler</STRONG> (Thumb, 0 bytes, Stack size 0 bytes, startup_msp432e401y_uvision.o(.text))
<BR>[Address Reference Count : 1]<UL><LI> startup_msp432e401y_uvision.o(RESET)
</UL>
<P><STRONG><a name="[2d]"></a>GPIOH_IRQHandler</STRONG> (Thumb, 0 bytes, Stack size 0 bytes, startup_msp432e401y_uvision.o(.text))
<BR>[Address Reference Count : 1]<UL><LI> startup_msp432e401y_uvision.o(RESET)
</UL>
<P><STRONG><a name="[41]"></a>GPIOK_IRQHandler</STRONG> (Thumb, 0 bytes, Stack size 0 bytes, startup_msp432e401y_uvision.o(.text))
<BR>[Address Reference Count : 1]<UL><LI> startup_msp432e401y_uvision.o(RESET)
</UL>
<P><STRONG><a name="[42]"></a>GPIOL_IRQHandler</STRONG> (Thumb, 0 bytes, Stack size 0 bytes, startup_msp432e401y_uvision.o(.text))
<BR>[Address Reference Count : 1]<UL><LI> startup_msp432e401y_uvision.o(RESET)
</UL>
<P><STRONG><a name="[53]"></a>GPIOM_IRQHandler</STRONG> (Thumb, 0 bytes, Stack size 0 bytes, startup_msp432e401y_uvision.o(.text))
<BR>[Address Reference Count : 1]<UL><LI> startup_msp432e401y_uvision.o(RESET)
</UL>
<P><STRONG><a name="[54]"></a>GPION_IRQHandler</STRONG> (Thumb, 0 bytes, Stack size 0 bytes, startup_msp432e401y_uvision.o(.text))
<BR>[Address Reference Count : 1]<UL><LI> startup_msp432e401y_uvision.o(RESET)
</UL>
<P><STRONG><a name="[56]"></a>GPIOP0_IRQHandler</STRONG> (Thumb, 0 bytes, Stack size 0 bytes, startup_msp432e401y_uvision.o(.text))
<BR>[Address Reference Count : 1]<UL><LI> startup_msp432e401y_uvision.o(RESET)
</UL>
<P><STRONG><a name="[57]"></a>GPIOP1_IRQHandler</STRONG> (Thumb, 0 bytes, Stack size 0 bytes, startup_msp432e401y_uvision.o(.text))
<BR>[Address Reference Count : 1]<UL><LI> startup_msp432e401y_uvision.o(RESET)
</UL>
<P><STRONG><a name="[58]"></a>GPIOP2_IRQHandler</STRONG> (Thumb, 0 bytes, Stack size 0 bytes, startup_msp432e401y_uvision.o(.text))
<BR>[Address Reference Count : 1]<UL><LI> startup_msp432e401y_uvision.o(RESET)
</UL>
<P><STRONG><a name="[59]"></a>GPIOP3_IRQHandler</STRONG> (Thumb, 0 bytes, Stack size 0 bytes, startup_msp432e401y_uvision.o(.text))
<BR>[Address Reference Count : 1]<UL><LI> startup_msp432e401y_uvision.o(RESET)
</UL>
<P><STRONG><a name="[5a]"></a>GPIOP4_IRQHandler</STRONG> (Thumb, 0 bytes, Stack size 0 bytes, startup_msp432e401y_uvision.o(.text))
<BR>[Address Reference Count : 1]<UL><LI> startup_msp432e401y_uvision.o(RESET)
</UL>
<P><STRONG><a name="[5b]"></a>GPIOP5_IRQHandler</STRONG> (Thumb, 0 bytes, Stack size 0 bytes, startup_msp432e401y_uvision.o(.text))
<BR>[Address Reference Count : 1]<UL><LI> startup_msp432e401y_uvision.o(RESET)
</UL>
<P><STRONG><a name="[5c]"></a>GPIOP6_IRQHandler</STRONG> (Thumb, 0 bytes, Stack size 0 bytes, startup_msp432e401y_uvision.o(.text))
<BR>[Address Reference Count : 1]<UL><LI> startup_msp432e401y_uvision.o(RESET)
</UL>
<P><STRONG><a name="[5d]"></a>GPIOP7_IRQHandler</STRONG> (Thumb, 0 bytes, Stack size 0 bytes, startup_msp432e401y_uvision.o(.text))
<BR>[Address Reference Count : 1]<UL><LI> startup_msp432e401y_uvision.o(RESET)
</UL>
<P><STRONG><a name="[5e]"></a>GPIOQ0_IRQHandler</STRONG> (Thumb, 0 bytes, Stack size 0 bytes, startup_msp432e401y_uvision.o(.text))
<BR>[Address Reference Count : 1]<UL><LI> startup_msp432e401y_uvision.o(RESET)
</UL>
<P><STRONG><a name="[5f]"></a>GPIOQ1_IRQHandler</STRONG> (Thumb, 0 bytes, Stack size 0 bytes, startup_msp432e401y_uvision.o(.text))
<BR>[Address Reference Count : 1]<UL><LI> startup_msp432e401y_uvision.o(RESET)
</UL>
<P><STRONG><a name="[60]"></a>GPIOQ2_IRQHandler</STRONG> (Thumb, 0 bytes, Stack size 0 bytes, startup_msp432e401y_uvision.o(.text))
<BR>[Address Reference Count : 1]<UL><LI> startup_msp432e401y_uvision.o(RESET)
</UL>
<P><STRONG><a name="[61]"></a>GPIOQ3_IRQHandler</STRONG> (Thumb, 0 bytes, Stack size 0 bytes, startup_msp432e401y_uvision.o(.text))
<BR>[Address Reference Count : 1]<UL><LI> startup_msp432e401y_uvision.o(RESET)
</UL>
<P><STRONG><a name="[62]"></a>GPIOQ4_IRQHandler</STRONG> (Thumb, 0 bytes, Stack size 0 bytes, startup_msp432e401y_uvision.o(.text))
<BR>[Address Reference Count : 1]<UL><LI> startup_msp432e401y_uvision.o(RESET)
</UL>
<P><STRONG><a name="[63]"></a>GPIOQ5_IRQHandler</STRONG> (Thumb, 0 bytes, Stack size 0 bytes, startup_msp432e401y_uvision.o(.text))
<BR>[Address Reference Count : 1]<UL><LI> startup_msp432e401y_uvision.o(RESET)
</UL>
<P><STRONG><a name="[64]"></a>GPIOQ6_IRQHandler</STRONG> (Thumb, 0 bytes, Stack size 0 bytes, startup_msp432e401y_uvision.o(.text))
<BR>[Address Reference Count : 1]<UL><LI> startup_msp432e401y_uvision.o(RESET)
</UL>
<P><STRONG><a name="[65]"></a>GPIOQ7_IRQHandler</STRONG> (Thumb, 0 bytes, Stack size 0 bytes, startup_msp432e401y_uvision.o(.text))
<BR>[Address Reference Count : 1]<UL><LI> startup_msp432e401y_uvision.o(RESET)
</UL>
<P><STRONG><a name="[36]"></a>HIBERNATE_IRQHandler</STRONG> (Thumb, 0 bytes, Stack size 0 bytes, startup_msp432e401y_uvision.o(.text))
<BR>[Address Reference Count : 1]<UL><LI> startup_msp432e401y_uvision.o(RESET)
</UL>
<P><STRONG><a name="[15]"></a>I2C0_IRQHandler</STRONG> (Thumb, 0 bytes, Stack size 0 bytes, startup_msp432e401y_uvision.o(.text))
<BR>[Address Reference Count : 1]<UL><LI> startup_msp432e401y_uvision.o(RESET)
</UL>
<P><STRONG><a name="[32]"></a>I2C1_IRQHandler</STRONG> (Thumb, 0 bytes, Stack size 0 bytes, startup_msp432e401y_uvision.o(.text))
<BR>[Address Reference Count : 1]<UL><LI> startup_msp432e401y_uvision.o(RESET)
</UL>
<P><STRONG><a name="[4a]"></a>I2C2_IRQHandler</STRONG> (Thumb, 0 bytes, Stack size 0 bytes, startup_msp432e401y_uvision.o(.text))
<BR>[Address Reference Count : 1]<UL><LI> startup_msp432e401y_uvision.o(RESET)
</UL>
<P><STRONG><a name="[4b]"></a>I2C3_IRQHandler</STRONG> (Thumb, 0 bytes, Stack size 0 bytes, startup_msp432e401y_uvision.o(.text))
<BR>[Address Reference Count : 1]<UL><LI> startup_msp432e401y_uvision.o(RESET)
</UL>
<P><STRONG><a name="[51]"></a>I2C4_IRQHandler</STRONG> (Thumb, 0 bytes, Stack size 0 bytes, startup_msp432e401y_uvision.o(.text))
<BR>[Address Reference Count : 1]<UL><LI> startup_msp432e401y_uvision.o(RESET)
</UL>
<P><STRONG><a name="[52]"></a>I2C5_IRQHandler</STRONG> (Thumb, 0 bytes, Stack size 0 bytes, startup_msp432e401y_uvision.o(.text))
<BR>[Address Reference Count : 1]<UL><LI> startup_msp432e401y_uvision.o(RESET)
</UL>
<P><STRONG><a name="[6d]"></a>I2C6_IRQHandler</STRONG> (Thumb, 0 bytes, Stack size 0 bytes, startup_msp432e401y_uvision.o(.text))
<BR>[Address Reference Count : 1]<UL><LI> startup_msp432e401y_uvision.o(RESET)
</UL>
<P><STRONG><a name="[6e]"></a>I2C7_IRQHandler</STRONG> (Thumb, 0 bytes, Stack size 0 bytes, startup_msp432e401y_uvision.o(.text))
<BR>[Address Reference Count : 1]<UL><LI> startup_msp432e401y_uvision.o(RESET)
</UL>
<P><STRONG><a name="[6f]"></a>I2C8_IRQHandler</STRONG> (Thumb, 0 bytes, Stack size 0 bytes, startup_msp432e401y_uvision.o(.text))
<BR>[Address Reference Count : 1]<UL><LI> startup_msp432e401y_uvision.o(RESET)
</UL>
<P><STRONG><a name="[70]"></a>I2C9_IRQHandler</STRONG> (Thumb, 0 bytes, Stack size 0 bytes, startup_msp432e401y_uvision.o(.text))
<BR>[Address Reference Count : 1]<UL><LI> startup_msp432e401y_uvision.o(RESET)
</UL>
<P><STRONG><a name="[17]"></a>PWM0_0_IRQHandler</STRONG> (Thumb, 0 bytes, Stack size 0 bytes, startup_msp432e401y_uvision.o(.text))
<BR>[Address Reference Count : 1]<UL><LI> startup_msp432e401y_uvision.o(RESET)
</UL>
<P><STRONG><a name="[18]"></a>PWM0_1_IRQHandler</STRONG> (Thumb, 0 bytes, Stack size 0 bytes, startup_msp432e401y_uvision.o(.text))
<BR>[Address Reference Count : 1]<UL><LI> startup_msp432e401y_uvision.o(RESET)
</UL>
<P><STRONG><a name="[19]"></a>PWM0_2_IRQHandler</STRONG> (Thumb, 0 bytes, Stack size 0 bytes, startup_msp432e401y_uvision.o(.text))
<BR>[Address Reference Count : 1]<UL><LI> startup_msp432e401y_uvision.o(RESET)
</UL>
<P><STRONG><a name="[38]"></a>PWM0_3_IRQHandler</STRONG> (Thumb, 0 bytes, Stack size 0 bytes, startup_msp432e401y_uvision.o(.text))
<BR>[Address Reference Count : 1]<UL><LI> startup_msp432e401y_uvision.o(RESET)
</UL>
<P><STRONG><a name="[16]"></a>PWM0_FAULT_IRQHandler</STRONG> (Thumb, 0 bytes, Stack size 0 bytes, startup_msp432e401y_uvision.o(.text))
<BR>[Address Reference Count : 1]<UL><LI> startup_msp432e401y_uvision.o(RESET)
</UL>
<P><STRONG><a name="[1a]"></a>QEI0_IRQHandler</STRONG> (Thumb, 0 bytes, Stack size 0 bytes, startup_msp432e401y_uvision.o(.text))
<BR>[Address Reference Count : 1]<UL><LI> startup_msp432e401y_uvision.o(RESET)
</UL>
<P><STRONG><a name="[66]"></a>SHA0_IRQHandler</STRONG> (Thumb, 0 bytes, Stack size 0 bytes, startup_msp432e401y_uvision.o(.text))
<BR>[Address Reference Count : 1]<UL><LI> startup_msp432e401y_uvision.o(RESET)
</UL>
<P><STRONG><a name="[14]"></a>SSI0_IRQHandler</STRONG> (Thumb, 0 bytes, Stack size 0 bytes, startup_msp432e401y_uvision.o(.text))
<BR>[Address Reference Count : 1]<UL><LI> startup_msp432e401y_uvision.o(RESET)
</UL>
<P><STRONG><a name="[2f]"></a>SSI1_IRQHandler</STRONG> (Thumb, 0 bytes, Stack size 0 bytes, startup_msp432e401y_uvision.o(.text))
<BR>[Address Reference Count : 1]<UL><LI> startup_msp432e401y_uvision.o(RESET)
</UL>
<P><STRONG><a name="[43]"></a>SSI2_IRQHandler</STRONG> (Thumb, 0 bytes, Stack size 0 bytes, startup_msp432e401y_uvision.o(.text))
<BR>[Address Reference Count : 1]<UL><LI> startup_msp432e401y_uvision.o(RESET)
</UL>
<P><STRONG><a name="[44]"></a>SSI3_IRQHandler</STRONG> (Thumb, 0 bytes, Stack size 0 bytes, startup_msp432e401y_uvision.o(.text))
<BR>[Address Reference Count : 1]<UL><LI> startup_msp432e401y_uvision.o(RESET)
</UL>
<P><STRONG><a name="[29]"></a>SYSCTL_IRQHandler</STRONG> (Thumb, 0 bytes, Stack size 0 bytes, startup_msp432e401y_uvision.o(.text))
<BR>[Address Reference Count : 1]<UL><LI> startup_msp432e401y_uvision.o(RESET)
</UL>
<P><STRONG><a name="[50]"></a>SYSEXC_IRQHandler</STRONG> (Thumb, 0 bytes, Stack size 0 bytes, startup_msp432e401y_uvision.o(.text))
<BR>[Address Reference Count : 1]<UL><LI> startup_msp432e401y_uvision.o(RESET)
</UL>
<P><STRONG><a name="[55]"></a>TAMPER0_IRQHandler</STRONG> (Thumb, 0 bytes, Stack size 0 bytes, startup_msp432e401y_uvision.o(.text))
<BR>[Address Reference Count : 1]<UL><LI> startup_msp432e401y_uvision.o(RESET)
</UL>
<P><STRONG><a name="[20]"></a>TIMER0A_IRQHandler</STRONG> (Thumb, 0 bytes, Stack size 0 bytes, startup_msp432e401y_uvision.o(.text))
<BR>[Address Reference Count : 1]<UL><LI> startup_msp432e401y_uvision.o(RESET)
</UL>
<P><STRONG><a name="[21]"></a>TIMER0B_IRQHandler</STRONG> (Thumb, 0 bytes, Stack size 0 bytes, startup_msp432e401y_uvision.o(.text))
<BR>[Address Reference Count : 1]<UL><LI> startup_msp432e401y_uvision.o(RESET)
</UL>
<P><STRONG><a name="[22]"></a>TIMER1A_IRQHandler</STRONG> (Thumb, 0 bytes, Stack size 0 bytes, startup_msp432e401y_uvision.o(.text))
<BR>[Address Reference Count : 1]<UL><LI> startup_msp432e401y_uvision.o(RESET)
</UL>
<P><STRONG><a name="[23]"></a>TIMER1B_IRQHandler</STRONG> (Thumb, 0 bytes, Stack size 0 bytes, startup_msp432e401y_uvision.o(.text))
<BR>[Address Reference Count : 1]<UL><LI> startup_msp432e401y_uvision.o(RESET)
</UL>
<P><STRONG><a name="[24]"></a>TIMER2A_IRQHandler</STRONG> (Thumb, 0 bytes, Stack size 0 bytes, startup_msp432e401y_uvision.o(.text))
<BR>[Address Reference Count : 1]<UL><LI> startup_msp432e401y_uvision.o(RESET)
</UL>
<P><STRONG><a name="[25]"></a>TIMER2B_IRQHandler</STRONG> (Thumb, 0 bytes, Stack size 0 bytes, startup_msp432e401y_uvision.o(.text))
<BR>[Address Reference Count : 1]<UL><LI> startup_msp432e401y_uvision.o(RESET)
</UL>
<P><STRONG><a name="[30]"></a>TIMER3A_IRQHandler</STRONG> (Thumb, 0 bytes, Stack size 0 bytes, startup_msp432e401y_uvision.o(.text))
<BR>[Address Reference Count : 1]<UL><LI> startup_msp432e401y_uvision.o(RESET)
</UL>
<P><STRONG><a name="[31]"></a>TIMER3B_IRQHandler</STRONG> (Thumb, 0 bytes, Stack size 0 bytes, startup_msp432e401y_uvision.o(.text))
<BR>[Address Reference Count : 1]<UL><LI> startup_msp432e401y_uvision.o(RESET)
</UL>
<P><STRONG><a name="[4c]"></a>TIMER4A_IRQHandler</STRONG> (Thumb, 0 bytes, Stack size 0 bytes, startup_msp432e401y_uvision.o(.text))
<BR>[Address Reference Count : 1]<UL><LI> startup_msp432e401y_uvision.o(RESET)
</UL>
<P><STRONG><a name="[4d]"></a>TIMER4B_IRQHandler</STRONG> (Thumb, 0 bytes, Stack size 0 bytes, startup_msp432e401y_uvision.o(.text))
<BR>[Address Reference Count : 1]<UL><LI> startup_msp432e401y_uvision.o(RESET)
</UL>
<P><STRONG><a name="[4e]"></a>TIMER5A_IRQHandler</STRONG> (Thumb, 0 bytes, Stack size 0 bytes, startup_msp432e401y_uvision.o(.text))
<BR>[Address Reference Count : 1]<UL><LI> startup_msp432e401y_uvision.o(RESET)
</UL>
<P><STRONG><a name="[4f]"></a>TIMER5B_IRQHandler</STRONG> (Thumb, 0 bytes, Stack size 0 bytes, startup_msp432e401y_uvision.o(.text))
<BR>[Address Reference Count : 1]<UL><LI> startup_msp432e401y_uvision.o(RESET)
</UL>
<P><STRONG><a name="[69]"></a>TIMER6A_IRQHandler</STRONG> (Thumb, 0 bytes, Stack size 0 bytes, startup_msp432e401y_uvision.o(.text))
<BR>[Address Reference Count : 1]<UL><LI> startup_msp432e401y_uvision.o(RESET)
</UL>
<P><STRONG><a name="[6a]"></a>TIMER6B_IRQHandler</STRONG> (Thumb, 0 bytes, Stack size 0 bytes, startup_msp432e401y_uvision.o(.text))
<BR>[Address Reference Count : 1]<UL><LI> startup_msp432e401y_uvision.o(RESET)
</UL>
<P><STRONG><a name="[6b]"></a>TIMER7A_IRQHandler</STRONG> (Thumb, 0 bytes, Stack size 0 bytes, startup_msp432e401y_uvision.o(.text))
<BR>[Address Reference Count : 1]<UL><LI> startup_msp432e401y_uvision.o(RESET)
</UL>
<P><STRONG><a name="[6c]"></a>TIMER7B_IRQHandler</STRONG> (Thumb, 0 bytes, Stack size 0 bytes, startup_msp432e401y_uvision.o(.text))
<BR>[Address Reference Count : 1]<UL><LI> startup_msp432e401y_uvision.o(RESET)
</UL>
<P><STRONG><a name="[12]"></a>UART0_IRQHandler</STRONG> (Thumb, 0 bytes, Stack size 0 bytes, startup_msp432e401y_uvision.o(.text))
<BR>[Address Reference Count : 1]<UL><LI> startup_msp432e401y_uvision.o(RESET)
</UL>
<P><STRONG><a name="[13]"></a>UART1_IRQHandler</STRONG> (Thumb, 0 bytes, Stack size 0 bytes, startup_msp432e401y_uvision.o(.text))
<BR>[Address Reference Count : 1]<UL><LI> startup_msp432e401y_uvision.o(RESET)
</UL>
<P><STRONG><a name="[2e]"></a>UART2_IRQHandler</STRONG> (Thumb, 0 bytes, Stack size 0 bytes, startup_msp432e401y_uvision.o(.text))
<BR>[Address Reference Count : 1]<UL><LI> startup_msp432e401y_uvision.o(RESET)
</UL>
<P><STRONG><a name="[45]"></a>UART3_IRQHandler</STRONG> (Thumb, 0 bytes, Stack size 0 bytes, startup_msp432e401y_uvision.o(.text))
<BR>[Address Reference Count : 1]<UL><LI> startup_msp432e401y_uvision.o(RESET)
</UL>
<P><STRONG><a name="[46]"></a>UART4_IRQHandler</STRONG> (Thumb, 0 bytes, Stack size 0 bytes, startup_msp432e401y_uvision.o(.text))
<BR>[Address Reference Count : 1]<UL><LI> startup_msp432e401y_uvision.o(RESET)
</UL>
<P><STRONG><a name="[47]"></a>UART5_IRQHandler</STRONG> (Thumb, 0 bytes, Stack size 0 bytes, startup_msp432e401y_uvision.o(.text))
<BR>[Address Reference Count : 1]<UL><LI> startup_msp432e401y_uvision.o(RESET)
</UL>
<P><STRONG><a name="[48]"></a>UART6_IRQHandler</STRONG> (Thumb, 0 bytes, Stack size 0 bytes, startup_msp432e401y_uvision.o(.text))
<BR>[Address Reference Count : 1]<UL><LI> startup_msp432e401y_uvision.o(RESET)
</UL>
<P><STRONG><a name="[49]"></a>UART7_IRQHandler</STRONG> (Thumb, 0 bytes, Stack size 0 bytes, startup_msp432e401y_uvision.o(.text))
<BR>[Address Reference Count : 1]<UL><LI> startup_msp432e401y_uvision.o(RESET)
</UL>
<P><STRONG><a name="[3a]"></a>UDMAERR_IRQHandler</STRONG> (Thumb, 0 bytes, Stack size 0 bytes, startup_msp432e401y_uvision.o(.text))
<BR>[Address Reference Count : 1]<UL><LI> startup_msp432e401y_uvision.o(RESET)
</UL>
<P><STRONG><a name="[39]"></a>UDMA_IRQHandler</STRONG> (Thumb, 0 bytes, Stack size 0 bytes, startup_msp432e401y_uvision.o(.text))
<BR>[Address Reference Count : 1]<UL><LI> startup_msp432e401y_uvision.o(RESET)
</UL>
<P><STRONG><a name="[37]"></a>USB0_IRQHandler</STRONG> (Thumb, 0 bytes, Stack size 0 bytes, startup_msp432e401y_uvision.o(.text))
<BR>[Address Reference Count : 1]<UL><LI> startup_msp432e401y_uvision.o(RESET)
</UL>
<P><STRONG><a name="[1f]"></a>WATCHDOG_IRQHandler</STRONG> (Thumb, 0 bytes, Stack size 0 bytes, startup_msp432e401y_uvision.o(.text))
<BR>[Address Reference Count : 1]<UL><LI> startup_msp432e401y_uvision.o(RESET)
</UL>
<P><STRONG><a name="[77]"></a>__user_initial_stackheap</STRONG> (Thumb, 10 bytes, Stack size 0 bytes, startup_msp432e401y_uvision.o(.text))
<BR><BR>[Called By]<UL><LI><a href="#[8a]">&gt;&gt;</a>&nbsp;&nbsp;&nbsp;__user_setup_stackheap
</UL>

<P><STRONG><a name="[94]"></a>__2sprintf</STRONG> (Thumb, 34 bytes, Stack size 32 bytes, noretval__2sprintf.o(.text))
<BR><BR>[Stack]<UL><LI>Max Depth = 120 + Unknown Stack Size
<LI>Call Chain = __2sprintf &rArr; _printf_char_common &rArr; __printf
</UL>
<BR>[Calls]<UL><LI><a href="#[73]">&gt;&gt;</a>&nbsp;&nbsp;&nbsp;_sputc
<LI><a href="#[95]">&gt;&gt;</a>&nbsp;&nbsp;&nbsp;_printf_char_common
</UL>
<BR>[Called By]<UL><LI><a href="#[b4]">&gt;&gt;</a>&nbsp;&nbsp;&nbsp;Status_Check
<LI><a href="#[d5]">&gt;&gt;</a>&nbsp;&nbsp;&nbsp;outputLidarData
<LI><a href="#[cc]">&gt;&gt;</a>&nbsp;&nbsp;&nbsp;lidar_Init
</UL>

<P><STRONG><a name="[96]"></a>__printf</STRONG> (Thumb, 104 bytes, Stack size 24 bytes, __printf.o(.text))
<BR><BR>[Stack]<UL><LI>Max Depth = 24 + Unknown Stack Size
<LI>Call Chain = __printf
</UL>
<BR>[Calls]<UL><LI><a href="#[97]">&gt;&gt;</a>&nbsp;&nbsp;&nbsp;_printf_percent
</UL>
<BR>[Called By]<UL><LI><a href="#[95]">&gt;&gt;</a>&nbsp;&nbsp;&nbsp;_printf_char_common
</UL>

<P><STRONG><a name="[7f]"></a>_printf_int_dec</STRONG> (Thumb, 104 bytes, Stack size 24 bytes, _printf_dec.o(.text))
<BR><BR>[Stack]<UL><LI>Max Depth = 56<LI>Call Chain = _printf_int_dec &rArr; _printf_int_common
</UL>
<BR>[Calls]<UL><LI><a href="#[98]">&gt;&gt;</a>&nbsp;&nbsp;&nbsp;_printf_int_common
</UL>
<BR>[Called By]<UL><LI><a href="#[80]">&gt;&gt;</a>&nbsp;&nbsp;&nbsp;_printf_u
<LI><a href="#[7e]">&gt;&gt;</a>&nbsp;&nbsp;&nbsp;_printf_d
</UL>

<P><STRONG><a name="[82]"></a>_printf_int_hex</STRONG> (Thumb, 84 bytes, Stack size 16 bytes, _printf_hex_int.o(.text))
<BR><BR>[Stack]<UL><LI>Max Depth = 48<LI>Call Chain = _printf_int_hex &rArr; _printf_int_common
</UL>
<BR>[Calls]<UL><LI><a href="#[98]">&gt;&gt;</a>&nbsp;&nbsp;&nbsp;_printf_int_common
</UL>
<BR>[Called By]<UL><LI><a href="#[81]">&gt;&gt;</a>&nbsp;&nbsp;&nbsp;_printf_x
</UL>

<P><STRONG><a name="[106]"></a>_printf_longlong_hex</STRONG> (Thumb, 0 bytes, Stack size 16 bytes, _printf_hex_int.o(.text), UNUSED)

<P><STRONG><a name="[107]"></a>__use_two_region_memory</STRONG> (Thumb, 2 bytes, Stack size 0 bytes, heapauxi.o(.text), UNUSED)

<P><STRONG><a name="[108]"></a>__rt_heap_escrow$2region</STRONG> (Thumb, 2 bytes, Stack size 0 bytes, heapauxi.o(.text), UNUSED)

<P><STRONG><a name="[109]"></a>__rt_heap_expand$2region</STRONG> (Thumb, 2 bytes, Stack size 0 bytes, heapauxi.o(.text), UNUSED)

<P><STRONG><a name="[98]"></a>_printf_int_common</STRONG> (Thumb, 178 bytes, Stack size 32 bytes, _printf_intcommon.o(.text))
<BR><BR>[Stack]<UL><LI>Max Depth = 32<LI>Call Chain = _printf_int_common
</UL>
<BR>[Called By]<UL><LI><a href="#[82]">&gt;&gt;</a>&nbsp;&nbsp;&nbsp;_printf_int_hex
<LI><a href="#[7f]">&gt;&gt;</a>&nbsp;&nbsp;&nbsp;_printf_int_dec
</UL>

<P><STRONG><a name="[10a]"></a>__lib_sel_fp_printf</STRONG> (Thumb, 2 bytes, Stack size 0 bytes, _printf_fp_dec.o(.text), UNUSED)

<P><STRONG><a name="[9f]"></a>_printf_fp_dec_real</STRONG> (Thumb, 620 bytes, Stack size 104 bytes, _printf_fp_dec.o(.text))
<BR><BR>[Stack]<UL><LI>Max Depth = 324<LI>Call Chain = _printf_fp_dec_real &rArr; _fp_digits &rArr; _btod_etento &rArr; _btod_emul &rArr; _e2e
</UL>
<BR>[Calls]<UL><LI><a href="#[a0]">&gt;&gt;</a>&nbsp;&nbsp;&nbsp;__ARM_fpclassify
<LI><a href="#[a1]">&gt;&gt;</a>&nbsp;&nbsp;&nbsp;_printf_fp_infnan
<LI><a href="#[86]">&gt;&gt;</a>&nbsp;&nbsp;&nbsp;__rt_locale
<LI><a href="#[99]">&gt;&gt;</a>&nbsp;&nbsp;&nbsp;_fp_digits
</UL>
<BR>[Called By]<UL><LI><a href="#[7d]">&gt;&gt;</a>&nbsp;&nbsp;&nbsp;_printf_fp_dec
</UL>

<P><STRONG><a name="[95]"></a>_printf_char_common</STRONG> (Thumb, 32 bytes, Stack size 64 bytes, _printf_char_common.o(.text))
<BR><BR>[Stack]<UL><LI>Max Depth = 88 + Unknown Stack Size
<LI>Call Chain = _printf_char_common &rArr; __printf
</UL>
<BR>[Calls]<UL><LI><a href="#[96]">&gt;&gt;</a>&nbsp;&nbsp;&nbsp;__printf
</UL>
<BR>[Called By]<UL><LI><a href="#[94]">&gt;&gt;</a>&nbsp;&nbsp;&nbsp;__2sprintf
</UL>

<P><STRONG><a name="[73]"></a>_sputc</STRONG> (Thumb, 10 bytes, Stack size 0 bytes, _sputc.o(.text))
<BR><BR>[Called By]<UL><LI><a href="#[94]">&gt;&gt;</a>&nbsp;&nbsp;&nbsp;__2sprintf
</UL>
<BR>[Address Reference Count : 1]<UL><LI> noretval__2sprintf.o(.text)
</UL>
<P><STRONG><a name="[86]"></a>__rt_locale</STRONG> (Thumb, 8 bytes, Stack size 0 bytes, rt_locale_intlibspace.o(.text))
<BR><BR>[Called By]<UL><LI><a href="#[85]">&gt;&gt;</a>&nbsp;&nbsp;&nbsp;__rt_lib_init_lc_common
<LI><a href="#[9f]">&gt;&gt;</a>&nbsp;&nbsp;&nbsp;_printf_fp_dec_real
</UL>

<P><STRONG><a name="[9e]"></a>_ll_udiv10</STRONG> (Thumb, 138 bytes, Stack size 12 bytes, lludiv10.o(.text))
<BR><BR>[Stack]<UL><LI>Max Depth = 12<LI>Call Chain = _ll_udiv10
</UL>
<BR>[Called By]<UL><LI><a href="#[99]">&gt;&gt;</a>&nbsp;&nbsp;&nbsp;_fp_digits
</UL>

<P><STRONG><a name="[a1]"></a>_printf_fp_infnan</STRONG> (Thumb, 112 bytes, Stack size 24 bytes, _printf_fp_infnan.o(.text))
<BR><BR>[Stack]<UL><LI>Max Depth = 24<LI>Call Chain = _printf_fp_infnan
</UL>
<BR>[Called By]<UL><LI><a href="#[9f]">&gt;&gt;</a>&nbsp;&nbsp;&nbsp;_printf_fp_dec_real
</UL>

<P><STRONG><a name="[9a]"></a>_btod_etento</STRONG> (Thumb, 224 bytes, Stack size 72 bytes, bigflt0.o(.text))
<BR><BR>[Stack]<UL><LI>Max Depth = 124<LI>Call Chain = _btod_etento &rArr; _btod_emul &rArr; _e2e
</UL>
<BR>[Calls]<UL><LI><a href="#[9d]">&gt;&gt;</a>&nbsp;&nbsp;&nbsp;_btod_emul
<LI><a href="#[9c]">&gt;&gt;</a>&nbsp;&nbsp;&nbsp;_btod_ediv
</UL>
<BR>[Called By]<UL><LI><a href="#[99]">&gt;&gt;</a>&nbsp;&nbsp;&nbsp;_fp_digits
</UL>

<P><STRONG><a name="[10b]"></a>__user_libspace</STRONG> (Thumb, 8 bytes, Stack size 0 bytes, libspace.o(.text), UNUSED)

<P><STRONG><a name="[a2]"></a>__user_perproc_libspace</STRONG> (Thumb, 0 bytes, Stack size 0 bytes, libspace.o(.text))
<BR><BR>[Called By]<UL><LI><a href="#[8a]">&gt;&gt;</a>&nbsp;&nbsp;&nbsp;__user_setup_stackheap
</UL>

<P><STRONG><a name="[10c]"></a>__user_perthread_libspace</STRONG> (Thumb, 0 bytes, Stack size 0 bytes, libspace.o(.text), UNUSED)

<P><STRONG><a name="[8a]"></a>__user_setup_stackheap</STRONG> (Thumb, 74 bytes, Stack size 8 bytes, sys_stackheap_outer.o(.text))
<BR><BR>[Stack]<UL><LI>Max Depth = 8<LI>Call Chain = __user_setup_stackheap
</UL>
<BR>[Calls]<UL><LI><a href="#[77]">&gt;&gt;</a>&nbsp;&nbsp;&nbsp;__user_initial_stackheap
<LI><a href="#[a2]">&gt;&gt;</a>&nbsp;&nbsp;&nbsp;__user_perproc_libspace
</UL>
<BR>[Called By]<UL><LI><a href="#[89]">&gt;&gt;</a>&nbsp;&nbsp;&nbsp;__rt_entry_sh
</UL>

<P><STRONG><a name="[8f]"></a>exit</STRONG> (Thumb, 18 bytes, Stack size 8 bytes, exit.o(.text))
<BR><BR>[Stack]<UL><LI>Max Depth = 8 + Unknown Stack Size
<LI>Call Chain = exit
</UL>
<BR>[Calls]<UL><LI><a href="#[a3]">&gt;&gt;</a>&nbsp;&nbsp;&nbsp;__rt_exit
</UL>
<BR>[Called By]<UL><LI><a href="#[8d]">&gt;&gt;</a>&nbsp;&nbsp;&nbsp;__rt_entry_main
</UL>

<P><STRONG><a name="[db]"></a>strcmp</STRONG> (Thumb, 128 bytes, Stack size 0 bytes, strcmpv7m.o(.text))
<BR><BR>[Called By]<UL><LI><a href="#[88]">&gt;&gt;</a>&nbsp;&nbsp;&nbsp;_get_lc_numeric
</UL>

<P><STRONG><a name="[93]"></a>_sys_exit</STRONG> (Thumb, 8 bytes, Stack size 0 bytes, sys_exit.o(.text))
<BR><BR>[Called By]<UL><LI><a href="#[92]">&gt;&gt;</a>&nbsp;&nbsp;&nbsp;__rt_exit_exit
</UL>

<P><STRONG><a name="[10d]"></a>__I$use$semihosting</STRONG> (Thumb, 0 bytes, Stack size 0 bytes, use_no_semi.o(.text), UNUSED)

<P><STRONG><a name="[10e]"></a>__use_no_semihosting_swi</STRONG> (Thumb, 2 bytes, Stack size 0 bytes, use_no_semi.o(.text), UNUSED)

<P><STRONG><a name="[10f]"></a>__semihosting_library_function</STRONG> (Thumb, 0 bytes, Stack size 0 bytes, indicate_semi.o(.text), UNUSED)

<P><STRONG><a name="[9b]"></a>_btod_d2e</STRONG> (Thumb, 62 bytes, Stack size 0 bytes, btod.o(CL$$btod_d2e))
<BR><BR>[Calls]<UL><LI><a href="#[a4]">&gt;&gt;</a>&nbsp;&nbsp;&nbsp;_d2e_norm_op1
</UL>
<BR>[Called By]<UL><LI><a href="#[99]">&gt;&gt;</a>&nbsp;&nbsp;&nbsp;_fp_digits
</UL>

<P><STRONG><a name="[a5]"></a>_d2e_denorm_low</STRONG> (Thumb, 70 bytes, Stack size 0 bytes, btod.o(CL$$btod_d2e_denorm_low))
<BR><BR>[Called By]<UL><LI><a href="#[a4]">&gt;&gt;</a>&nbsp;&nbsp;&nbsp;_d2e_norm_op1
</UL>

<P><STRONG><a name="[a4]"></a>_d2e_norm_op1</STRONG> (Thumb, 96 bytes, Stack size 0 bytes, btod.o(CL$$btod_d2e_norm_op1))
<BR><BR>[Calls]<UL><LI><a href="#[a5]">&gt;&gt;</a>&nbsp;&nbsp;&nbsp;_d2e_denorm_low
</UL>
<BR>[Called By]<UL><LI><a href="#[9b]">&gt;&gt;</a>&nbsp;&nbsp;&nbsp;_btod_d2e
</UL>

<P><STRONG><a name="[a6]"></a>__btod_div_common</STRONG> (Thumb, 696 bytes, Stack size 24 bytes, btod.o(CL$$btod_div_common))
<BR><BR>[Stack]<UL><LI>Max Depth = 24<LI>Call Chain = __btod_div_common
</UL>
<BR>[Called By]<UL><LI><a href="#[9c]">&gt;&gt;</a>&nbsp;&nbsp;&nbsp;_btod_ediv
</UL>

<P><STRONG><a name="[a7]"></a>_e2e</STRONG> (Thumb, 220 bytes, Stack size 24 bytes, btod.o(CL$$btod_e2e))
<BR><BR>[Stack]<UL><LI>Max Depth = 24<LI>Call Chain = _e2e
</UL>
<BR>[Called By]<UL><LI><a href="#[9d]">&gt;&gt;</a>&nbsp;&nbsp;&nbsp;_btod_emul
<LI><a href="#[9c]">&gt;&gt;</a>&nbsp;&nbsp;&nbsp;_btod_ediv
</UL>

<P><STRONG><a name="[9c]"></a>_btod_ediv</STRONG> (Thumb, 42 bytes, Stack size 28 bytes, btod.o(CL$$btod_ediv))
<BR><BR>[Stack]<UL><LI>Max Depth = 52<LI>Call Chain = _btod_ediv &rArr; _e2e
</UL>
<BR>[Calls]<UL><LI><a href="#[a7]">&gt;&gt;</a>&nbsp;&nbsp;&nbsp;_e2e
<LI><a href="#[a6]">&gt;&gt;</a>&nbsp;&nbsp;&nbsp;__btod_div_common
</UL>
<BR>[Called By]<UL><LI><a href="#[9a]">&gt;&gt;</a>&nbsp;&nbsp;&nbsp;_btod_etento
<LI><a href="#[99]">&gt;&gt;</a>&nbsp;&nbsp;&nbsp;_fp_digits
</UL>

<P><STRONG><a name="[9d]"></a>_btod_emul</STRONG> (Thumb, 42 bytes, Stack size 28 bytes, btod.o(CL$$btod_emul))
<BR><BR>[Stack]<UL><LI>Max Depth = 52<LI>Call Chain = _btod_emul &rArr; _e2e
</UL>
<BR>[Calls]<UL><LI><a href="#[a8]">&gt;&gt;</a>&nbsp;&nbsp;&nbsp;__btod_mult_common
<LI><a href="#[a7]">&gt;&gt;</a>&nbsp;&nbsp;&nbsp;_e2e
</UL>
<BR>[Called By]<UL><LI><a href="#[9a]">&gt;&gt;</a>&nbsp;&nbsp;&nbsp;_btod_etento
<LI><a href="#[99]">&gt;&gt;</a>&nbsp;&nbsp;&nbsp;_fp_digits
</UL>

<P><STRONG><a name="[a8]"></a>__btod_mult_common</STRONG> (Thumb, 580 bytes, Stack size 16 bytes, btod.o(CL$$btod_mult_common))
<BR><BR>[Stack]<UL><LI>Max Depth = 16<LI>Call Chain = __btod_mult_common
</UL>
<BR>[Called By]<UL><LI><a href="#[9d]">&gt;&gt;</a>&nbsp;&nbsp;&nbsp;_btod_emul
</UL>

<P><STRONG><a name="[a9]"></a>DutyCycleForward</STRONG> (Thumb, 58 bytes, Stack size 8 bytes, steppermotor.o(i.DutyCycleForward))
<BR><BR>[Stack]<UL><LI>Max Depth = 28<LI>Call Chain = DutyCycleForward &rArr; SysTick_Wait1ms &rArr; SysTick_Wait
</UL>
<BR>[Calls]<UL><LI><a href="#[aa]">&gt;&gt;</a>&nbsp;&nbsp;&nbsp;SysTick_Wait1ms
</UL>
<BR>[Called By]<UL><LI><a href="#[d6]">&gt;&gt;</a>&nbsp;&nbsp;&nbsp;rotate
</UL>

<P><STRONG><a name="[ab]"></a>DutyCycleReverse</STRONG> (Thumb, 58 bytes, Stack size 8 bytes, steppermotor.o(i.DutyCycleReverse))
<BR><BR>[Stack]<UL><LI>Max Depth = 28<LI>Call Chain = DutyCycleReverse &rArr; SysTick_Wait1ms &rArr; SysTick_Wait
</UL>
<BR>[Calls]<UL><LI><a href="#[aa]">&gt;&gt;</a>&nbsp;&nbsp;&nbsp;SysTick_Wait1ms
</UL>
<BR>[Called By]<UL><LI><a href="#[d6]">&gt;&gt;</a>&nbsp;&nbsp;&nbsp;rotate
</UL>

<P><STRONG><a name="[b3]"></a>EnableInt</STRONG> (Thumb, 4 bytes, Stack size 0 bytes, startstop.o(i.EnableInt))
<BR><BR>[Called By]<UL><LI><a href="#[b2]">&gt;&gt;</a>&nbsp;&nbsp;&nbsp;StartStop_Init
</UL>

<P><STRONG><a name="[ac]"></a>FlashAllLEDs</STRONG> (Thumb, 78 bytes, Stack size 8 bytes, onboardleds.o(i.FlashAllLEDs))
<BR><BR>[Stack]<UL><LI>Max Depth = 28<LI>Call Chain = FlashAllLEDs &rArr; SysTick_Wait1ms &rArr; SysTick_Wait
</UL>
<BR>[Calls]<UL><LI><a href="#[aa]">&gt;&gt;</a>&nbsp;&nbsp;&nbsp;SysTick_Wait1ms
</UL>
<BR>[Called By]<UL><LI><a href="#[ad]">&gt;&gt;</a>&nbsp;&nbsp;&nbsp;FlashI2CError
<LI><a href="#[d1]">&gt;&gt;</a>&nbsp;&nbsp;&nbsp;onboardLEDs_Init
<LI><a href="#[cc]">&gt;&gt;</a>&nbsp;&nbsp;&nbsp;lidar_Init
</UL>

<P><STRONG><a name="[ad]"></a>FlashI2CError</STRONG> (Thumb, 20 bytes, Stack size 8 bytes, onboardleds.o(i.FlashI2CError))
<BR><BR>[Stack]<UL><LI>Max Depth = 36<LI>Call Chain = FlashI2CError &rArr; FlashAllLEDs &rArr; SysTick_Wait1ms &rArr; SysTick_Wait
</UL>
<BR>[Calls]<UL><LI><a href="#[ac]">&gt;&gt;</a>&nbsp;&nbsp;&nbsp;FlashAllLEDs
</UL>
<BR>[Called By]<UL><LI><a href="#[ca]">&gt;&gt;</a>&nbsp;&nbsp;&nbsp;writeRegisterIndex_nostop
<LI><a href="#[c7]">&gt;&gt;</a>&nbsp;&nbsp;&nbsp;writeRegisterIndex
<LI><a href="#[cb]">&gt;&gt;</a>&nbsp;&nbsp;&nbsp;writeI2C
<LI><a href="#[c9]">&gt;&gt;</a>&nbsp;&nbsp;&nbsp;readI2C
</UL>

<P><STRONG><a name="[ae]"></a>FlashI2CRx</STRONG> (Thumb, 10 bytes, Stack size 8 bytes, onboardleds.o(i.FlashI2CRx))
<BR><BR>[Stack]<UL><LI>Max Depth = 36<LI>Call Chain = FlashI2CRx &rArr; FlashLED2 &rArr; SysTick_Wait1ms &rArr; SysTick_Wait
</UL>
<BR>[Calls]<UL><LI><a href="#[af]">&gt;&gt;</a>&nbsp;&nbsp;&nbsp;FlashLED2
</UL>
<BR>[Called By]<UL><LI><a href="#[c9]">&gt;&gt;</a>&nbsp;&nbsp;&nbsp;readI2C
</UL>

<P><STRONG><a name="[b0]"></a>FlashI2CTx</STRONG> (Thumb, 10 bytes, Stack size 8 bytes, onboardleds.o(i.FlashI2CTx))
<BR><BR>[Stack]<UL><LI>Max Depth = 36<LI>Call Chain = FlashI2CTx &rArr; FlashLED1 &rArr; SysTick_Wait1ms &rArr; SysTick_Wait
</UL>
<BR>[Calls]<UL><LI><a href="#[b1]">&gt;&gt;</a>&nbsp;&nbsp;&nbsp;FlashLED1
</UL>
<BR>[Called By]<UL><LI><a href="#[ca]">&gt;&gt;</a>&nbsp;&nbsp;&nbsp;writeRegisterIndex_nostop
<LI><a href="#[c7]">&gt;&gt;</a>&nbsp;&nbsp;&nbsp;writeRegisterIndex
<LI><a href="#[cb]">&gt;&gt;</a>&nbsp;&nbsp;&nbsp;writeI2C
</UL>

<P><STRONG><a name="[b1]"></a>FlashLED1</STRONG> (Thumb, 58 bytes, Stack size 8 bytes, onboardleds.o(i.FlashLED1))
<BR><BR>[Stack]<UL><LI>Max Depth = 28<LI>Call Chain = FlashLED1 &rArr; SysTick_Wait1ms &rArr; SysTick_Wait
</UL>
<BR>[Calls]<UL><LI><a href="#[aa]">&gt;&gt;</a>&nbsp;&nbsp;&nbsp;SysTick_Wait1ms
</UL>
<BR>[Called By]<UL><LI><a href="#[b0]">&gt;&gt;</a>&nbsp;&nbsp;&nbsp;FlashI2CTx
</UL>

<P><STRONG><a name="[af]"></a>FlashLED2</STRONG> (Thumb, 58 bytes, Stack size 8 bytes, onboardleds.o(i.FlashLED2))
<BR><BR>[Stack]<UL><LI>Max Depth = 28<LI>Call Chain = FlashLED2 &rArr; SysTick_Wait1ms &rArr; SysTick_Wait
</UL>
<BR>[Calls]<UL><LI><a href="#[aa]">&gt;&gt;</a>&nbsp;&nbsp;&nbsp;SysTick_Wait1ms
</UL>
<BR>[Called By]<UL><LI><a href="#[ae]">&gt;&gt;</a>&nbsp;&nbsp;&nbsp;FlashI2CRx
</UL>

<P><STRONG><a name="[40]"></a>GPIOJ_IRQHandler</STRONG> (Thumb, 8 bytes, Stack size 0 bytes, startstop.o(i.GPIOJ_IRQHandler))
<BR>[Address Reference Count : 1]<UL><LI> startup_msp432e401y_uvision.o(RESET)
</UL>
<P><STRONG><a name="[d2]"></a>I2C_Init</STRONG> (Thumb, 114 bytes, Stack size 0 bytes, i2c.o(i.I2C_Init))
<BR><BR>[Called By]<UL><LI><a href="#[8e]">&gt;&gt;</a>&nbsp;&nbsp;&nbsp;main
</UL>

<P><STRONG><a name="[cf]"></a>PLL_Init</STRONG> (Thumb, 268 bytes, Stack size 0 bytes, pll.o(i.PLL_Init))
<BR><BR>[Called By]<UL><LI><a href="#[8e]">&gt;&gt;</a>&nbsp;&nbsp;&nbsp;main
</UL>

<P><STRONG><a name="[ce]"></a>PortE_Init</STRONG> (Thumb, 84 bytes, Stack size 0 bytes, steppermotor.o(i.PortE_Init))
<BR><BR>[Called By]<UL><LI><a href="#[8e]">&gt;&gt;</a>&nbsp;&nbsp;&nbsp;main
</UL>

<P><STRONG><a name="[cd]"></a>PortL_Init</STRONG> (Thumb, 38 bytes, Stack size 0 bytes, main.o(i.PortL_Init))
<BR><BR>[Called By]<UL><LI><a href="#[8e]">&gt;&gt;</a>&nbsp;&nbsp;&nbsp;main
</UL>

<P><STRONG><a name="[b2]"></a>StartStop_Init</STRONG> (Thumb, 198 bytes, Stack size 4 bytes, startstop.o(i.StartStop_Init))
<BR><BR>[Stack]<UL><LI>Max Depth = 4<LI>Call Chain = StartStop_Init
</UL>
<BR>[Calls]<UL><LI><a href="#[b3]">&gt;&gt;</a>&nbsp;&nbsp;&nbsp;EnableInt
</UL>
<BR>[Called By]<UL><LI><a href="#[8e]">&gt;&gt;</a>&nbsp;&nbsp;&nbsp;main
</UL>

<P><STRONG><a name="[b4]"></a>Status_Check</STRONG> (Thumb, 46 bytes, Stack size 16 bytes, uart.o(i.Status_Check))
<BR><BR>[Stack]<UL><LI>Max Depth = 136 + Unknown Stack Size
<LI>Call Chain = Status_Check &rArr; __2sprintf &rArr; _printf_char_common &rArr; __printf
</UL>
<BR>[Calls]<UL><LI><a href="#[b5]">&gt;&gt;</a>&nbsp;&nbsp;&nbsp;UART_printf
<LI><a href="#[94]">&gt;&gt;</a>&nbsp;&nbsp;&nbsp;__2sprintf
</UL>
<BR>[Called By]<UL><LI><a href="#[c3]">&gt;&gt;</a>&nbsp;&nbsp;&nbsp;VL53L1X_SensorInit
<LI><a href="#[cc]">&gt;&gt;</a>&nbsp;&nbsp;&nbsp;lidar_Init
</UL>

<P><STRONG><a name="[d0]"></a>SysTick_Init</STRONG> (Thumb, 24 bytes, Stack size 0 bytes, systick.o(i.SysTick_Init))
<BR><BR>[Called By]<UL><LI><a href="#[8e]">&gt;&gt;</a>&nbsp;&nbsp;&nbsp;main
</UL>

<P><STRONG><a name="[b7]"></a>SysTick_Wait</STRONG> (Thumb, 32 bytes, Stack size 8 bytes, systick.o(i.SysTick_Wait))
<BR><BR>[Stack]<UL><LI>Max Depth = 8<LI>Call Chain = SysTick_Wait
</UL>
<BR>[Called By]<UL><LI><a href="#[aa]">&gt;&gt;</a>&nbsp;&nbsp;&nbsp;SysTick_Wait1ms
<LI><a href="#[b6]">&gt;&gt;</a>&nbsp;&nbsp;&nbsp;SysTick_Wait10ms
</UL>

<P><STRONG><a name="[b6]"></a>SysTick_Wait10ms</STRONG> (Thumb, 22 bytes, Stack size 12 bytes, systick.o(i.SysTick_Wait10ms))
<BR><BR>[Stack]<UL><LI>Max Depth = 20<LI>Call Chain = SysTick_Wait10ms &rArr; SysTick_Wait
</UL>
<BR>[Calls]<UL><LI><a href="#[b7]">&gt;&gt;</a>&nbsp;&nbsp;&nbsp;SysTick_Wait
</UL>
<BR>[Called By]<UL><LI><a href="#[cc]">&gt;&gt;</a>&nbsp;&nbsp;&nbsp;lidar_Init
</UL>

<P><STRONG><a name="[aa]"></a>SysTick_Wait1ms</STRONG> (Thumb, 24 bytes, Stack size 12 bytes, systick.o(i.SysTick_Wait1ms))
<BR><BR>[Stack]<UL><LI>Max Depth = 20<LI>Call Chain = SysTick_Wait1ms &rArr; SysTick_Wait
</UL>
<BR>[Calls]<UL><LI><a href="#[b7]">&gt;&gt;</a>&nbsp;&nbsp;&nbsp;SysTick_Wait
</UL>
<BR>[Called By]<UL><LI><a href="#[ab]">&gt;&gt;</a>&nbsp;&nbsp;&nbsp;DutyCycleReverse
<LI><a href="#[a9]">&gt;&gt;</a>&nbsp;&nbsp;&nbsp;DutyCycleForward
<LI><a href="#[af]">&gt;&gt;</a>&nbsp;&nbsp;&nbsp;FlashLED2
<LI><a href="#[b1]">&gt;&gt;</a>&nbsp;&nbsp;&nbsp;FlashLED1
<LI><a href="#[ac]">&gt;&gt;</a>&nbsp;&nbsp;&nbsp;FlashAllLEDs
</UL>

<P><STRONG><a name="[71]"></a>SystemInit</STRONG> (Thumb, 20 bytes, Stack size 0 bytes, system_msp432e401y.o(i.SystemInit))
<BR>[Address Reference Count : 1]<UL><LI> startup_msp432e401y_uvision.o(.text)
</UL>
<P><STRONG><a name="[d3]"></a>UART_Init</STRONG> (Thumb, 172 bytes, Stack size 0 bytes, uart.o(i.UART_Init))
<BR><BR>[Called By]<UL><LI><a href="#[8e]">&gt;&gt;</a>&nbsp;&nbsp;&nbsp;main
</UL>

<P><STRONG><a name="[b8]"></a>UART_OutChar</STRONG> (Thumb, 20 bytes, Stack size 0 bytes, uart.o(i.UART_OutChar))
<BR><BR>[Called By]<UL><LI><a href="#[b5]">&gt;&gt;</a>&nbsp;&nbsp;&nbsp;UART_printf
</UL>

<P><STRONG><a name="[b5]"></a>UART_printf</STRONG> (Thumb, 24 bytes, Stack size 4 bytes, uart.o(i.UART_printf))
<BR><BR>[Stack]<UL><LI>Max Depth = 4<LI>Call Chain = UART_printf
</UL>
<BR>[Calls]<UL><LI><a href="#[b8]">&gt;&gt;</a>&nbsp;&nbsp;&nbsp;UART_OutChar
</UL>
<BR>[Called By]<UL><LI><a href="#[c3]">&gt;&gt;</a>&nbsp;&nbsp;&nbsp;VL53L1X_SensorInit
<LI><a href="#[b4]">&gt;&gt;</a>&nbsp;&nbsp;&nbsp;Status_Check
<LI><a href="#[d5]">&gt;&gt;</a>&nbsp;&nbsp;&nbsp;outputLidarData
<LI><a href="#[cc]">&gt;&gt;</a>&nbsp;&nbsp;&nbsp;lidar_Init
<LI><a href="#[8e]">&gt;&gt;</a>&nbsp;&nbsp;&nbsp;main
</UL>

<P><STRONG><a name="[b9]"></a>VL53L1X_BootState</STRONG> (Thumb, 34 bytes, Stack size 24 bytes, vl53l1x_api.o(i.VL53L1X_BootState))
<BR><BR>[Stack]<UL><LI>Max Depth = 92<LI>Call Chain = VL53L1X_BootState &rArr; VL53L1_RdByte &rArr; writeRegisterIndex &rArr; FlashI2CTx &rArr; FlashLED1 &rArr; SysTick_Wait1ms &rArr; SysTick_Wait
</UL>
<BR>[Calls]<UL><LI><a href="#[ba]">&gt;&gt;</a>&nbsp;&nbsp;&nbsp;VL53L1_RdByte
</UL>
<BR>[Called By]<UL><LI><a href="#[cc]">&gt;&gt;</a>&nbsp;&nbsp;&nbsp;lidar_Init
</UL>

<P><STRONG><a name="[bb]"></a>VL53L1X_CheckForDataReady</STRONG> (Thumb, 62 bytes, Stack size 24 bytes, vl53l1x_api.o(i.VL53L1X_CheckForDataReady))
<BR><BR>[Stack]<UL><LI>Max Depth = 116<LI>Call Chain = VL53L1X_CheckForDataReady &rArr; VL53L1X_GetInterruptPolarity &rArr; VL53L1_RdByte &rArr; writeRegisterIndex &rArr; FlashI2CTx &rArr; FlashLED1 &rArr; SysTick_Wait1ms &rArr; SysTick_Wait
</UL>
<BR>[Calls]<UL><LI><a href="#[bc]">&gt;&gt;</a>&nbsp;&nbsp;&nbsp;VL53L1X_GetInterruptPolarity
<LI><a href="#[ba]">&gt;&gt;</a>&nbsp;&nbsp;&nbsp;VL53L1_RdByte
</UL>
<BR>[Called By]<UL><LI><a href="#[c3]">&gt;&gt;</a>&nbsp;&nbsp;&nbsp;VL53L1X_SensorInit
<LI><a href="#[d5]">&gt;&gt;</a>&nbsp;&nbsp;&nbsp;outputLidarData
</UL>

<P><STRONG><a name="[bd]"></a>VL53L1X_ClearInterrupt</STRONG> (Thumb, 22 bytes, Stack size 16 bytes, vl53l1x_api.o(i.VL53L1X_ClearInterrupt))
<BR><BR>[Stack]<UL><LI>Max Depth = 92<LI>Call Chain = VL53L1X_ClearInterrupt &rArr; VL53L1_WrByte &rArr; writeRegisterIndex_nostop &rArr; FlashI2CTx &rArr; FlashLED1 &rArr; SysTick_Wait1ms &rArr; SysTick_Wait
</UL>
<BR>[Calls]<UL><LI><a href="#[be]">&gt;&gt;</a>&nbsp;&nbsp;&nbsp;VL53L1_WrByte
</UL>
<BR>[Called By]<UL><LI><a href="#[c3]">&gt;&gt;</a>&nbsp;&nbsp;&nbsp;VL53L1X_SensorInit
<LI><a href="#[d5]">&gt;&gt;</a>&nbsp;&nbsp;&nbsp;outputLidarData
<LI><a href="#[cc]">&gt;&gt;</a>&nbsp;&nbsp;&nbsp;lidar_Init
</UL>

<P><STRONG><a name="[bf]"></a>VL53L1X_GetDistance</STRONG> (Thumb, 30 bytes, Stack size 24 bytes, vl53l1x_api.o(i.VL53L1X_GetDistance))
<BR><BR>[Stack]<UL><LI>Max Depth = 100<LI>Call Chain = VL53L1X_GetDistance &rArr; VL53L1_RdWord &rArr; writeRegisterIndex &rArr; FlashI2CTx &rArr; FlashLED1 &rArr; SysTick_Wait1ms &rArr; SysTick_Wait
</UL>
<BR>[Calls]<UL><LI><a href="#[c0]">&gt;&gt;</a>&nbsp;&nbsp;&nbsp;VL53L1_RdWord
</UL>
<BR>[Called By]<UL><LI><a href="#[d5]">&gt;&gt;</a>&nbsp;&nbsp;&nbsp;outputLidarData
</UL>

<P><STRONG><a name="[bc]"></a>VL53L1X_GetInterruptPolarity</STRONG> (Thumb, 50 bytes, Stack size 24 bytes, vl53l1x_api.o(i.VL53L1X_GetInterruptPolarity))
<BR><BR>[Stack]<UL><LI>Max Depth = 92<LI>Call Chain = VL53L1X_GetInterruptPolarity &rArr; VL53L1_RdByte &rArr; writeRegisterIndex &rArr; FlashI2CTx &rArr; FlashLED1 &rArr; SysTick_Wait1ms &rArr; SysTick_Wait
</UL>
<BR>[Calls]<UL><LI><a href="#[ba]">&gt;&gt;</a>&nbsp;&nbsp;&nbsp;VL53L1_RdByte
</UL>
<BR>[Called By]<UL><LI><a href="#[bb]">&gt;&gt;</a>&nbsp;&nbsp;&nbsp;VL53L1X_CheckForDataReady
</UL>

<P><STRONG><a name="[c1]"></a>VL53L1X_GetRangeStatus</STRONG> (Thumb, 56 bytes, Stack size 24 bytes, vl53l1x_api.o(i.VL53L1X_GetRangeStatus))
<BR><BR>[Stack]<UL><LI>Max Depth = 92<LI>Call Chain = VL53L1X_GetRangeStatus &rArr; VL53L1_RdByte &rArr; writeRegisterIndex &rArr; FlashI2CTx &rArr; FlashLED1 &rArr; SysTick_Wait1ms &rArr; SysTick_Wait
</UL>
<BR>[Calls]<UL><LI><a href="#[ba]">&gt;&gt;</a>&nbsp;&nbsp;&nbsp;VL53L1_RdByte
</UL>
<BR>[Called By]<UL><LI><a href="#[d5]">&gt;&gt;</a>&nbsp;&nbsp;&nbsp;outputLidarData
</UL>

<P><STRONG><a name="[c2]"></a>VL53L1X_GetSensorId</STRONG> (Thumb, 36 bytes, Stack size 24 bytes, vl53l1x_api.o(i.VL53L1X_GetSensorId))
<BR><BR>[Stack]<UL><LI>Max Depth = 100<LI>Call Chain = VL53L1X_GetSensorId &rArr; VL53L1_RdWord &rArr; writeRegisterIndex &rArr; FlashI2CTx &rArr; FlashLED1 &rArr; SysTick_Wait1ms &rArr; SysTick_Wait
</UL>
<BR>[Calls]<UL><LI><a href="#[c0]">&gt;&gt;</a>&nbsp;&nbsp;&nbsp;VL53L1_RdWord
</UL>
<BR>[Called By]<UL><LI><a href="#[cc]">&gt;&gt;</a>&nbsp;&nbsp;&nbsp;lidar_Init
</UL>

<P><STRONG><a name="[c3]"></a>VL53L1X_SensorInit</STRONG> (Thumb, 174 bytes, Stack size 24 bytes, vl53l1x_api.o(i.VL53L1X_SensorInit))
<BR><BR>[Stack]<UL><LI>Max Depth = 160 + Unknown Stack Size
<LI>Call Chain = VL53L1X_SensorInit &rArr; Status_Check &rArr; __2sprintf &rArr; _printf_char_common &rArr; __printf
</UL>
<BR>[Calls]<UL><LI><a href="#[c5]">&gt;&gt;</a>&nbsp;&nbsp;&nbsp;VL53L1X_StopRanging
<LI><a href="#[c4]">&gt;&gt;</a>&nbsp;&nbsp;&nbsp;VL53L1X_StartRanging
<LI><a href="#[bd]">&gt;&gt;</a>&nbsp;&nbsp;&nbsp;VL53L1X_ClearInterrupt
<LI><a href="#[bb]">&gt;&gt;</a>&nbsp;&nbsp;&nbsp;VL53L1X_CheckForDataReady
<LI><a href="#[be]">&gt;&gt;</a>&nbsp;&nbsp;&nbsp;VL53L1_WrByte
<LI><a href="#[ba]">&gt;&gt;</a>&nbsp;&nbsp;&nbsp;VL53L1_RdByte
<LI><a href="#[b4]">&gt;&gt;</a>&nbsp;&nbsp;&nbsp;Status_Check
<LI><a href="#[b5]">&gt;&gt;</a>&nbsp;&nbsp;&nbsp;UART_printf
</UL>
<BR>[Called By]<UL><LI><a href="#[cc]">&gt;&gt;</a>&nbsp;&nbsp;&nbsp;lidar_Init
</UL>

<P><STRONG><a name="[c4]"></a>VL53L1X_StartRanging</STRONG> (Thumb, 22 bytes, Stack size 16 bytes, vl53l1x_api.o(i.VL53L1X_StartRanging))
<BR><BR>[Stack]<UL><LI>Max Depth = 92<LI>Call Chain = VL53L1X_StartRanging &rArr; VL53L1_WrByte &rArr; writeRegisterIndex_nostop &rArr; FlashI2CTx &rArr; FlashLED1 &rArr; SysTick_Wait1ms &rArr; SysTick_Wait
</UL>
<BR>[Calls]<UL><LI><a href="#[be]">&gt;&gt;</a>&nbsp;&nbsp;&nbsp;VL53L1_WrByte
</UL>
<BR>[Called By]<UL><LI><a href="#[c3]">&gt;&gt;</a>&nbsp;&nbsp;&nbsp;VL53L1X_SensorInit
<LI><a href="#[cc]">&gt;&gt;</a>&nbsp;&nbsp;&nbsp;lidar_Init
</UL>

<P><STRONG><a name="[c5]"></a>VL53L1X_StopRanging</STRONG> (Thumb, 22 bytes, Stack size 16 bytes, vl53l1x_api.o(i.VL53L1X_StopRanging))
<BR><BR>[Stack]<UL><LI>Max Depth = 92<LI>Call Chain = VL53L1X_StopRanging &rArr; VL53L1_WrByte &rArr; writeRegisterIndex_nostop &rArr; FlashI2CTx &rArr; FlashLED1 &rArr; SysTick_Wait1ms &rArr; SysTick_Wait
</UL>
<BR>[Calls]<UL><LI><a href="#[be]">&gt;&gt;</a>&nbsp;&nbsp;&nbsp;VL53L1_WrByte
</UL>
<BR>[Called By]<UL><LI><a href="#[c3]">&gt;&gt;</a>&nbsp;&nbsp;&nbsp;VL53L1X_SensorInit
</UL>

<P><STRONG><a name="[ba]"></a>VL53L1_RdByte</STRONG> (Thumb, 36 bytes, Stack size 16 bytes, vl53l1_platform_2dx4.o(i.VL53L1_RdByte))
<BR><BR>[Stack]<UL><LI>Max Depth = 68<LI>Call Chain = VL53L1_RdByte &rArr; writeRegisterIndex &rArr; FlashI2CTx &rArr; FlashLED1 &rArr; SysTick_Wait1ms &rArr; SysTick_Wait
</UL>
<BR>[Calls]<UL><LI><a href="#[c7]">&gt;&gt;</a>&nbsp;&nbsp;&nbsp;writeRegisterIndex
<LI><a href="#[c9]">&gt;&gt;</a>&nbsp;&nbsp;&nbsp;readI2C
<LI><a href="#[c6]">&gt;&gt;</a>&nbsp;&nbsp;&nbsp;beginTxI2C
<LI><a href="#[c8]">&gt;&gt;</a>&nbsp;&nbsp;&nbsp;beginRxI2C
</UL>
<BR>[Called By]<UL><LI><a href="#[c3]">&gt;&gt;</a>&nbsp;&nbsp;&nbsp;VL53L1X_SensorInit
<LI><a href="#[c1]">&gt;&gt;</a>&nbsp;&nbsp;&nbsp;VL53L1X_GetRangeStatus
<LI><a href="#[bc]">&gt;&gt;</a>&nbsp;&nbsp;&nbsp;VL53L1X_GetInterruptPolarity
<LI><a href="#[bb]">&gt;&gt;</a>&nbsp;&nbsp;&nbsp;VL53L1X_CheckForDataReady
<LI><a href="#[b9]">&gt;&gt;</a>&nbsp;&nbsp;&nbsp;VL53L1X_BootState
<LI><a href="#[cc]">&gt;&gt;</a>&nbsp;&nbsp;&nbsp;lidar_Init
</UL>

<P><STRONG><a name="[c0]"></a>VL53L1_RdWord</STRONG> (Thumb, 56 bytes, Stack size 24 bytes, vl53l1_platform_2dx4.o(i.VL53L1_RdWord))
<BR><BR>[Stack]<UL><LI>Max Depth = 76<LI>Call Chain = VL53L1_RdWord &rArr; writeRegisterIndex &rArr; FlashI2CTx &rArr; FlashLED1 &rArr; SysTick_Wait1ms &rArr; SysTick_Wait
</UL>
<BR>[Calls]<UL><LI><a href="#[c7]">&gt;&gt;</a>&nbsp;&nbsp;&nbsp;writeRegisterIndex
<LI><a href="#[c9]">&gt;&gt;</a>&nbsp;&nbsp;&nbsp;readI2C
<LI><a href="#[c6]">&gt;&gt;</a>&nbsp;&nbsp;&nbsp;beginTxI2C
<LI><a href="#[c8]">&gt;&gt;</a>&nbsp;&nbsp;&nbsp;beginRxI2C
</UL>
<BR>[Called By]<UL><LI><a href="#[c2]">&gt;&gt;</a>&nbsp;&nbsp;&nbsp;VL53L1X_GetSensorId
<LI><a href="#[bf]">&gt;&gt;</a>&nbsp;&nbsp;&nbsp;VL53L1X_GetDistance
<LI><a href="#[cc]">&gt;&gt;</a>&nbsp;&nbsp;&nbsp;lidar_Init
</UL>

<P><STRONG><a name="[be]"></a>VL53L1_WrByte</STRONG> (Thumb, 30 bytes, Stack size 24 bytes, vl53l1_platform_2dx4.o(i.VL53L1_WrByte))
<BR><BR>[Stack]<UL><LI>Max Depth = 76<LI>Call Chain = VL53L1_WrByte &rArr; writeRegisterIndex_nostop &rArr; FlashI2CTx &rArr; FlashLED1 &rArr; SysTick_Wait1ms &rArr; SysTick_Wait
</UL>
<BR>[Calls]<UL><LI><a href="#[ca]">&gt;&gt;</a>&nbsp;&nbsp;&nbsp;writeRegisterIndex_nostop
<LI><a href="#[cb]">&gt;&gt;</a>&nbsp;&nbsp;&nbsp;writeI2C
<LI><a href="#[c6]">&gt;&gt;</a>&nbsp;&nbsp;&nbsp;beginTxI2C
</UL>
<BR>[Called By]<UL><LI><a href="#[c5]">&gt;&gt;</a>&nbsp;&nbsp;&nbsp;VL53L1X_StopRanging
<LI><a href="#[c4]">&gt;&gt;</a>&nbsp;&nbsp;&nbsp;VL53L1X_StartRanging
<LI><a href="#[c3]">&gt;&gt;</a>&nbsp;&nbsp;&nbsp;VL53L1X_SensorInit
<LI><a href="#[bd]">&gt;&gt;</a>&nbsp;&nbsp;&nbsp;VL53L1X_ClearInterrupt
</UL>

<P><STRONG><a name="[a0]"></a>__ARM_fpclassify</STRONG> (Thumb, 48 bytes, Stack size 8 bytes, fpclassify.o(i.__ARM_fpclassify))
<BR><BR>[Stack]<UL><LI>Max Depth = 8<LI>Call Chain = __ARM_fpclassify
</UL>
<BR>[Called By]<UL><LI><a href="#[9f]">&gt;&gt;</a>&nbsp;&nbsp;&nbsp;_printf_fp_dec_real
</UL>

<P><STRONG><a name="[c8]"></a>beginRxI2C</STRONG> (Thumb, 24 bytes, Stack size 0 bytes, vl53l1_platform_2dx4.o(i.beginRxI2C))
<BR><BR>[Called By]<UL><LI><a href="#[c0]">&gt;&gt;</a>&nbsp;&nbsp;&nbsp;VL53L1_RdWord
<LI><a href="#[ba]">&gt;&gt;</a>&nbsp;&nbsp;&nbsp;VL53L1_RdByte
</UL>

<P><STRONG><a name="[c6]"></a>beginTxI2C</STRONG> (Thumb, 24 bytes, Stack size 0 bytes, vl53l1_platform_2dx4.o(i.beginTxI2C))
<BR><BR>[Called By]<UL><LI><a href="#[be]">&gt;&gt;</a>&nbsp;&nbsp;&nbsp;VL53L1_WrByte
<LI><a href="#[c0]">&gt;&gt;</a>&nbsp;&nbsp;&nbsp;VL53L1_RdWord
<LI><a href="#[ba]">&gt;&gt;</a>&nbsp;&nbsp;&nbsp;VL53L1_RdByte
</UL>

<P><STRONG><a name="[cc]"></a>lidar_Init</STRONG> (Thumb, 264 bytes, Stack size 40 bytes, lidar.o(i.lidar_Init))
<BR><BR>[Stack]<UL><LI>Max Depth = 200 + Unknown Stack Size
<LI>Call Chain = lidar_Init &rArr; VL53L1X_SensorInit &rArr; Status_Check &rArr; __2sprintf &rArr; _printf_char_common &rArr; __printf
</UL>
<BR>[Calls]<UL><LI><a href="#[c4]">&gt;&gt;</a>&nbsp;&nbsp;&nbsp;VL53L1X_StartRanging
<LI><a href="#[c3]">&gt;&gt;</a>&nbsp;&nbsp;&nbsp;VL53L1X_SensorInit
<LI><a href="#[c2]">&gt;&gt;</a>&nbsp;&nbsp;&nbsp;VL53L1X_GetSensorId
<LI><a href="#[bd]">&gt;&gt;</a>&nbsp;&nbsp;&nbsp;VL53L1X_ClearInterrupt
<LI><a href="#[b9]">&gt;&gt;</a>&nbsp;&nbsp;&nbsp;VL53L1X_BootState
<LI><a href="#[c0]">&gt;&gt;</a>&nbsp;&nbsp;&nbsp;VL53L1_RdWord
<LI><a href="#[ba]">&gt;&gt;</a>&nbsp;&nbsp;&nbsp;VL53L1_RdByte
<LI><a href="#[b4]">&gt;&gt;</a>&nbsp;&nbsp;&nbsp;Status_Check
<LI><a href="#[ac]">&gt;&gt;</a>&nbsp;&nbsp;&nbsp;FlashAllLEDs
<LI><a href="#[b6]">&gt;&gt;</a>&nbsp;&nbsp;&nbsp;SysTick_Wait10ms
<LI><a href="#[b5]">&gt;&gt;</a>&nbsp;&nbsp;&nbsp;UART_printf
<LI><a href="#[94]">&gt;&gt;</a>&nbsp;&nbsp;&nbsp;__2sprintf
</UL>
<BR>[Called By]<UL><LI><a href="#[8e]">&gt;&gt;</a>&nbsp;&nbsp;&nbsp;main
</UL>

<P><STRONG><a name="[8e]"></a>main</STRONG> (Thumb, 266 bytes, Stack size 0 bytes, main.o(i.main))
<BR><BR>[Stack]<UL><LI>Max Depth = 200 + Unknown Stack Size
<LI>Call Chain = main &rArr; lidar_Init &rArr; VL53L1X_SensorInit &rArr; Status_Check &rArr; __2sprintf &rArr; _printf_char_common &rArr; __printf
</UL>
<BR>[Calls]<UL><LI><a href="#[d7]">&gt;&gt;</a>&nbsp;&nbsp;&nbsp;setDistanceLED
<LI><a href="#[d6]">&gt;&gt;</a>&nbsp;&nbsp;&nbsp;rotate
<LI><a href="#[d5]">&gt;&gt;</a>&nbsp;&nbsp;&nbsp;outputLidarData
<LI><a href="#[d1]">&gt;&gt;</a>&nbsp;&nbsp;&nbsp;onboardLEDs_Init
<LI><a href="#[cc]">&gt;&gt;</a>&nbsp;&nbsp;&nbsp;lidar_Init
<LI><a href="#[b5]">&gt;&gt;</a>&nbsp;&nbsp;&nbsp;UART_printf
<LI><a href="#[d3]">&gt;&gt;</a>&nbsp;&nbsp;&nbsp;UART_Init
<LI><a href="#[d0]">&gt;&gt;</a>&nbsp;&nbsp;&nbsp;SysTick_Init
<LI><a href="#[b2]">&gt;&gt;</a>&nbsp;&nbsp;&nbsp;StartStop_Init
<LI><a href="#[ce]">&gt;&gt;</a>&nbsp;&nbsp;&nbsp;PortE_Init
<LI><a href="#[cf]">&gt;&gt;</a>&nbsp;&nbsp;&nbsp;PLL_Init
<LI><a href="#[d2]">&gt;&gt;</a>&nbsp;&nbsp;&nbsp;I2C_Init
<LI><a href="#[d4]">&gt;&gt;</a>&nbsp;&nbsp;&nbsp;setDisplacementLED
<LI><a href="#[cd]">&gt;&gt;</a>&nbsp;&nbsp;&nbsp;PortL_Init
<LI><a href="#[d8]">&gt;&gt;</a>&nbsp;&nbsp;&nbsp;__aeabi_dadd
</UL>
<BR>[Called By]<UL><LI><a href="#[8d]">&gt;&gt;</a>&nbsp;&nbsp;&nbsp;__rt_entry_main
</UL>

<P><STRONG><a name="[d1]"></a>onboardLEDs_Init</STRONG> (Thumb, 172 bytes, Stack size 8 bytes, onboardleds.o(i.onboardLEDs_Init))
<BR><BR>[Stack]<UL><LI>Max Depth = 36<LI>Call Chain = onboardLEDs_Init &rArr; FlashAllLEDs &rArr; SysTick_Wait1ms &rArr; SysTick_Wait
</UL>
<BR>[Calls]<UL><LI><a href="#[ac]">&gt;&gt;</a>&nbsp;&nbsp;&nbsp;FlashAllLEDs
</UL>
<BR>[Called By]<UL><LI><a href="#[8e]">&gt;&gt;</a>&nbsp;&nbsp;&nbsp;main
</UL>

<P><STRONG><a name="[d5]"></a>outputLidarData</STRONG> (Thumb, 154 bytes, Stack size 56 bytes, lidar.o(i.outputLidarData))
<BR><BR>[Stack]<UL><LI>Max Depth = 176 + Unknown Stack Size
<LI>Call Chain = outputLidarData &rArr; __2sprintf &rArr; _printf_char_common &rArr; __printf
</UL>
<BR>[Calls]<UL><LI><a href="#[c1]">&gt;&gt;</a>&nbsp;&nbsp;&nbsp;VL53L1X_GetRangeStatus
<LI><a href="#[bf]">&gt;&gt;</a>&nbsp;&nbsp;&nbsp;VL53L1X_GetDistance
<LI><a href="#[bd]">&gt;&gt;</a>&nbsp;&nbsp;&nbsp;VL53L1X_ClearInterrupt
<LI><a href="#[bb]">&gt;&gt;</a>&nbsp;&nbsp;&nbsp;VL53L1X_CheckForDataReady
<LI><a href="#[b5]">&gt;&gt;</a>&nbsp;&nbsp;&nbsp;UART_printf
<LI><a href="#[da]">&gt;&gt;</a>&nbsp;&nbsp;&nbsp;__aeabi_dmul
<LI><a href="#[d9]">&gt;&gt;</a>&nbsp;&nbsp;&nbsp;__aeabi_i2d
<LI><a href="#[94]">&gt;&gt;</a>&nbsp;&nbsp;&nbsp;__2sprintf
</UL>
<BR>[Called By]<UL><LI><a href="#[8e]">&gt;&gt;</a>&nbsp;&nbsp;&nbsp;main
</UL>

<P><STRONG><a name="[c9]"></a>readI2C</STRONG> (Thumb, 70 bytes, Stack size 8 bytes, vl53l1_platform_2dx4.o(i.readI2C))
<BR><BR>[Stack]<UL><LI>Max Depth = 44<LI>Call Chain = readI2C &rArr; FlashI2CRx &rArr; FlashLED2 &rArr; SysTick_Wait1ms &rArr; SysTick_Wait
</UL>
<BR>[Calls]<UL><LI><a href="#[ae]">&gt;&gt;</a>&nbsp;&nbsp;&nbsp;FlashI2CRx
<LI><a href="#[ad]">&gt;&gt;</a>&nbsp;&nbsp;&nbsp;FlashI2CError
</UL>
<BR>[Called By]<UL><LI><a href="#[c0]">&gt;&gt;</a>&nbsp;&nbsp;&nbsp;VL53L1_RdWord
<LI><a href="#[ba]">&gt;&gt;</a>&nbsp;&nbsp;&nbsp;VL53L1_RdByte
</UL>

<P><STRONG><a name="[d6]"></a>rotate</STRONG> (Thumb, 30 bytes, Stack size 16 bytes, steppermotor.o(i.rotate))
<BR><BR>[Stack]<UL><LI>Max Depth = 44<LI>Call Chain = rotate &rArr; DutyCycleReverse &rArr; SysTick_Wait1ms &rArr; SysTick_Wait
</UL>
<BR>[Calls]<UL><LI><a href="#[ab]">&gt;&gt;</a>&nbsp;&nbsp;&nbsp;DutyCycleReverse
<LI><a href="#[a9]">&gt;&gt;</a>&nbsp;&nbsp;&nbsp;DutyCycleForward
</UL>
<BR>[Called By]<UL><LI><a href="#[8e]">&gt;&gt;</a>&nbsp;&nbsp;&nbsp;main
</UL>

<P><STRONG><a name="[d4]"></a>setDisplacementLED</STRONG> (Thumb, 18 bytes, Stack size 0 bytes, main.o(i.setDisplacementLED))
<BR><BR>[Called By]<UL><LI><a href="#[8e]">&gt;&gt;</a>&nbsp;&nbsp;&nbsp;main
</UL>

<P><STRONG><a name="[d7]"></a>setDistanceLED</STRONG> (Thumb, 18 bytes, Stack size 0 bytes, onboardleds.o(i.setDistanceLED))
<BR><BR>[Called By]<UL><LI><a href="#[8e]">&gt;&gt;</a>&nbsp;&nbsp;&nbsp;main
</UL>

<P><STRONG><a name="[cb]"></a>writeI2C</STRONG> (Thumb, 154 bytes, Stack size 16 bytes, vl53l1_platform_2dx4.o(i.writeI2C))
<BR><BR>[Stack]<UL><LI>Max Depth = 52<LI>Call Chain = writeI2C &rArr; FlashI2CTx &rArr; FlashLED1 &rArr; SysTick_Wait1ms &rArr; SysTick_Wait
</UL>
<BR>[Calls]<UL><LI><a href="#[b0]">&gt;&gt;</a>&nbsp;&nbsp;&nbsp;FlashI2CTx
<LI><a href="#[ad]">&gt;&gt;</a>&nbsp;&nbsp;&nbsp;FlashI2CError
</UL>
<BR>[Called By]<UL><LI><a href="#[be]">&gt;&gt;</a>&nbsp;&nbsp;&nbsp;VL53L1_WrByte
</UL>

<P><STRONG><a name="[c7]"></a>writeRegisterIndex</STRONG> (Thumb, 132 bytes, Stack size 16 bytes, vl53l1_platform_2dx4.o(i.writeRegisterIndex))
<BR><BR>[Stack]<UL><LI>Max Depth = 52<LI>Call Chain = writeRegisterIndex &rArr; FlashI2CTx &rArr; FlashLED1 &rArr; SysTick_Wait1ms &rArr; SysTick_Wait
</UL>
<BR>[Calls]<UL><LI><a href="#[b0]">&gt;&gt;</a>&nbsp;&nbsp;&nbsp;FlashI2CTx
<LI><a href="#[ad]">&gt;&gt;</a>&nbsp;&nbsp;&nbsp;FlashI2CError
</UL>
<BR>[Called By]<UL><LI><a href="#[c0]">&gt;&gt;</a>&nbsp;&nbsp;&nbsp;VL53L1_RdWord
<LI><a href="#[ba]">&gt;&gt;</a>&nbsp;&nbsp;&nbsp;VL53L1_RdByte
</UL>

<P><STRONG><a name="[ca]"></a>writeRegisterIndex_nostop</STRONG> (Thumb, 132 bytes, Stack size 16 bytes, vl53l1_platform_2dx4.o(i.writeRegisterIndex_nostop))
<BR><BR>[Stack]<UL><LI>Max Depth = 52<LI>Call Chain = writeRegisterIndex_nostop &rArr; FlashI2CTx &rArr; FlashLED1 &rArr; SysTick_Wait1ms &rArr; SysTick_Wait
</UL>
<BR>[Calls]<UL><LI><a href="#[b0]">&gt;&gt;</a>&nbsp;&nbsp;&nbsp;FlashI2CTx
<LI><a href="#[ad]">&gt;&gt;</a>&nbsp;&nbsp;&nbsp;FlashI2CError
</UL>
<BR>[Called By]<UL><LI><a href="#[be]">&gt;&gt;</a>&nbsp;&nbsp;&nbsp;VL53L1_WrByte
</UL>

<P><STRONG><a name="[88]"></a>_get_lc_numeric</STRONG> (Thumb, 44 bytes, Stack size 8 bytes, lc_numeric_c.o(locale$$code))
<BR><BR>[Stack]<UL><LI>Max Depth = 8<LI>Call Chain = _get_lc_numeric
</UL>
<BR>[Calls]<UL><LI><a href="#[db]">&gt;&gt;</a>&nbsp;&nbsp;&nbsp;strcmp
</UL>
<BR>[Called By]<UL><LI><a href="#[87]">&gt;&gt;</a>&nbsp;&nbsp;&nbsp;__rt_lib_init_lc_numeric_2
</UL>

<P><STRONG><a name="[d8]"></a>__aeabi_dadd</STRONG> (Thumb, 0 bytes, Stack size 16 bytes, daddsub_clz.o(x$fpl$dadd))
<BR><BR>[Stack]<UL><LI>Max Depth = 16<LI>Call Chain = __aeabi_dadd
</UL>
<BR>[Called By]<UL><LI><a href="#[8e]">&gt;&gt;</a>&nbsp;&nbsp;&nbsp;main
</UL>

<P><STRONG><a name="[dc]"></a>_dadd</STRONG> (Thumb, 332 bytes, Stack size 16 bytes, daddsub_clz.o(x$fpl$dadd), UNUSED)
<BR><BR>[Calls]<UL><LI><a href="#[de]">&gt;&gt;</a>&nbsp;&nbsp;&nbsp;__fpl_dretinf
<LI><a href="#[df]">&gt;&gt;</a>&nbsp;&nbsp;&nbsp;__fpl_dnaninf
<LI><a href="#[dd]">&gt;&gt;</a>&nbsp;&nbsp;&nbsp;_dsub1
</UL>

<P><STRONG><a name="[d9]"></a>__aeabi_i2d</STRONG> (Thumb, 0 bytes, Stack size 0 bytes, dflt_clz.o(x$fpl$dflt))
<BR><BR>[Called By]<UL><LI><a href="#[d5]">&gt;&gt;</a>&nbsp;&nbsp;&nbsp;outputLidarData
</UL>

<P><STRONG><a name="[110]"></a>_dflt</STRONG> (Thumb, 46 bytes, Stack size 0 bytes, dflt_clz.o(x$fpl$dflt), UNUSED)

<P><STRONG><a name="[da]"></a>__aeabi_dmul</STRONG> (Thumb, 0 bytes, Stack size 32 bytes, dmul.o(x$fpl$dmul))
<BR><BR>[Stack]<UL><LI>Max Depth = 32<LI>Call Chain = __aeabi_dmul
</UL>
<BR>[Called By]<UL><LI><a href="#[d5]">&gt;&gt;</a>&nbsp;&nbsp;&nbsp;outputLidarData
</UL>

<P><STRONG><a name="[e0]"></a>_dmul</STRONG> (Thumb, 332 bytes, Stack size 32 bytes, dmul.o(x$fpl$dmul), UNUSED)
<BR><BR>[Calls]<UL><LI><a href="#[de]">&gt;&gt;</a>&nbsp;&nbsp;&nbsp;__fpl_dretinf
<LI><a href="#[df]">&gt;&gt;</a>&nbsp;&nbsp;&nbsp;__fpl_dnaninf
</UL>

<P><STRONG><a name="[df]"></a>__fpl_dnaninf</STRONG> (Thumb, 156 bytes, Stack size 16 bytes, dnaninf.o(x$fpl$dnaninf), UNUSED)
<BR><BR>[Called By]<UL><LI><a href="#[e0]">&gt;&gt;</a>&nbsp;&nbsp;&nbsp;_dmul
<LI><a href="#[e1]">&gt;&gt;</a>&nbsp;&nbsp;&nbsp;_dsub
<LI><a href="#[dc]">&gt;&gt;</a>&nbsp;&nbsp;&nbsp;_dadd
</UL>

<P><STRONG><a name="[de]"></a>__fpl_dretinf</STRONG> (Thumb, 12 bytes, Stack size 0 bytes, dretinf.o(x$fpl$dretinf), UNUSED)
<BR><BR>[Called By]<UL><LI><a href="#[e0]">&gt;&gt;</a>&nbsp;&nbsp;&nbsp;_dmul
<LI><a href="#[dc]">&gt;&gt;</a>&nbsp;&nbsp;&nbsp;_dadd
</UL>

<P><STRONG><a name="[111]"></a>__aeabi_dsub</STRONG> (Thumb, 0 bytes, Stack size 32 bytes, daddsub_clz.o(x$fpl$dsub), UNUSED)

<P><STRONG><a name="[e1]"></a>_dsub</STRONG> (Thumb, 464 bytes, Stack size 32 bytes, daddsub_clz.o(x$fpl$dsub), UNUSED)
<BR><BR>[Calls]<UL><LI><a href="#[df]">&gt;&gt;</a>&nbsp;&nbsp;&nbsp;__fpl_dnaninf
<LI><a href="#[e2]">&gt;&gt;</a>&nbsp;&nbsp;&nbsp;_dadd1
</UL>

<P><STRONG><a name="[84]"></a>_fp_init</STRONG> (Thumb, 10 bytes, Stack size 0 bytes, fpinit.o(x$fpl$fpinit))
<BR><BR>[Called By]<UL><LI><a href="#[83]">&gt;&gt;</a>&nbsp;&nbsp;&nbsp;__rt_lib_init_fp_1
</UL>

<P><STRONG><a name="[112]"></a>__fplib_config_fpu_vfp</STRONG> (Thumb, 0 bytes, Stack size unknown bytes, fpinit.o(x$fpl$fpinit), UNUSED)

<P><STRONG><a name="[113]"></a>__fplib_config_pureend_doubles</STRONG> (Thumb, 0 bytes, Stack size unknown bytes, fpinit.o(x$fpl$fpinit), UNUSED)

<P><STRONG><a name="[7d]"></a>_printf_fp_dec</STRONG> (Thumb, 4 bytes, Stack size 0 bytes, printf1.o(x$fpl$printf1))
<BR><BR>[Stack]<UL><LI>Max Depth = 324<LI>Call Chain = _printf_fp_dec &rArr; _printf_fp_dec_real &rArr; _fp_digits &rArr; _btod_etento &rArr; _btod_emul &rArr; _e2e
</UL>
<BR>[Calls]<UL><LI><a href="#[9f]">&gt;&gt;</a>&nbsp;&nbsp;&nbsp;_printf_fp_dec_real
</UL>
<BR>[Called By]<UL><LI><a href="#[7c]">&gt;&gt;</a>&nbsp;&nbsp;&nbsp;_printf_f
</UL>
<P>
<H3>
Local Symbols
</H3>
<P><STRONG><a name="[e2]"></a>_dadd1</STRONG> (Thumb, 0 bytes, Stack size unknown bytes, daddsub_clz.o(x$fpl$dadd), UNUSED)
<BR><BR>[Called By]<UL><LI><a href="#[e1]">&gt;&gt;</a>&nbsp;&nbsp;&nbsp;_dsub
</UL>

<P><STRONG><a name="[dd]"></a>_dsub1</STRONG> (Thumb, 0 bytes, Stack size unknown bytes, daddsub_clz.o(x$fpl$dsub), UNUSED)
<BR><BR>[Called By]<UL><LI><a href="#[dc]">&gt;&gt;</a>&nbsp;&nbsp;&nbsp;_dadd
</UL>

<P><STRONG><a name="[99]"></a>_fp_digits</STRONG> (Thumb, 432 bytes, Stack size 96 bytes, _printf_fp_dec.o(.text))
<BR><BR>[Stack]<UL><LI>Max Depth = 220<LI>Call Chain = _fp_digits &rArr; _btod_etento &rArr; _btod_emul &rArr; _e2e
</UL>
<BR>[Calls]<UL><LI><a href="#[9d]">&gt;&gt;</a>&nbsp;&nbsp;&nbsp;_btod_emul
<LI><a href="#[9c]">&gt;&gt;</a>&nbsp;&nbsp;&nbsp;_btod_ediv
<LI><a href="#[9b]">&gt;&gt;</a>&nbsp;&nbsp;&nbsp;_btod_d2e
<LI><a href="#[9a]">&gt;&gt;</a>&nbsp;&nbsp;&nbsp;_btod_etento
<LI><a href="#[9e]">&gt;&gt;</a>&nbsp;&nbsp;&nbsp;_ll_udiv10
</UL>
<BR>[Called By]<UL><LI><a href="#[9f]">&gt;&gt;</a>&nbsp;&nbsp;&nbsp;_printf_fp_dec_real
</UL>

<P><STRONG><a name="[74]"></a>_printf_input_char</STRONG> (Thumb, 10 bytes, Stack size 0 bytes, _printf_char_common.o(.text))
<BR>[Address Reference Count : 1]<UL><LI> _printf_char_common.o(.text)
</UL><P>
<H3>
Undefined Global Symbols
</H3><HR></body></html>
