<html>
<body>
<pre>
<h1>µVision Build Log</h1>
<h2>Tool Versions:</h2>
IDE-Version: µVision V5.29.0.0
Copyright (C) 2019 ARM Ltd and ARM Germany GmbH. All rights reserved.
License Information: Aaron Pinto, McMaster University, LIC=----
 
Tool Versions:
Toolchain:       MDK-Lite  Version: 5.29.0.0
Toolchain Path:  C:\Keil_v5\ARM\ARMCC\Bin
C Compiler:      Armcc.exe V5.06 update 6 (build 750)
Assembler:       Armasm.exe V5.06 update 6 (build 750)
Linker/Locator:  ArmLink.exe V5.06 update 6 (build 750)
Library Manager: ArmAr.exe V5.06 update 6 (build 750)
Hex Converter:   FromElf.exe V5.06 update 6 (build 750)
CPU DLL:         SARMCM3.DLL V5.29.0.0
Dialog DLL:      DCM.DLL V1.17.3.0
Target DLL:      CMSIS_AGDI.dll V1.32.0.0
Dialog DLL:      TCM.DLL V1.36.5.0
 
<h2>Project:</h2>
D:\2DX4\2DX4_FinalProject\Keil\2DX4_FinalProject.uvprojx
Project File Date:  04/14/2020

<h2>Output:</h2>
*** Using Compiler 'V5.06 update 6 (build 750)', folder: 'C:\Keil_v5\ARM\ARMCC\Bin'
Rebuild target 'Target 1'
compiling PLL.c...
compiling SysTick.c...
compiling VL53L1X_api.c...
VL53L1X_api.c(271): warning:  #177-D: variable "tmp"  was declared but never referenced
  	uint8_t tmp;
VL53L1X_api.c: 1 warning, 0 errors
compiling onboardLEDs.c...
compiling startStop.c...
compiling uart.c...
compiling i2c.c...
compiling main.c...
compiling lidar.c...
lidar.c(19): warning:  #177-D: variable "ToFSensor"  was declared but never referenced
    uint8_t ToFSensor = 1; // 0=Left, 1=Center(default), 2=Right
lidar.c: 1 warning, 0 errors
compiling vl53l1_platform_2dx4.c...
vl53l1_platform_2dx4.c(289): warning:  #167-D: argument of type "uint32_t *" is incompatible with parameter of type "uint8_t *"
  	writeI2C(&data, 4);	
vl53l1_platform_2dx4.c: 1 warning, 0 errors
assembling startup_msp432e401y_uvision.s...
compiling stepperMotor.c...
stepperMotor.c(7): warning:  #3170-D: use of a const variable in a constant expression is nonstandard in C
  const double degPerStep = 360.0 / stepsPerRot;
stepperMotor.c(8): warning:  #3170-D: use of a const variable in a constant expression is nonstandard in C
  const int angleInSteps = 45.0 / 360.0 * stepsPerRot;
stepperMotor.c: 2 warnings, 0 errors
compiling system_msp432e401y.c...
linking...
Program Size: Code=10310 RO-data=894 RW-data=32 ZI-data=2656  
".\Objects\2DX4_FinalProject.axf" - 0 Error(s), 5 Warning(s).

<h2>Software Packages used:</h2>

Package Vendor: ARM
                http://www.keil.com/pack/ARM.CMSIS.5.6.0.pack
                ARM.CMSIS.5.6.0
                CMSIS (Cortex Microcontroller Software Interface Standard)
   * Component: CORE Version: 5.3.0

Package Vendor: TexasInstruments
                http://software-dl.ti.com/msp430/msp430_public_sw/mcu/msp430/msp432cmsis/latest/exports/TexasInstruments.MSP432E4_DFP.3.2.6.pack
                TexasInstruments.MSP432E4_DFP.3.2.6
                Device Family Pack for Texas Instruments SimpleLink(TM) MSP432E4 Series
   * Component: Startup Version: 3.2.3

<h2>Collection of Component include folders:</h2>
  .\RTE\_Target_1
  C:\Users\aaron\AppData\Local\Arm\Packs\ARM\CMSIS\5.6.0\CMSIS\Core\Include
  C:\Users\aaron\AppData\Local\Arm\Packs\TexasInstruments\MSP432E4_DFP\3.2.6\Device\Include

<h2>Collection of Component Files used:</h2>

   * Component: ARM::CMSIS:CORE:5.3.0

   * Component: TexasInstruments::Device:Startup:3.2.3
      Source file:   Device\Source\system_msp432e401y.c
      Source file:   Examples\BlinkLED\blinkLED.c
      Source file:   Examples\EmptyMain\main.c
      Source file:   Device\Source\startup_msp432e401y_uvision.s
Build Time Elapsed:  00:00:02
</pre>
</body>
</html>
