Component: ARM Compiler 5.06 update 6 (build 750) Tool: armlink [4d35ed]

==============================================================================

Section Cross References

    systick.o(i.SysTick_Wait10ms) refers to systick.o(i.SysTick_Wait) for SysTick_Wait
    milestone2.o(i.DutyCycleForward) refers to systick.o(i.SysTick_Wait10ms) for SysTick_Wait10ms
    milestone2.o(i.DutyCycleReverse) refers to systick.o(i.SysTick_Wait10ms) for SysTick_Wait10ms
    milestone2.o(i.UART_OutString) refers to milestone2.o(i.UART_OutChar) for UART_OutChar
    milestone2.o(i.getChar) refers to milestone2.o(.data) for lut
    milestone2.o(i.main) refers to _printf_percent.o(.ARM.Collect$$_printf_percent$$00000000) for _printf_percent
    milestone2.o(i.main) refers to _printf_d.o(.ARM.Collect$$_printf_percent$$00000009) for _printf_d
    milestone2.o(i.main) refers to _printf_f.o(.ARM.Collect$$_printf_percent$$00000003) for _printf_f
    milestone2.o(i.main) refers to _printf_dec.o(.text) for _printf_int_dec
    milestone2.o(i.main) refers to printf1.o(x$fpl$printf1) for _printf_fp_dec
    milestone2.o(i.main) refers to milestone2.o(i.PortE_Init) for PortE_Init
    milestone2.o(i.main) refers to milestone2.o(i.PortM_Init) for PortM_Init
    milestone2.o(i.main) refers to milestone2.o(i.PortN0N1_Init) for PortN0N1_Init
    milestone2.o(i.main) refers to milestone2.o(i.PortH_Init) for PortH_Init
    milestone2.o(i.main) refers to pll.o(i.PLL_Init) for PLL_Init
    milestone2.o(i.main) refers to systick.o(i.SysTick_Init) for SysTick_Init
    milestone2.o(i.main) refers to milestone2.o(i.UART_Init) for UART_Init
    milestone2.o(i.main) refers to st7735.o(i.ST7735_InitR) for ST7735_InitR
    milestone2.o(i.main) refers to st7735.o(i.ST7735_FillScreen) for ST7735_FillScreen
    milestone2.o(i.main) refers to st7735.o(i.ST7735_OutString) for ST7735_OutString
    milestone2.o(i.main) refers to milestone2.o(i.getChar) for getChar
    milestone2.o(i.main) refers to dmul.o(x$fpl$dmul) for __aeabi_dmul
    milestone2.o(i.main) refers to dfix.o(x$fpl$dfix) for __aeabi_d2iz
    milestone2.o(i.main) refers to milestone2.o(i.rotate) for rotate
    milestone2.o(i.main) refers to milestone2.o(i.setLED) for setLED
    milestone2.o(i.main) refers to dflt_clz.o(x$fpl$dflt) for __aeabi_i2d
    milestone2.o(i.main) refers to ddiv.o(x$fpl$ddiv) for __aeabi_ddiv
    milestone2.o(i.main) refers to noretval__2snprintf.o(.text) for __2snprintf
    milestone2.o(i.main) refers to strlen.o(.text) for strlen
    milestone2.o(i.main) refers to milestone2.o(i.UART_OutString) for UART_OutString
    milestone2.o(i.main) refers to milestone2.o(.data) for result
    milestone2.o(i.rotate) refers to milestone2.o(i.DutyCycleForward) for DutyCycleForward
    milestone2.o(i.rotate) refers to milestone2.o(i.DutyCycleReverse) for DutyCycleReverse
    st7735.o(i.Delay1ms) refers to st7735.o(.emb_text) for Delay
    st7735.o(i.Output_Clear) refers to st7735.o(i.ST7735_FillScreen) for ST7735_FillScreen
    st7735.o(i.Output_Color) refers to st7735.o(i.ST7735_SetTextColor) for ST7735_SetTextColor
    st7735.o(i.Output_Init) refers to st7735.o(i.ST7735_InitR) for ST7735_InitR
    st7735.o(i.Output_Init) refers to st7735.o(i.ST7735_FillScreen) for ST7735_FillScreen
    st7735.o(i.Output_Off) refers to st7735.o(i.Output_Clear) for Output_Clear
    st7735.o(i.Output_On) refers to st7735.o(i.Output_Init) for Output_Init
    st7735.o(i.ST7735_DrawBitmap) refers to st7735.o(i.setAddrWindow) for setAddrWindow
    st7735.o(i.ST7735_DrawBitmap) refers to st7735.o(i.writedata) for writedata
    st7735.o(i.ST7735_DrawBitmap) refers to st7735.o(.data) for _width
    st7735.o(i.ST7735_DrawChar) refers to st7735.o(i.setAddrWindow) for setAddrWindow
    st7735.o(i.ST7735_DrawChar) refers to st7735.o(i.pushColor) for pushColor
    st7735.o(i.ST7735_DrawChar) refers to st7735.o(.data) for _width
    st7735.o(i.ST7735_DrawChar) refers to st7735.o(.constdata) for Font
    st7735.o(i.ST7735_DrawCharS) refers to st7735.o(i.ST7735_DrawPixel) for ST7735_DrawPixel
    st7735.o(i.ST7735_DrawCharS) refers to st7735.o(i.ST7735_FillRect) for ST7735_FillRect
    st7735.o(i.ST7735_DrawCharS) refers to st7735.o(.data) for _width
    st7735.o(i.ST7735_DrawCharS) refers to st7735.o(.constdata) for Font
    st7735.o(i.ST7735_DrawFastHLine) refers to st7735.o(i.setAddrWindow) for setAddrWindow
    st7735.o(i.ST7735_DrawFastHLine) refers to st7735.o(i.writedata) for writedata
    st7735.o(i.ST7735_DrawFastHLine) refers to st7735.o(.data) for _width
    st7735.o(i.ST7735_DrawFastVLine) refers to st7735.o(i.setAddrWindow) for setAddrWindow
    st7735.o(i.ST7735_DrawFastVLine) refers to st7735.o(i.writedata) for writedata
    st7735.o(i.ST7735_DrawFastVLine) refers to st7735.o(.data) for _width
    st7735.o(i.ST7735_DrawPixel) refers to st7735.o(i.setAddrWindow) for setAddrWindow
    st7735.o(i.ST7735_DrawPixel) refers to st7735.o(i.pushColor) for pushColor
[...]
    libinit.o(.ARM.Collect$$libinit$$00000000) refers (Special) to libinit2.o(.ARM.Collect$$libinit$$00000030) for __rt_lib_init_exceptions_1
    libinit.o(.ARM.Collect$$libinit$$00000000) refers (Special) to libinit2.o(.ARM.Collect$$libinit$$00000001) for __rt_lib_init_fp_1
    libinit.o(.ARM.Collect$$libinit$$00000000) refers (Special) to libinit2.o(.ARM.Collect$$libinit$$0000001F) for __rt_lib_init_fp_trap_1
    libinit.o(.ARM.Collect$$libinit$$00000000) refers (Special) to libinit2.o(.ARM.Collect$$libinit$$00000023) for __rt_lib_init_getenv_1
    libinit.o(.ARM.Collect$$libinit$$00000000) refers (Special) to libinit2.o(.ARM.Collect$$libinit$$0000000A) for __rt_lib_init_heap_1
    libinit.o(.ARM.Collect$$libinit$$00000000) refers (Special) to libinit2.o(.ARM.Collect$$libinit$$00000011) for __rt_lib_init_lc_collate_1
    libinit.o(.ARM.Collect$$libinit$$00000000) refers (Special) to libinit2.o(.ARM.Collect$$libinit$$00000013) for __rt_lib_init_lc_ctype_1
    libinit.o(.ARM.Collect$$libinit$$00000000) refers (Special) to libinit2.o(.ARM.Collect$$libinit$$00000015) for __rt_lib_init_lc_monetary_1
    libinit.o(.ARM.Collect$$libinit$$00000000) refers (Special) to libinit2.o(.ARM.Collect$$libinit$$00000017) for __rt_lib_init_lc_numeric_1
    libinit.o(.ARM.Collect$$libinit$$00000000) refers (Special) to libinit2.o(.ARM.Collect$$libinit$$00000019) for __rt_lib_init_lc_time_1
    libinit.o(.ARM.Collect$$libinit$$00000000) refers (Special) to libinit2.o(.ARM.Collect$$libinit$$00000004) for __rt_lib_init_preinit_1
    libinit.o(.ARM.Collect$$libinit$$00000000) refers (Special) to libinit2.o(.ARM.Collect$$libinit$$0000000E) for __rt_lib_init_rand_1
    libinit.o(.ARM.Collect$$libinit$$00000000) refers (Special) to libinit2.o(.ARM.Collect$$libinit$$00000033) for __rt_lib_init_return
    libinit.o(.ARM.Collect$$libinit$$00000000) refers (Special) to libinit2.o(.ARM.Collect$$libinit$$0000001D) for __rt_lib_init_signal_1
    libinit.o(.ARM.Collect$$libinit$$00000000) refers (Special) to libinit2.o(.ARM.Collect$$libinit$$00000025) for __rt_lib_init_stdio_1
    libinit.o(.ARM.Collect$$libinit$$00000000) refers (Special) to libinit2.o(.ARM.Collect$$libinit$$0000000C) for __rt_lib_init_user_alloc_1
    libinit2.o(.ARM.Collect$$libinit$$00000001) refers to fpinit.o(x$fpl$fpinit) for _fp_init
    libinit2.o(.ARM.Collect$$libinit$$0000000F) refers (Weak) to rt_locale_intlibspace.o(.text) for __rt_locale
    libinit2.o(.ARM.Collect$$libinit$$00000010) refers to libinit2.o(.ARM.Collect$$libinit$$0000000F) for .ARM.Collect$$libinit$$0000000F
    libinit2.o(.ARM.Collect$$libinit$$00000012) refers to libinit2.o(.ARM.Collect$$libinit$$0000000F) for .ARM.Collect$$libinit$$0000000F
    libinit2.o(.ARM.Collect$$libinit$$00000014) refers to libinit2.o(.ARM.Collect$$libinit$$0000000F) for .ARM.Collect$$libinit$$0000000F
    libinit2.o(.ARM.Collect$$libinit$$00000016) refers to libinit2.o(.ARM.Collect$$libinit$$0000000F) for .ARM.Collect$$libinit$$0000000F
    libinit2.o(.ARM.Collect$$libinit$$00000016) refers (Weak) to lc_numeric_c.o(locale$$code) for _get_lc_numeric
    libinit2.o(.ARM.Collect$$libinit$$00000018) refers to libinit2.o(.ARM.Collect$$libinit$$0000000F) for .ARM.Collect$$libinit$$0000000F
    libinit2.o(.ARM.Collect$$libinit$$00000026) refers to argv_veneer.o(.emb_text) for __ARM_argv_veneer
    libinit2.o(.ARM.Collect$$libinit$$00000027) refers to argv_veneer.o(.emb_text) for __ARM_argv_veneer
    rtexit.o(.ARM.Collect$$rtexit$$00000000) refers (Special) to rtexit2.o(.ARM.Collect$$rtexit$$00000004) for __rt_exit_exit
    rtexit.o(.ARM.Collect$$rtexit$$00000000) refers (Special) to rtexit2.o(.ARM.Collect$$rtexit$$00000003) for __rt_exit_ls
    rtexit.o(.ARM.Collect$$rtexit$$00000000) refers (Special) to rtexit2.o(.ARM.Collect$$rtexit$$00000002) for __rt_exit_prels_1
    rtexit.o(.ARM.exidx) refers (Special) to rtexit2.o(.ARM.Collect$$rtexit$$00000004) for __rt_exit_exit
    rtexit.o(.ARM.exidx) refers (Special) to rtexit2.o(.ARM.Collect$$rtexit$$00000003) for __rt_exit_ls
    rtexit.o(.ARM.exidx) refers (Special) to rtexit2.o(.ARM.Collect$$rtexit$$00000002) for __rt_exit_prels_1
    rtexit.o(.ARM.exidx) refers to rtexit.o(.ARM.Collect$$rtexit$$00000000) for .ARM.Collect$$rtexit$$00000000
    argv_veneer.o(.emb_text) refers to no_argv.o(.text) for __ARM_get_argv
    rtexit2.o(.ARM.Collect$$rtexit$$00000003) refers to libshutdown.o(.ARM.Collect$$libshutdown$$00000000) for __rt_lib_shutdown
    rtexit2.o(.ARM.Collect$$rtexit$$00000004) refers to sys_exit.o(.text) for _sys_exit
    rtexit2.o(.ARM.exidx) refers to rtexit2.o(.ARM.Collect$$rtexit$$00000001) for .ARM.Collect$$rtexit$$00000001
    rtexit2.o(.ARM.exidx) refers to rtexit2.o(.ARM.Collect$$rtexit$$00000003) for .ARM.Collect$$rtexit$$00000003
    rtexit2.o(.ARM.exidx) refers to rtexit2.o(.ARM.Collect$$rtexit$$00000004) for .ARM.Collect$$rtexit$$00000004
    _get_argv_nomalloc.o(.text) refers (Special) to hrguard.o(.text) for __heap_region$guard
    _get_argv_nomalloc.o(.text) refers to defsig_rtmem_outer.o(.text) for __rt_SIGRTMEM
    _get_argv_nomalloc.o(.text) refers to sys_command.o(.text) for _sys_command_string
    sys_command.o(.text) refers (Special) to use_no_semi.o(.text) for __I$use$semihosting
    sys_command.o(.text) refers (Special) to indicate_semi.o(.text) for __semihosting_library_function
    sys_exit.o(.text) refers (Special) to use_no_semi.o(.text) for __I$use$semihosting
    sys_exit.o(.text) refers (Special) to indicate_semi.o(.text) for __semihosting_library_function
    defsig_rtmem_outer.o(.text) refers to defsig_rtmem_inner.o(.text) for __rt_SIGRTMEM_inner
    defsig_rtmem_outer.o(.text) refers to defsig_exit.o(.text) for __sig_exit
    defsig_rtmem_formal.o(.text) refers to rt_raise.o(.text) for __rt_raise
    libshutdown.o(.ARM.Collect$$libshutdown$$00000000) refers (Special) to libshutdown2.o(.ARM.Collect$$libshutdown$$00000002) for __rt_lib_shutdown_cpp_1
    libshutdown.o(.ARM.Collect$$libshutdown$$00000000) refers (Special) to libshutdown2.o(.ARM.Collect$$libshutdown$$00000007) for __rt_lib_shutdown_fp_trap_1
    libshutdown.o(.ARM.Collect$$libshutdown$$00000000) refers (Special) to libshutdown2.o(.ARM.Collect$$libshutdown$$0000000F) for __rt_lib_shutdown_heap_1
    libshutdown.o(.ARM.Collect$$libshutdown$$00000000) refers (Special) to libshutdown2.o(.ARM.Collect$$libshutdown$$00000010) for __rt_lib_shutdown_return
    libshutdown.o(.ARM.Collect$$libshutdown$$00000000) refers (Special) to libshutdown2.o(.ARM.Collect$$libshutdown$$0000000A) for __rt_lib_shutdown_signal_1
    libshutdown.o(.ARM.Collect$$libshutdown$$00000000) refers (Special) to libshutdown2.o(.ARM.Collect$$libshutdown$$00000004) for __rt_lib_shutdown_stdio_1
    libshutdown.o(.ARM.Collect$$libshutdown$$00000000) refers (Special) to libshutdown2.o(.ARM.Collect$$libshutdown$$0000000C) for __rt_lib_shutdown_user_alloc_1
    rt_raise.o(.text) refers to __raise.o(.text) for __raise
    rt_raise.o(.text) refers to sys_exit.o(.text) for _sys_exit
    defsig_exit.o(.text) refers to sys_exit.o(.text) for _sys_exit
    defsig_rtmem_inner.o(.text) refers to defsig_general.o(.text) for __default_signal_display
    __raise.o(.text) refers to defsig.o(CL$$defsig) for __default_signal_handler
    defsig_general.o(.text) refers to sys_wrch.o(.text) for _ttywrch
    sys_wrch.o(.text) refers (Special) to use_no_semi.o(.text) for __I$use$semihosting
    sys_wrch.o(.text) refers (Special) to indicate_semi.o(.text) for __semihosting_library_function
    defsig.o(CL$$defsig) refers to defsig_rtmem_inner.o(.text) for __rt_SIGRTMEM_inner
    defsig_abrt_inner.o(.text) refers to defsig_general.o(.text) for __default_signal_display
    defsig_fpe_inner.o(.text) refers to defsig_general.o(.text) for __default_signal_display
    defsig_rtred_inner.o(.text) refers to defsig_general.o(.text) for __default_signal_display
    defsig_stak_inner.o(.text) refers to defsig_general.o(.text) for __default_signal_display
    defsig_pvfn_inner.o(.text) refers to defsig_general.o(.text) for __default_signal_display
    defsig_cppl_inner.o(.text) refers to defsig_general.o(.text) for __default_signal_display
    defsig_segv_inner.o(.text) refers to defsig_general.o(.text) for __default_signal_display
    defsig_other.o(.text) refers to defsig_general.o(.text) for __default_signal_display


==============================================================================

Removing Unused input sections from the image.

    Removing milestone2.o(i.UART_InChar), (28 bytes).
    Removing st7735.o(i.Output_Clear), (10 bytes).
    Removing st7735.o(i.Output_Color), (12 bytes).
    Removing st7735.o(i.Output_Init), (16 bytes).
    Removing st7735.o(i.Output_Off), (8 bytes).
    Removing st7735.o(i.Output_On), (8 bytes).
    Removing st7735.o(i.ST7735_Color565), (24 bytes).
    Removing st7735.o(i.ST7735_DrawBitmap), (288 bytes).
    Removing st7735.o(i.ST7735_DrawChar), (272 bytes).
    Removing st7735.o(i.ST7735_DrawFastHLine), (124 bytes).
    Removing st7735.o(i.ST7735_DrawFastVLine), (124 bytes).
    Removing st7735.o(i.ST7735_InitB), (16 bytes).
    Removing st7735.o(i.ST7735_InvertDisplay), (22 bytes).
    Removing st7735.o(i.ST7735_OutUDec), (140 bytes).
    Removing st7735.o(i.ST7735_PlotBar), (88 bytes).
    Removing st7735.o(i.ST7735_PlotClear), (92 bytes).
    Removing st7735.o(i.ST7735_PlotLine), (264 bytes).
    Removing st7735.o(i.ST7735_PlotNext), (32 bytes).
    Removing st7735.o(i.ST7735_PlotNextErase), (64 bytes).
    Removing st7735.o(i.ST7735_PlotPoint), (152 bytes).
    Removing st7735.o(i.ST7735_PlotPoints), (172 bytes).
    Removing st7735.o(i.ST7735_PlotdBfs), (60 bytes).
    Removing st7735.o(i.ST7735_SetCursor), (32 bytes).
    Removing st7735.o(i.ST7735_SetRotation), (212 bytes).
    Removing st7735.o(i.ST7735_SetTextColor), (12 bytes).
    Removing st7735.o(i.ST7735_SwapColor), (18 bytes).
    Removing st7735.o(i.ferror), (8 bytes).
    Removing st7735.o(i.fgetc), (6 bytes).
    Removing st7735.o(i.fillmessage), (72 bytes).
    Removing st7735.o(i.fputc), (16 bytes).
    Removing st7735.o(.bss), (12 bytes).
    Removing system_msp432e401y.o(.rev16_text), (4 bytes).
    Removing system_msp432e401y.o(.revsh_text), (4 bytes).
    Removing system_msp432e401y.o(.rrx_text), (6 bytes).
    Removing system_msp432e401y.o(i.SystemCoreClockUpdate), (240 bytes).

35 unused section(s) (total 2658 bytes) removed from the image.

==============================================================================

Image Symbol Table

    Local Symbols

    Symbol Name                              Value     Ov Type        Size  Object(Section)

    RESET                                    0x00000000   Section      508  startup_msp432e401y_uvision.o(RESET)
    ../clib/angel/boardlib.s                 0x00000000   Number         0  boardshut.o ABSOLUTE
    ../clib/angel/boardlib.s                 0x00000000   Number         0  boardinit3.o ABSOLUTE
    ../clib/angel/boardlib.s                 0x00000000   Number         0  boardinit2.o ABSOLUTE
    ../clib/angel/boardlib.s                 0x00000000   Number         0  boardinit1.o ABSOLUTE
    ../clib/angel/handlers.s                 0x00000000   Number         0  __scatter_zi.o ABSOLUTE
    ../clib/angel/handlers.s                 0x00000000   Number         0  __scatter_copy.o ABSOLUTE
    ../clib/angel/kernel.s                   0x00000000   Number         0  __rtentry2.o ABSOLUTE
    ../clib/angel/kernel.s                   0x00000000   Number         0  rtexit2.o ABSOLUTE
    ../clib/angel/kernel.s                   0x00000000   Number         0  __rtentry4.o ABSOLUTE
    ../clib/angel/kernel.s                   0x00000000   Number         0  rtexit.o ABSOLUTE
    ../clib/angel/kernel.s                   0x00000000   Number         0  __rtentry.o ABSOLUTE
    ../clib/angel/rt.s                       0x00000000   Number         0  rt_locale_intlibspace.o ABSOLUTE
    ../clib/angel/rt.s                       0x00000000   Number         0  rt_raise.o ABSOLUTE
    ../clib/angel/rt.s                       0x00000000   Number         0  rt_locale.o ABSOLUTE
    ../clib/angel/scatter.s                  0x00000000   Number         0  __scatter.o ABSOLUTE
    ../clib/angel/startup.s                  0x00000000   Number         0  __main.o ABSOLUTE
    ../clib/angel/sys.s                      0x00000000   Number         0  sys_stackheap_outer.o ABSOLUTE
    ../clib/angel/sys.s                      0x00000000   Number         0  libspace.o ABSOLUTE
    ../clib/angel/sys.s                      0x00000000   Number         0  indicate_semi.o ABSOLUTE
    ../clib/angel/sys.s                      0x00000000   Number         0  use_no_semi.o ABSOLUTE
    ../clib/angel/sysapp.c                   0x00000000   Number         0  sys_wrch.o ABSOLUTE
    ../clib/angel/sysapp.c                   0x00000000   Number         0  sys_exit.o ABSOLUTE
    ../clib/angel/sysapp.c                   0x00000000   Number         0  sys_command.o ABSOLUTE
    ../clib/armsys.c                         0x00000000   Number         0  _get_argv_nomalloc.o ABSOLUTE
    ../clib/armsys.c                         0x00000000   Number         0  argv_veneer.o ABSOLUTE
    ../clib/armsys.c                         0x00000000   Number         0  argv_veneer.o ABSOLUTE
    ../clib/armsys.c                         0x00000000   Number         0  no_argv.o ABSOLUTE
    ../clib/bigflt.c                         0x00000000   Number         0  bigflt0.o ABSOLUTE
    ../clib/btod.s                           0x00000000   Number         0  btod.o ABSOLUTE
    ../clib/heapalloc.c                      0x00000000   Number         0  hrguard.o ABSOLUTE
    ../clib/heapaux.c                        0x00000000   Number         0  heapauxi.o ABSOLUTE
    ../clib/libinit.s                        0x00000000   Number         0  libshutdown2.o ABSOLUTE
    ../clib/libinit.s                        0x00000000   Number         0  libinit.o ABSOLUTE
    ../clib/libinit.s                        0x00000000   Number         0  libinit2.o ABSOLUTE
    ../clib/libinit.s                        0x00000000   Number         0  libshutdown.o ABSOLUTE
    ../clib/locale.s                         0x00000000   Number         0  lc_numeric_c.o ABSOLUTE
    ../clib/longlong.s                       0x00000000   Number         0  lludiv10.o ABSOLUTE
    ../clib/memcpset.s                       0x00000000   Number         0  strcmpv7m.o ABSOLUTE
    ../clib/printf.c                         0x00000000   Number         0  _snputc.o ABSOLUTE
    ../clib/printf.c                         0x00000000   Number         0  _printf_fp_dec.o ABSOLUTE
    ../clib/printf.c                         0x00000000   Number         0  __printf_ss.o ABSOLUTE
    ../clib/printf.c                         0x00000000   Number         0  __2snprintf.o ABSOLUTE
    ../clib/printf.c                         0x00000000   Number         0  __printf.o ABSOLUTE
    ../clib/printf.c                         0x00000000   Number         0  _printf_fp_infnan.o ABSOLUTE
    ../clib/printf.c                         0x00000000   Number         0  noretval__2snprintf.o ABSOLUTE
    ../clib/printf.c                         0x00000000   Number         0  _printf_char_common.o ABSOLUTE
    ../clib/printf.c                         0x00000000   Number         0  _printf_intcommon.o ABSOLUTE
    ../clib/printf.c                         0x00000000   Number         0  _printf_dec.o ABSOLUTE
    ../clib/printf.c                         0x00000000   Number         0  __printf_flags.o ABSOLUTE
    ../clib/printf.c                         0x00000000   Number         0  __printf_flags_ss.o ABSOLUTE
    ../clib/printf.c                         0x00000000   Number         0  __printf_nopercent.o ABSOLUTE
    ../clib/printf.c                         0x00000000   Number         0  __printf_wp.o ABSOLUTE
    ../clib/printf.c                         0x00000000   Number         0  __printf_flags_wp.o ABSOLUTE
    ../clib/printf.c                         0x00000000   Number         0  __printf_ss_wp.o ABSOLUTE
    ../clib/printf.c                         0x00000000   Number         0  __printf_flags_ss_wp.o ABSOLUTE
    ../clib/printf.c                         0x00000000   Number         0  _sputc.o ABSOLUTE
    ../clib/printf_percent.s                 0x00000000   Number         0  _printf_percent.o ABSOLUTE
    ../clib/printf_percent.s                 0x00000000   Number         0  _printf_f.o ABSOLUTE
    ../clib/printf_percent.s                 0x00000000   Number         0  _printf_d.o ABSOLUTE
    ../clib/printf_percent.s                 0x00000000   Number         0  _printf_percent_end.o ABSOLUTE
    ../clib/signal.c                         0x00000000   Number         0  defsig_rtmem_outer.o ABSOLUTE
    ../clib/signal.c                         0x00000000   Number         0  defsig_rtmem_formal.o ABSOLUTE
    ../clib/signal.c                         0x00000000   Number         0  defsig_exit.o ABSOLUTE
    ../clib/signal.c                         0x00000000   Number         0  defsig_rtmem_inner.o ABSOLUTE
    ../clib/signal.c                         0x00000000   Number         0  __raise.o ABSOLUTE
    ../clib/signal.c                         0x00000000   Number         0  defsig_fpe_inner.o ABSOLUTE
    ../clib/signal.c                         0x00000000   Number         0  defsig_rtred_inner.o ABSOLUTE
    ../clib/signal.c                         0x00000000   Number         0  defsig_stak_inner.o ABSOLUTE
    ../clib/signal.c                         0x00000000   Number         0  defsig_abrt_inner.o ABSOLUTE
    ../clib/signal.c                         0x00000000   Number         0  defsig_cppl_inner.o ABSOLUTE
    ../clib/signal.c                         0x00000000   Number         0  defsig_segv_inner.o ABSOLUTE
    ../clib/signal.c                         0x00000000   Number         0  defsig_other.o ABSOLUTE
    ../clib/signal.c                         0x00000000   Number         0  defsig_general.o ABSOLUTE
    ../clib/signal.c                         0x00000000   Number         0  defsig_pvfn_inner.o ABSOLUTE
    ../clib/signal.s                         0x00000000   Number         0  defsig.o ABSOLUTE
    ../clib/stdlib.c                         0x00000000   Number         0  exit.o ABSOLUTE
    ../clib/string.c                         0x00000000   Number         0  strlen.o ABSOLUTE
    ../fplib/ddiv.s                          0x00000000   Number         0  ddiv.o ABSOLUTE
    ../fplib/dfix.s                          0x00000000   Number         0  dfix.o ABSOLUTE
    ../fplib/dflt.s                          0x00000000   Number         0  dflt_clz.o ABSOLUTE
    ../fplib/dmul.s                          0x00000000   Number         0  dmul.o ABSOLUTE
    ../fplib/dnaninf.s                       0x00000000   Number         0  dnaninf.o ABSOLUTE
    ../fplib/dretinf.s                       0x00000000   Number         0  dretinf.o ABSOLUTE
    ../fplib/fpinit.s                        0x00000000   Number         0  fpinit.o ABSOLUTE
    ../fplib/istatus.s                       0x00000000   Number         0  istatus.o ABSOLUTE
    ../fplib/printf1.s                       0x00000000   Number         0  printf1.o ABSOLUTE
    ../fplib/usenofp.s                       0x00000000   Number         0  usenofp.o ABSOLUTE
    ../mathlib/fpclassify.c                  0x00000000   Number         0  fpclassify.o ABSOLUTE
    Milestone2.c                             0x00000000   Number         0  milestone2.o ABSOLUTE
    PLL.c                                    0x00000000   Number         0  pll.o ABSOLUTE
    RTE\Device\MSP432E401Y\startup_msp432e401y_uvision.s 0x00000000   Number         0  startup_msp432e401y_uvision.o ABSOLUTE
    RTE\Device\MSP432E401Y\system_msp432e401y.c 0x00000000   Number         0  system_msp432e401y.o ABSOLUTE
    RTE\\Device\\MSP432E401Y\\system_msp432e401y.c 0x00000000   Number         0  system_msp432e401y.o ABSOLUTE
    ST7735.c                                 0x00000000   Number         0  st7735.o ABSOLUTE
    ST7735.c                                 0x00000000   Number         0  st7735.o ABSOLUTE
    SysTick.c                                0x00000000   Number         0  systick.o ABSOLUTE
    dc.s                                     0x00000000   Number         0  dc.o ABSOLUTE
    !!!main                                  0x000001fc   Section        8  __main.o(!!!main)
    !!!scatter                               0x00000204   Section       52  __scatter.o(!!!scatter)
    !!handler_copy                           0x00000238   Section       26  __scatter_copy.o(!!handler_copy)
    !!handler_zi                             0x00000254   Section       28  __scatter_zi.o(!!handler_zi)
    .ARM.Collect$$_printf_percent$$00000000  0x00000270   Section        0  _printf_percent.o(.ARM.Collect$$_printf_percent$$00000000)
    .ARM.Collect$$_printf_percent$$00000003  0x00000270   Section        6  _printf_f.o(.ARM.Collect$$_printf_percent$$00000003)
    .ARM.Collect$$_printf_percent$$00000009  0x00000276   Section        6  _printf_d.o(.ARM.Collect$$_printf_percent$$00000009)
    .ARM.Collect$$_printf_percent$$00000017  0x0000027c   Section        4  _printf_percent_end.o(.ARM.Collect$$_printf_percent$$00000017)
    .ARM.Collect$$libinit$$00000000          0x00000280   Section        2  libinit.o(.ARM.Collect$$libinit$$00000000)
    .ARM.Collect$$libinit$$00000001          0x00000282   Section        4  libinit2.o(.ARM.Collect$$libinit$$00000001)
    .ARM.Collect$$libinit$$00000004          0x00000286   Section        0  libinit2.o(.ARM.Collect$$libinit$$00000004)
    .ARM.Collect$$libinit$$0000000A          0x00000286   Section        0  libinit2.o(.ARM.Collect$$libinit$$0000000A)
    .ARM.Collect$$libinit$$0000000C          0x00000286   Section        0  libinit2.o(.ARM.Collect$$libinit$$0000000C)
    .ARM.Collect$$libinit$$0000000E          0x00000286   Section        0  libinit2.o(.ARM.Collect$$libinit$$0000000E)
    .ARM.Collect$$libinit$$0000000F          0x00000286   Section        6  libinit2.o(.ARM.Collect$$libinit$$0000000F)
    .ARM.Collect$$libinit$$00000011          0x0000028c   Section        0  libinit2.o(.ARM.Collect$$libinit$$00000011)
    .ARM.Collect$$libinit$$00000013          0x0000028c   Section        0  libinit2.o(.ARM.Collect$$libinit$$00000013)
    .ARM.Collect$$libinit$$00000015          0x0000028c   Section        0  libinit2.o(.ARM.Collect$$libinit$$00000015)
    .ARM.Collect$$libinit$$00000016          0x0000028c   Section       10  libinit2.o(.ARM.Collect$$libinit$$00000016)
    .ARM.Collect$$libinit$$00000017          0x00000296   Section        0  libinit2.o(.ARM.Collect$$libinit$$00000017)
    .ARM.Collect$$libinit$$00000019          0x00000296   Section        0  libinit2.o(.ARM.Collect$$libinit$$00000019)
    .ARM.Collect$$libinit$$0000001B          0x00000296   Section        0  libinit2.o(.ARM.Collect$$libinit$$0000001B)
    .ARM.Collect$$libinit$$0000001D          0x00000296   Section        0  libinit2.o(.ARM.Collect$$libinit$$0000001D)
    .ARM.Collect$$libinit$$0000001F          0x00000296   Section        0  libinit2.o(.ARM.Collect$$libinit$$0000001F)
    .ARM.Collect$$libinit$$00000021          0x00000296   Section        0  libinit2.o(.ARM.Collect$$libinit$$00000021)
    .ARM.Collect$$libinit$$00000023          0x00000296   Section        0  libinit2.o(.ARM.Collect$$libinit$$00000023)
    .ARM.Collect$$libinit$$00000025          0x00000296   Section        0  libinit2.o(.ARM.Collect$$libinit$$00000025)
    .ARM.Collect$$libinit$$0000002C          0x00000296   Section        0  libinit2.o(.ARM.Collect$$libinit$$0000002C)
    .ARM.Collect$$libinit$$0000002E          0x00000296   Section        0  libinit2.o(.ARM.Collect$$libinit$$0000002E)
    .ARM.Collect$$libinit$$00000030          0x00000296   Section        0  libinit2.o(.ARM.Collect$$libinit$$00000030)
    .ARM.Collect$$libinit$$00000032          0x00000296   Section        0  libinit2.o(.ARM.Collect$$libinit$$00000032)
    .ARM.Collect$$libinit$$00000033          0x00000296   Section        2  libinit2.o(.ARM.Collect$$libinit$$00000033)
    .ARM.Collect$$libshutdown$$00000000      0x00000298   Section        2  libshutdown.o(.ARM.Collect$$libshutdown$$00000000)
    .ARM.Collect$$libshutdown$$00000002      0x0000029a   Section        0  libshutdown2.o(.ARM.Collect$$libshutdown$$00000002)
    .ARM.Collect$$libshutdown$$00000004      0x0000029a   Section        0  libshutdown2.o(.ARM.Collect$$libshutdown$$00000004)
    .ARM.Collect$$libshutdown$$00000007      0x0000029a   Section        0  libshutdown2.o(.ARM.Collect$$libshutdown$$00000007)
    .ARM.Collect$$libshutdown$$0000000A      0x0000029a   Section        0  libshutdown2.o(.ARM.Collect$$libshutdown$$0000000A)
    .ARM.Collect$$libshutdown$$0000000C      0x0000029a   Section        0  libshutdown2.o(.ARM.Collect$$libshutdown$$0000000C)
    .ARM.Collect$$libshutdown$$0000000F      0x0000029a   Section        0  libshutdown2.o(.ARM.Collect$$libshutdown$$0000000F)
    .ARM.Collect$$libshutdown$$00000010      0x0000029a   Section        2  libshutdown2.o(.ARM.Collect$$libshutdown$$00000010)
    .ARM.Collect$$rtentry$$00000000          0x0000029c   Section        0  __rtentry.o(.ARM.Collect$$rtentry$$00000000)
    .ARM.Collect$$rtentry$$00000002          0x0000029c   Section        0  __rtentry2.o(.ARM.Collect$$rtentry$$00000002)
    .ARM.Collect$$rtentry$$00000004          0x0000029c   Section        6  __rtentry4.o(.ARM.Collect$$rtentry$$00000004)
    .ARM.Collect$$rtentry$$00000009          0x000002a2   Section        0  __rtentry2.o(.ARM.Collect$$rtentry$$00000009)
    .ARM.Collect$$rtentry$$0000000A          0x000002a2   Section        4  __rtentry2.o(.ARM.Collect$$rtentry$$0000000A)
    .ARM.Collect$$rtentry$$0000000C          0x000002a6   Section        0  __rtentry2.o(.ARM.Collect$$rtentry$$0000000C)
    .ARM.Collect$$rtentry$$0000000D          0x000002a6   Section        8  __rtentry2.o(.ARM.Collect$$rtentry$$0000000D)
    .ARM.Collect$$rtexit$$00000000           0x000002ae   Section        2  rtexit.o(.ARM.Collect$$rtexit$$00000000)
    .ARM.Collect$$rtexit$$00000002           0x000002b0   Section        0  rtexit2.o(.ARM.Collect$$rtexit$$00000002)
    .ARM.Collect$$rtexit$$00000003           0x000002b0   Section        4  rtexit2.o(.ARM.Collect$$rtexit$$00000003)
    .ARM.Collect$$rtexit$$00000004           0x000002b4   Section        6  rtexit2.o(.ARM.Collect$$rtexit$$00000004)
    .emb_text                                0x000002bc   Section        6  st7735.o(.emb_text)
    $v0                                      0x000002bc   Number         0  st7735.o(.emb_text)
    .text                                    0x000002c4   Section       60  startup_msp432e401y_uvision.o(.text)
    $v0                                      0x000002c4   Number         0  startup_msp432e401y_uvision.o(.text)
    .text                                    0x00000300   Section        0  noretval__2snprintf.o(.text)
    .text                                    0x00000334   Section        0  __printf.o(.text)
    .text                                    0x0000039c   Section        0  _printf_dec.o(.text)
    .text                                    0x00000414   Section        0  strlen.o(.text)
    .text                                    0x00000452   Section        0  heapauxi.o(.text)
    .text                                    0x00000458   Section        0  _printf_intcommon.o(.text)
    .text                                    0x0000050a   Section        0  _printf_fp_dec.o(.text)
    _fp_digits                               0x0000050d   Thumb Code   432  _printf_fp_dec.o(.text)
    .text                                    0x00000928   Section        0  _printf_char_common.o(.text)
    _printf_input_char                       0x00000929   Thumb Code    10  _printf_char_common.o(.text)
    .text                                    0x00000958   Section        0  _sputc.o(.text)
    .text                                    0x00000962   Section        0  _snputc.o(.text)
    .text                                    0x00000974   Section        8  rt_locale_intlibspace.o(.text)
    .text                                    0x0000097c   Section      138  lludiv10.o(.text)
    .text                                    0x00000a08   Section        0  _printf_fp_infnan.o(.text)
    .text                                    0x00000a88   Section        0  bigflt0.o(.text)
    .text                                    0x00000b6c   Section        8  libspace.o(.text)
    .text                                    0x00000b74   Section       74  sys_stackheap_outer.o(.text)
    .text                                    0x00000bbe   Section        0  exit.o(.text)
    .text                                    0x00000bd0   Section      128  strcmpv7m.o(.text)
    .text                                    0x00000c50   Section        0  sys_exit.o(.text)
    .text                                    0x00000c5c   Section        2  use_no_semi.o(.text)
    .text                                    0x00000c5e   Section        0  indicate_semi.o(.text)
    CL$$btod_d2e                             0x00000c5e   Section       62  btod.o(CL$$btod_d2e)
    CL$$btod_d2e_denorm_low                  0x00000c9c   Section       70  btod.o(CL$$btod_d2e_denorm_low)
    CL$$btod_d2e_norm_op1                    0x00000ce2   Section       96  btod.o(CL$$btod_d2e_norm_op1)
    CL$$btod_div_common                      0x00000d42   Section      824  btod.o(CL$$btod_div_common)
    CL$$btod_e2e                             0x0000107a   Section      220  btod.o(CL$$btod_e2e)
    CL$$btod_ediv                            0x00001156   Section       42  btod.o(CL$$btod_ediv)
    CL$$btod_emul                            0x00001180   Section       42  btod.o(CL$$btod_emul)
    CL$$btod_mult_common                     0x000011aa   Section      580  btod.o(CL$$btod_mult_common)
    i.Delay1ms                               0x000013ee   Section        0  st7735.o(i.Delay1ms)
    i.DutyCycleForward                       0x00001404   Section        0  milestone2.o(i.DutyCycleForward)
    i.DutyCycleReverse                       0x00001448   Section        0  milestone2.o(i.DutyCycleReverse)
    i.PLL_Init                               0x0000148c   Section        0  pll.o(i.PLL_Init)
    i.PortE_Init                             0x000015b0   Section        0  milestone2.o(i.PortE_Init)
    i.PortH_Init                             0x000015e8   Section        0  milestone2.o(i.PortH_Init)
    i.PortM_Init                             0x0000164c   Section        0  milestone2.o(i.PortM_Init)
    i.PortN0N1_Init                          0x00001684   Section        0  milestone2.o(i.PortN0N1_Init)
    i.ST7735_DrawCharS                       0x000016bc   Section        0  st7735.o(i.ST7735_DrawCharS)
    i.ST7735_DrawPixel                       0x000017b4   Section        0  st7735.o(i.ST7735_DrawPixel)
    i.ST7735_DrawString                      0x000017fc   Section        0  st7735.o(i.ST7735_DrawString)
    i.ST7735_FillRect                        0x00001850   Section        0  st7735.o(i.ST7735_FillRect)
    i.ST7735_FillScreen                      0x000018fc   Section        0  st7735.o(i.ST7735_FillScreen)
    i.ST7735_InitR                           0x00001920   Section        0  st7735.o(i.ST7735_InitR)
    i.ST7735_OutChar                         0x00001980   Section        0  st7735.o(i.ST7735_OutChar)
    i.ST7735_OutString                       0x00001a54   Section        0  st7735.o(i.ST7735_OutString)
    i.SysTick_Init                           0x00001a6a   Section        0  systick.o(i.SysTick_Init)
    i.SysTick_Wait                           0x00001a82   Section        0  systick.o(i.SysTick_Wait)
    i.SysTick_Wait10ms                       0x00001aa4   Section        0  systick.o(i.SysTick_Wait10ms)
    i.SystemInit                             0x00001ac0   Section        0  system_msp432e401y.o(i.SystemInit)
    i.UART_Init                              0x00001ae0   Section        0  milestone2.o(i.UART_Init)
    i.UART_OutChar                           0x00001bac   Section        0  milestone2.o(i.UART_OutChar)
    i.UART_OutString                         0x00001bc4   Section        0  milestone2.o(i.UART_OutString)
    i.__ARM_fpclassify                       0x00001bdc   Section        0  fpclassify.o(i.__ARM_fpclassify)
    i.commandList                            0x00001c0c   Section        0  st7735.o(i.commandList)
    commandList                              0x00001c0d   Thumb Code    86  st7735.o(i.commandList)
    i.commonInit                             0x00001c64   Section        0  st7735.o(i.commonInit)
    commonInit                               0x00001c65   Thumb Code   372  st7735.o(i.commonInit)
    i.getChar                                0x00001e08   Section        0  milestone2.o(i.getChar)
    i.main                                   0x00001e6c   Section        0  milestone2.o(i.main)
    i.pushColor                              0x000021b4   Section        0  st7735.o(i.pushColor)
    pushColor                                0x000021b5   Thumb Code    18  st7735.o(i.pushColor)
    i.rotate                                 0x000021c6   Section        0  milestone2.o(i.rotate)
    i.setAddrWindow                          0x000021e4   Section        0  st7735.o(i.setAddrWindow)
    setAddrWindow                            0x000021e5   Thumb Code   106  st7735.o(i.setAddrWindow)
    i.setLED                                 0x00002258   Section        0  milestone2.o(i.setLED)
    i.writecommand                           0x00002270   Section        0  st7735.o(i.writecommand)
    writecommand                             0x00002271   Thumb Code    40  st7735.o(i.writecommand)
    i.writedata                              0x000022a0   Section        0  st7735.o(i.writedata)
    writedata                                0x000022a1   Thumb Code    26  st7735.o(i.writedata)
    locale$$code                             0x000022c4   Section       44  lc_numeric_c.o(locale$$code)
    x$fpl$ddiv                               0x000022f0   Section      688  ddiv.o(x$fpl$ddiv)
    $v0                                      0x000022f0   Number         0  ddiv.o(x$fpl$ddiv)
    ddiv_entry                               0x000022f7   Thumb Code     0  ddiv.o(x$fpl$ddiv)
    x$fpl$dfix                               0x000025a0   Section       94  dfix.o(x$fpl$dfix)
    $v0                                      0x000025a0   Number         0  dfix.o(x$fpl$dfix)
    x$fpl$dflt                               0x000025fe   Section       46  dflt_clz.o(x$fpl$dflt)
    $v0                                      0x000025fe   Number         0  dflt_clz.o(x$fpl$dflt)
    x$fpl$dmul                               0x0000262c   Section      340  dmul.o(x$fpl$dmul)
    $v0                                      0x0000262c   Number         0  dmul.o(x$fpl$dmul)
    x$fpl$dnaninf                            0x00002780   Section      156  dnaninf.o(x$fpl$dnaninf)
    $v0                                      0x00002780   Number         0  dnaninf.o(x$fpl$dnaninf)
    x$fpl$dretinf                            0x0000281c   Section       12  dretinf.o(x$fpl$dretinf)
    $v0                                      0x0000281c   Number         0  dretinf.o(x$fpl$dretinf)
    x$fpl$fpinit                             0x00002828   Section       10  fpinit.o(x$fpl$fpinit)
    $v0                                      0x00002828   Number         0  fpinit.o(x$fpl$fpinit)
    x$fpl$printf1                            0x00002832   Section        4  printf1.o(x$fpl$printf1)
    $v0                                      0x00002832   Number         0  printf1.o(x$fpl$printf1)
    .constdata                               0x00002836   Section     2018  st7735.o(.constdata)
    x$fpl$usenofp                            0x00002836   Section        0  usenofp.o(x$fpl$usenofp)
    Font                                     0x00002836   Data        1275  st7735.o(.constdata)
    Bcmd                                     0x00002d31   Data         103  st7735.o(.constdata)
    Rcmd1                                    0x00002d98   Data          59  st7735.o(.constdata)
    Rcmd2green                               0x00002dd3   Data          13  st7735.o(.constdata)
    Rcmd2red                                 0x00002de0   Data          13  st7735.o(.constdata)
    Rcmd3                                    0x00002ded   Data          43  st7735.o(.constdata)
    .constdata                               0x00003018   Section      148  bigflt0.o(.constdata)
    tenpwrs_x                                0x00003018   Data          60  bigflt0.o(.constdata)
    tenpwrs_i                                0x00003054   Data          64  bigflt0.o(.constdata)
    locale$$data                             0x000030cc   Section       28  lc_numeric_c.o(locale$$data)
    __lcnum_c_name                           0x000030d0   Data           2  lc_numeric_c.o(locale$$data)
    __lcnum_c_start                          0x000030d8   Data           0  lc_numeric_c.o(locale$$data)
    __lcnum_c_point                          0x000030e4   Data           0  lc_numeric_c.o(locale$$data)
    __lcnum_c_thousands                      0x000030e6   Data           0  lc_numeric_c.o(locale$$data)
    __lcnum_c_grouping                       0x000030e7   Data           0  lc_numeric_c.o(locale$$data)
    __lcnum_c_end                            0x000030e8   Data           0  lc_numeric_c.o(locale$$data)
    .data                                    0x20000000   Section       48  milestone2.o(.data)
    .data                                    0x20000030   Section       44  st7735.o(.data)
    ColStart                                 0x2000003a   Data           1  st7735.o(.data)
    RowStart                                 0x2000003b   Data           1  st7735.o(.data)
    Rotation                                 0x2000003c   Data           1  st7735.o(.data)
    TabColor                                 0x2000003d   Data           1  st7735.o(.data)
    _width                                   0x2000003e   Data           2  st7735.o(.data)
    _height                                  0x20000040   Data           2  st7735.o(.data)
    .data                                    0x2000005c   Section        4  system_msp432e401y.o(.data)
    .bss                                     0x20000060   Section       96  libspace.o(.bss)
    HEAP                                     0x200000c0   Section        0  startup_msp432e401y_uvision.o(HEAP)
    STACK                                    0x200000c0   Section      512  startup_msp432e401y_uvision.o(STACK)
    Heap_Mem                                 0x200000c0   Data           0  startup_msp432e401y_uvision.o(HEAP)
    Stack_Mem                                0x200000c0   Data         512  startup_msp432e401y_uvision.o(STACK)
    __initial_sp                             0x200002c0   Data           0  startup_msp432e401y_uvision.o(STACK)

    Global Symbols

    Symbol Name                              Value     Ov Type        Size  Object(Section)

    BuildAttributes$$THM_ISAv4$E$P$D$K$B$S$7EM$VFPi3$EXTD16$VFPS$VFMA$PE$A:L22UL41UL21$X:L11$S22US41US21$IEEE1$IW$USESV6$~STKCKD$USESV7$~SHL$OTIME$ROPI$IEEEJ$EBA8$UX$STANDARDLIB$REQ8$PRES8$EABIv2 0x00000000   Number         0  anon$$obj.o ABSOLUTE
    __ARM_use_no_argv                        0x00000000   Number         0  milestone2.o ABSOLUTE
    __Vectors                                0x00000000   Data           4  startup_msp432e401y_uvision.o(RESET)
    __ARM_exceptions_init                     - Undefined Weak Reference
    __alloca_initialize                       - Undefined Weak Reference
    __arm_preinit_                            - Undefined Weak Reference
    __cpp_initialize__aeabi_                  - Undefined Weak Reference
    __cxa_finalize                            - Undefined Weak Reference
    __sigvec_lookup                           - Undefined Weak Reference
    _atexit_init                              - Undefined Weak Reference
    _call_atexit_fns                          - Undefined Weak Reference
    _clock_init                               - Undefined Weak Reference
    _fp_trap_init                             - Undefined Weak Reference
    _fp_trap_shutdown                         - Undefined Weak Reference
    _get_lc_collate                           - Undefined Weak Reference
    _get_lc_ctype                             - Undefined Weak Reference
    _get_lc_monetary                          - Undefined Weak Reference
    _get_lc_time                              - Undefined Weak Reference
    _getenv_init                              - Undefined Weak Reference
    _handle_redirection                       - Undefined Weak Reference
    _init_alloc                               - Undefined Weak Reference
    _init_user_alloc                          - Undefined Weak Reference
    _initio                                   - Undefined Weak Reference
    _printf_post_padding                      - Undefined Weak Reference
    _printf_pre_padding                       - Undefined Weak Reference
    _printf_truncate_signed                   - Undefined Weak Reference
    _printf_truncate_unsigned                 - Undefined Weak Reference
    _rand_init                                - Undefined Weak Reference
    _signal_finish                            - Undefined Weak Reference
    _signal_init                              - Undefined Weak Reference
    _terminate_alloc                          - Undefined Weak Reference
    _terminate_user_alloc                     - Undefined Weak Reference
    _terminateio                              - Undefined Weak Reference
    __Vectors_End                            0x000001fc   Data           0  startup_msp432e401y_uvision.o(RESET)
    __Vectors_Size                           0x000001fc   Number         0  startup_msp432e401y_uvision.o ABSOLUTE
    __main                                   0x000001fd   Thumb Code     8  __main.o(!!!main)
    __scatterload                            0x00000205   Thumb Code     0  __scatter.o(!!!scatter)
    __scatterload_rt2                        0x00000205   Thumb Code    44  __scatter.o(!!!scatter)
    __scatterload_rt2_thumb_only             0x00000205   Thumb Code     0  __scatter.o(!!!scatter)
    __scatterload_null                       0x00000213   Thumb Code     0  __scatter.o(!!!scatter)
    __scatterload_copy                       0x00000239   Thumb Code    26  __scatter_copy.o(!!handler_copy)
    __scatterload_zeroinit                   0x00000255   Thumb Code    28  __scatter_zi.o(!!handler_zi)
    _printf_f                                0x00000271   Thumb Code     0  _printf_f.o(.ARM.Collect$$_printf_percent$$00000003)
    _printf_percent                          0x00000271   Thumb Code     0  _printf_percent.o(.ARM.Collect$$_printf_percent$$00000000)
    _printf_d                                0x00000277   Thumb Code     0  _printf_d.o(.ARM.Collect$$_printf_percent$$00000009)
    _printf_percent_end                      0x0000027d   Thumb Code     0  _printf_percent_end.o(.ARM.Collect$$_printf_percent$$00000017)
    __rt_lib_init                            0x00000281   Thumb Code     0  libinit.o(.ARM.Collect$$libinit$$00000000)
    __rt_lib_init_fp_1                       0x00000283   Thumb Code     0  libinit2.o(.ARM.Collect$$libinit$$00000001)
    __rt_lib_init_heap_1                     0x00000287   Thumb Code     0  libinit2.o(.ARM.Collect$$libinit$$0000000A)
    __rt_lib_init_lc_common                  0x00000287   Thumb Code     0  libinit2.o(.ARM.Collect$$libinit$$0000000F)
    __rt_lib_init_preinit_1                  0x00000287   Thumb Code     0  libinit2.o(.ARM.Collect$$libinit$$00000004)
    __rt_lib_init_rand_1                     0x00000287   Thumb Code     0  libinit2.o(.ARM.Collect$$libinit$$0000000E)
    __rt_lib_init_user_alloc_1               0x00000287   Thumb Code     0  libinit2.o(.ARM.Collect$$libinit$$0000000C)
    __rt_lib_init_lc_collate_1               0x0000028d   Thumb Code     0  libinit2.o(.ARM.Collect$$libinit$$00000011)
    __rt_lib_init_lc_ctype_1                 0x0000028d   Thumb Code     0  libinit2.o(.ARM.Collect$$libinit$$00000013)
    __rt_lib_init_lc_monetary_1              0x0000028d   Thumb Code     0  libinit2.o(.ARM.Collect$$libinit$$00000015)
    __rt_lib_init_lc_numeric_2               0x0000028d   Thumb Code     0  libinit2.o(.ARM.Collect$$libinit$$00000016)
    __rt_lib_init_alloca_1                   0x00000297   Thumb Code     0  libinit2.o(.ARM.Collect$$libinit$$0000002E)
    __rt_lib_init_argv_1                     0x00000297   Thumb Code     0  libinit2.o(.ARM.Collect$$libinit$$0000002C)
    __rt_lib_init_atexit_1                   0x00000297   Thumb Code     0  libinit2.o(.ARM.Collect$$libinit$$0000001B)
    __rt_lib_init_clock_1                    0x00000297   Thumb Code     0  libinit2.o(.ARM.Collect$$libinit$$00000021)
    __rt_lib_init_cpp_1                      0x00000297   Thumb Code     0  libinit2.o(.ARM.Collect$$libinit$$00000032)
    __rt_lib_init_exceptions_1               0x00000297   Thumb Code     0  libinit2.o(.ARM.Collect$$libinit$$00000030)
    __rt_lib_init_fp_trap_1                  0x00000297   Thumb Code     0  libinit2.o(.ARM.Collect$$libinit$$0000001F)
    __rt_lib_init_getenv_1                   0x00000297   Thumb Code     0  libinit2.o(.ARM.Collect$$libinit$$00000023)
    __rt_lib_init_lc_numeric_1               0x00000297   Thumb Code     0  libinit2.o(.ARM.Collect$$libinit$$00000017)
    __rt_lib_init_lc_time_1                  0x00000297   Thumb Code     0  libinit2.o(.ARM.Collect$$libinit$$00000019)
    __rt_lib_init_return                     0x00000297   Thumb Code     0  libinit2.o(.ARM.Collect$$libinit$$00000033)
    __rt_lib_init_signal_1                   0x00000297   Thumb Code     0  libinit2.o(.ARM.Collect$$libinit$$0000001D)
    __rt_lib_init_stdio_1                    0x00000297   Thumb Code     0  libinit2.o(.ARM.Collect$$libinit$$00000025)
    __rt_lib_shutdown                        0x00000299   Thumb Code     0  libshutdown.o(.ARM.Collect$$libshutdown$$00000000)
    __rt_lib_shutdown_cpp_1                  0x0000029b   Thumb Code     0  libshutdown2.o(.ARM.Collect$$libshutdown$$00000002)
    __rt_lib_shutdown_fp_trap_1              0x0000029b   Thumb Code     0  libshutdown2.o(.ARM.Collect$$libshutdown$$00000007)
    __rt_lib_shutdown_heap_1                 0x0000029b   Thumb Code     0  libshutdown2.o(.ARM.Collect$$libshutdown$$0000000F)
    __rt_lib_shutdown_return                 0x0000029b   Thumb Code     0  libshutdown2.o(.ARM.Collect$$libshutdown$$00000010)
    __rt_lib_shutdown_signal_1               0x0000029b   Thumb Code     0  libshutdown2.o(.ARM.Collect$$libshutdown$$0000000A)
    __rt_lib_shutdown_stdio_1                0x0000029b   Thumb Code     0  libshutdown2.o(.ARM.Collect$$libshutdown$$00000004)
    __rt_lib_shutdown_user_alloc_1           0x0000029b   Thumb Code     0  libshutdown2.o(.ARM.Collect$$libshutdown$$0000000C)
    __rt_entry                               0x0000029d   Thumb Code     0  __rtentry.o(.ARM.Collect$$rtentry$$00000000)
    __rt_entry_presh_1                       0x0000029d   Thumb Code     0  __rtentry2.o(.ARM.Collect$$rtentry$$00000002)
    __rt_entry_sh                            0x0000029d   Thumb Code     0  __rtentry4.o(.ARM.Collect$$rtentry$$00000004)
    __rt_entry_li                            0x000002a3   Thumb Code     0  __rtentry2.o(.ARM.Collect$$rtentry$$0000000A)
    __rt_entry_postsh_1                      0x000002a3   Thumb Code     0  __rtentry2.o(.ARM.Collect$$rtentry$$00000009)
    __rt_entry_main                          0x000002a7   Thumb Code     0  __rtentry2.o(.ARM.Collect$$rtentry$$0000000D)
    __rt_entry_postli_1                      0x000002a7   Thumb Code     0  __rtentry2.o(.ARM.Collect$$rtentry$$0000000C)
    __rt_exit                                0x000002af   Thumb Code     0  rtexit.o(.ARM.Collect$$rtexit$$00000000)
    __rt_exit_ls                             0x000002b1   Thumb Code     0  rtexit2.o(.ARM.Collect$$rtexit$$00000003)
    __rt_exit_prels_1                        0x000002b1   Thumb Code     0  rtexit2.o(.ARM.Collect$$rtexit$$00000002)
    __rt_exit_exit                           0x000002b5   Thumb Code     0  rtexit2.o(.ARM.Collect$$rtexit$$00000004)
    Delay                                    0x000002bd   Thumb Code     6  st7735.o(.emb_text)
    Reset_Handler                            0x000002c5   Thumb Code     8  startup_msp432e401y_uvision.o(.text)
    NMI_Handler                              0x000002cd   Thumb Code     2  startup_msp432e401y_uvision.o(.text)
    HardFault_Handler                        0x000002cf   Thumb Code     2  startup_msp432e401y_uvision.o(.text)
    MemManage_Handler                        0x000002d1   Thumb Code     2  startup_msp432e401y_uvision.o(.text)
    BusFault_Handler                         0x000002d3   Thumb Code     2  startup_msp432e401y_uvision.o(.text)
    UsageFault_Handler                       0x000002d5   Thumb Code     2  startup_msp432e401y_uvision.o(.text)
    SVC_Handler                              0x000002d7   Thumb Code     2  startup_msp432e401y_uvision.o(.text)
    DebugMon_Handler                         0x000002d9   Thumb Code     2  startup_msp432e401y_uvision.o(.text)
    PendSV_Handler                           0x000002db   Thumb Code     2  startup_msp432e401y_uvision.o(.text)
    SysTick_Handler                          0x000002dd   Thumb Code     2  startup_msp432e401y_uvision.o(.text)
    ADC0SS0_IRQHandler                       0x000002df   Thumb Code     0  startup_msp432e401y_uvision.o(.text)
    ADC0SS1_IRQHandler                       0x000002df   Thumb Code     0  startup_msp432e401y_uvision.o(.text)
    ADC0SS2_IRQHandler                       0x000002df   Thumb Code     0  startup_msp432e401y_uvision.o(.text)
    ADC0SS3_IRQHandler                       0x000002df   Thumb Code     0  startup_msp432e401y_uvision.o(.text)
    ADC1SS0_IRQHandler                       0x000002df   Thumb Code     0  startup_msp432e401y_uvision.o(.text)
    ADC1SS1_IRQHandler                       0x000002df   Thumb Code     0  startup_msp432e401y_uvision.o(.text)
    ADC1SS2_IRQHandler                       0x000002df   Thumb Code     0  startup_msp432e401y_uvision.o(.text)
    ADC1SS3_IRQHandler                       0x000002df   Thumb Code     0  startup_msp432e401y_uvision.o(.text)
    AES0_IRQHandler                          0x000002df   Thumb Code     0  startup_msp432e401y_uvision.o(.text)
    CAN0_IRQHandler                          0x000002df   Thumb Code     0  startup_msp432e401y_uvision.o(.text)
    CAN1_IRQHandler                          0x000002df   Thumb Code     0  startup_msp432e401y_uvision.o(.text)
    COMP0_IRQHandler                         0x000002df   Thumb Code     0  startup_msp432e401y_uvision.o(.text)
    COMP1_IRQHandler                         0x000002df   Thumb Code     0  startup_msp432e401y_uvision.o(.text)
    COMP2_IRQHandler                         0x000002df   Thumb Code     0  startup_msp432e401y_uvision.o(.text)
    DES0_IRQHandler                          0x000002df   Thumb Code     0  startup_msp432e401y_uvision.o(.text)
    EMAC0_IRQHandler                         0x000002df   Thumb Code     0  startup_msp432e401y_uvision.o(.text)
    EPI0_IRQHandler                          0x000002df   Thumb Code     0  startup_msp432e401y_uvision.o(.text)
    FLASH_IRQHandler                         0x000002df   Thumb Code     0  startup_msp432e401y_uvision.o(.text)
    GPIOA_IRQHandler                         0x000002df   Thumb Code     0  startup_msp432e401y_uvision.o(.text)
    GPIOB_IRQHandler                         0x000002df   Thumb Code     0  startup_msp432e401y_uvision.o(.text)
    GPIOC_IRQHandler                         0x000002df   Thumb Code     0  startup_msp432e401y_uvision.o(.text)
    GPIOD_IRQHandler                         0x000002df   Thumb Code     0  startup_msp432e401y_uvision.o(.text)
    GPIOE_IRQHandler                         0x000002df   Thumb Code     0  startup_msp432e401y_uvision.o(.text)
    GPIOF_IRQHandler                         0x000002df   Thumb Code     0  startup_msp432e401y_uvision.o(.text)
    GPIOG_IRQHandler                         0x000002df   Thumb Code     0  startup_msp432e401y_uvision.o(.text)
    GPIOH_IRQHandler                         0x000002df   Thumb Code     0  startup_msp432e401y_uvision.o(.text)
    GPIOJ_IRQHandler                         0x000002df   Thumb Code     0  startup_msp432e401y_uvision.o(.text)
    GPIOK_IRQHandler                         0x000002df   Thumb Code     0  startup_msp432e401y_uvision.o(.text)
    GPIOL_IRQHandler                         0x000002df   Thumb Code     0  startup_msp432e401y_uvision.o(.text)
    GPIOM_IRQHandler                         0x000002df   Thumb Code     0  startup_msp432e401y_uvision.o(.text)
    GPION_IRQHandler                         0x000002df   Thumb Code     0  startup_msp432e401y_uvision.o(.text)
    GPIOP0_IRQHandler                        0x000002df   Thumb Code     0  startup_msp432e401y_uvision.o(.text)
    GPIOP1_IRQHandler                        0x000002df   Thumb Code     0  startup_msp432e401y_uvision.o(.text)
    GPIOP2_IRQHandler                        0x000002df   Thumb Code     0  startup_msp432e401y_uvision.o(.text)
    GPIOP3_IRQHandler                        0x000002df   Thumb Code     0  startup_msp432e401y_uvision.o(.text)
    GPIOP4_IRQHandler                        0x000002df   Thumb Code     0  startup_msp432e401y_uvision.o(.text)
    GPIOP5_IRQHandler                        0x000002df   Thumb Code     0  startup_msp432e401y_uvision.o(.text)
    GPIOP6_IRQHandler                        0x000002df   Thumb Code     0  startup_msp432e401y_uvision.o(.text)
    GPIOP7_IRQHandler                        0x000002df   Thumb Code     0  startup_msp432e401y_uvision.o(.text)
    GPIOQ0_IRQHandler                        0x000002df   Thumb Code     0  startup_msp432e401y_uvision.o(.text)
    GPIOQ1_IRQHandler                        0x000002df   Thumb Code     0  startup_msp432e401y_uvision.o(.text)
    GPIOQ2_IRQHandler                        0x000002df   Thumb Code     0  startup_msp432e401y_uvision.o(.text)
    GPIOQ3_IRQHandler                        0x000002df   Thumb Code     0  startup_msp432e401y_uvision.o(.text)
    GPIOQ4_IRQHandler                        0x000002df   Thumb Code     0  startup_msp432e401y_uvision.o(.text)
    GPIOQ5_IRQHandler                        0x000002df   Thumb Code     0  startup_msp432e401y_uvision.o(.text)
    GPIOQ6_IRQHandler                        0x000002df   Thumb Code     0  startup_msp432e401y_uvision.o(.text)
    GPIOQ7_IRQHandler                        0x000002df   Thumb Code     0  startup_msp432e401y_uvision.o(.text)
    HIBERNATE_IRQHandler                     0x000002df   Thumb Code     0  startup_msp432e401y_uvision.o(.text)
    I2C0_IRQHandler                          0x000002df   Thumb Code     0  startup_msp432e401y_uvision.o(.text)
    I2C1_IRQHandler                          0x000002df   Thumb Code     0  startup_msp432e401y_uvision.o(.text)
    I2C2_IRQHandler                          0x000002df   Thumb Code     0  startup_msp432e401y_uvision.o(.text)
    I2C3_IRQHandler                          0x000002df   Thumb Code     0  startup_msp432e401y_uvision.o(.text)
    I2C4_IRQHandler                          0x000002df   Thumb Code     0  startup_msp432e401y_uvision.o(.text)
    I2C5_IRQHandler                          0x000002df   Thumb Code     0  startup_msp432e401y_uvision.o(.text)
    I2C6_IRQHandler                          0x000002df   Thumb Code     0  startup_msp432e401y_uvision.o(.text)
    I2C7_IRQHandler                          0x000002df   Thumb Code     0  startup_msp432e401y_uvision.o(.text)
    I2C8_IRQHandler                          0x000002df   Thumb Code     0  startup_msp432e401y_uvision.o(.text)
    I2C9_IRQHandler                          0x000002df   Thumb Code     0  startup_msp432e401y_uvision.o(.text)
    PWM0_0_IRQHandler                        0x000002df   Thumb Code     0  startup_msp432e401y_uvision.o(.text)
    PWM0_1_IRQHandler                        0x000002df   Thumb Code     0  startup_msp432e401y_uvision.o(.text)
    PWM0_2_IRQHandler                        0x000002df   Thumb Code     0  startup_msp432e401y_uvision.o(.text)
    PWM0_3_IRQHandler                        0x000002df   Thumb Code     0  startup_msp432e401y_uvision.o(.text)
    PWM0_FAULT_IRQHandler                    0x000002df   Thumb Code     0  startup_msp432e401y_uvision.o(.text)
    QEI0_IRQHandler                          0x000002df   Thumb Code     0  startup_msp432e401y_uvision.o(.text)
    SHA0_IRQHandler                          0x000002df   Thumb Code     0  startup_msp432e401y_uvision.o(.text)
    SSI0_IRQHandler                          0x000002df   Thumb Code     0  startup_msp432e401y_uvision.o(.text)
    SSI1_IRQHandler                          0x000002df   Thumb Code     0  startup_msp432e401y_uvision.o(.text)
    SSI2_IRQHandler                          0x000002df   Thumb Code     0  startup_msp432e401y_uvision.o(.text)
    SSI3_IRQHandler                          0x000002df   Thumb Code     0  startup_msp432e401y_uvision.o(.text)
    SYSCTL_IRQHandler                        0x000002df   Thumb Code     0  startup_msp432e401y_uvision.o(.text)
    SYSEXC_IRQHandler                        0x000002df   Thumb Code     0  startup_msp432e401y_uvision.o(.text)
    TAMPER0_IRQHandler                       0x000002df   Thumb Code     0  startup_msp432e401y_uvision.o(.text)
    TIMER0A_IRQHandler                       0x000002df   Thumb Code     0  startup_msp432e401y_uvision.o(.text)
    TIMER0B_IRQHandler                       0x000002df   Thumb Code     0  startup_msp432e401y_uvision.o(.text)
    TIMER1A_IRQHandler                       0x000002df   Thumb Code     0  startup_msp432e401y_uvision.o(.text)
    TIMER1B_IRQHandler                       0x000002df   Thumb Code     0  startup_msp432e401y_uvision.o(.text)
    TIMER2A_IRQHandler                       0x000002df   Thumb Code     0  startup_msp432e401y_uvision.o(.text)
    TIMER2B_IRQHandler                       0x000002df   Thumb Code     0  startup_msp432e401y_uvision.o(.text)
    TIMER3A_IRQHandler                       0x000002df   Thumb Code     0  startup_msp432e401y_uvision.o(.text)
    TIMER3B_IRQHandler                       0x000002df   Thumb Code     0  startup_msp432e401y_uvision.o(.text)
    TIMER4A_IRQHandler                       0x000002df   Thumb Code     0  startup_msp432e401y_uvision.o(.text)
    TIMER4B_IRQHandler                       0x000002df   Thumb Code     0  startup_msp432e401y_uvision.o(.text)
    TIMER5A_IRQHandler                       0x000002df   Thumb Code     0  startup_msp432e401y_uvision.o(.text)
    TIMER5B_IRQHandler                       0x000002df   Thumb Code     0  startup_msp432e401y_uvision.o(.text)
    TIMER6A_IRQHandler                       0x000002df   Thumb Code     0  startup_msp432e401y_uvision.o(.text)
    TIMER6B_IRQHandler                       0x000002df   Thumb Code     0  startup_msp432e401y_uvision.o(.text)
    TIMER7A_IRQHandler                       0x000002df   Thumb Code     0  startup_msp432e401y_uvision.o(.text)
    TIMER7B_IRQHandler                       0x000002df   Thumb Code     0  startup_msp432e401y_uvision.o(.text)
    UART0_IRQHandler                         0x000002df   Thumb Code     0  startup_msp432e401y_uvision.o(.text)
    UART1_IRQHandler                         0x000002df   Thumb Code     0  startup_msp432e401y_uvision.o(.text)
    UART2_IRQHandler                         0x000002df   Thumb Code     0  startup_msp432e401y_uvision.o(.text)
    UART3_IRQHandler                         0x000002df   Thumb Code     0  startup_msp432e401y_uvision.o(.text)
    UART4_IRQHandler                         0x000002df   Thumb Code     0  startup_msp432e401y_uvision.o(.text)
    UART5_IRQHandler                         0x000002df   Thumb Code     0  startup_msp432e401y_uvision.o(.text)
    UART6_IRQHandler                         0x000002df   Thumb Code     0  startup_msp432e401y_uvision.o(.text)
    UART7_IRQHandler                         0x000002df   Thumb Code     0  startup_msp432e401y_uvision.o(.text)
    UDMAERR_IRQHandler                       0x000002df   Thumb Code     0  startup_msp432e401y_uvision.o(.text)
    UDMA_IRQHandler                          0x000002df   Thumb Code     0  startup_msp432e401y_uvision.o(.text)
    USB0_IRQHandler                          0x000002df   Thumb Code     0  startup_msp432e401y_uvision.o(.text)
    WATCHDOG_IRQHandler                      0x000002df   Thumb Code     0  startup_msp432e401y_uvision.o(.text)
    __user_initial_stackheap                 0x000002e1   Thumb Code    10  startup_msp432e401y_uvision.o(.text)
    __2snprintf                              0x00000301   Thumb Code    48  noretval__2snprintf.o(.text)
    __printf                                 0x00000335   Thumb Code   104  __printf.o(.text)
    _printf_int_dec                          0x0000039d   Thumb Code   104  _printf_dec.o(.text)
    strlen                                   0x00000415   Thumb Code    62  strlen.o(.text)
    __use_two_region_memory                  0x00000453   Thumb Code     2  heapauxi.o(.text)
    __rt_heap_escrow$2region                 0x00000455   Thumb Code     2  heapauxi.o(.text)
    __rt_heap_expand$2region                 0x00000457   Thumb Code     2  heapauxi.o(.text)
    _printf_int_common                       0x00000459   Thumb Code   178  _printf_intcommon.o(.text)
    __lib_sel_fp_printf                      0x0000050b   Thumb Code     2  _printf_fp_dec.o(.text)
    _printf_fp_dec_real                      0x000006bd   Thumb Code   620  _printf_fp_dec.o(.text)
    _printf_char_common                      0x00000933   Thumb Code    32  _printf_char_common.o(.text)
    _sputc                                   0x00000959   Thumb Code    10  _sputc.o(.text)
    _snputc                                  0x00000963   Thumb Code    16  _snputc.o(.text)
    __rt_locale                              0x00000975   Thumb Code     8  rt_locale_intlibspace.o(.text)
    _ll_udiv10                               0x0000097d   Thumb Code   138  lludiv10.o(.text)
    _printf_fp_infnan                        0x00000a09   Thumb Code   112  _printf_fp_infnan.o(.text)
    _btod_etento                             0x00000a89   Thumb Code   224  bigflt0.o(.text)
    __user_libspace                          0x00000b6d   Thumb Code     8  libspace.o(.text)
    __user_perproc_libspace                  0x00000b6d   Thumb Code     0  libspace.o(.text)
    __user_perthread_libspace                0x00000b6d   Thumb Code     0  libspace.o(.text)
    __user_setup_stackheap                   0x00000b75   Thumb Code    74  sys_stackheap_outer.o(.text)
    exit                                     0x00000bbf   Thumb Code    18  exit.o(.text)
    strcmp                                   0x00000bd1   Thumb Code   128  strcmpv7m.o(.text)
    _sys_exit                                0x00000c51   Thumb Code     8  sys_exit.o(.text)
    __I$use$semihosting                      0x00000c5d   Thumb Code     0  use_no_semi.o(.text)
    __use_no_semihosting_swi                 0x00000c5d   Thumb Code     2  use_no_semi.o(.text)
    __semihosting_library_function           0x00000c5f   Thumb Code     0  indicate_semi.o(.text)
    _btod_d2e                                0x00000c5f   Thumb Code    62  btod.o(CL$$btod_d2e)
    _d2e_denorm_low                          0x00000c9d   Thumb Code    70  btod.o(CL$$btod_d2e_denorm_low)
    _d2e_norm_op1                            0x00000ce3   Thumb Code    96  btod.o(CL$$btod_d2e_norm_op1)
    __btod_div_common                        0x00000d43   Thumb Code   696  btod.o(CL$$btod_div_common)
    _e2e                                     0x0000107b   Thumb Code   220  btod.o(CL$$btod_e2e)
    _btod_ediv                               0x00001157   Thumb Code    42  btod.o(CL$$btod_ediv)
    _btod_emul                               0x00001181   Thumb Code    42  btod.o(CL$$btod_emul)
    __btod_mult_common                       0x000011ab   Thumb Code   580  btod.o(CL$$btod_mult_common)
    Delay1ms                                 0x000013ef   Thumb Code    22  st7735.o(i.Delay1ms)
    DutyCycleForward                         0x00001405   Thumb Code    58  milestone2.o(i.DutyCycleForward)
    DutyCycleReverse                         0x00001449   Thumb Code    58  milestone2.o(i.DutyCycleReverse)
    PLL_Init                                 0x0000148d   Thumb Code   280  pll.o(i.PLL_Init)
    PortE_Init                               0x000015b1   Thumb Code    38  milestone2.o(i.PortE_Init)
    PortH_Init                               0x000015e9   Thumb Code    84  milestone2.o(i.PortH_Init)
    PortM_Init                               0x0000164d   Thumb Code    40  milestone2.o(i.PortM_Init)
    PortN0N1_Init                            0x00001685   Thumb Code    38  milestone2.o(i.PortN0N1_Init)
    ST7735_DrawCharS                         0x000016bd   Thumb Code   236  st7735.o(i.ST7735_DrawCharS)
    ST7735_DrawPixel                         0x000017b5   Thumb Code    64  st7735.o(i.ST7735_DrawPixel)
    ST7735_DrawString                        0x000017fd   Thumb Code    84  st7735.o(i.ST7735_DrawString)
    ST7735_FillRect                          0x00001851   Thumb Code   164  st7735.o(i.ST7735_FillRect)
    ST7735_FillScreen                        0x000018fd   Thumb Code    28  st7735.o(i.ST7735_FillScreen)
    ST7735_InitR                             0x00001921   Thumb Code    68  st7735.o(i.ST7735_InitR)
    ST7735_OutChar                           0x00001981   Thumb Code   176  st7735.o(i.ST7735_OutChar)
    ST7735_OutString                         0x00001a55   Thumb Code    22  st7735.o(i.ST7735_OutString)
    SysTick_Init                             0x00001a6b   Thumb Code    24  systick.o(i.SysTick_Init)
    SysTick_Wait                             0x00001a83   Thumb Code    32  systick.o(i.SysTick_Wait)
    SysTick_Wait10ms                         0x00001aa5   Thumb Code    22  systick.o(i.SysTick_Wait10ms)
    SystemInit                               0x00001ac1   Thumb Code    20  system_msp432e401y.o(i.SystemInit)
    UART_Init                                0x00001ae1   Thumb Code   172  milestone2.o(i.UART_Init)
    UART_OutChar                             0x00001bad   Thumb Code    20  milestone2.o(i.UART_OutChar)
    UART_OutString                           0x00001bc5   Thumb Code    24  milestone2.o(i.UART_OutString)
    __ARM_fpclassify                         0x00001bdd   Thumb Code    48  fpclassify.o(i.__ARM_fpclassify)
    getChar                                  0x00001e09   Thumb Code    92  milestone2.o(i.getChar)
    main                                     0x00001e6d   Thumb Code   744  milestone2.o(i.main)
    rotate                                   0x000021c7   Thumb Code    30  milestone2.o(i.rotate)
    setLED                                   0x00002259   Thumb Code    18  milestone2.o(i.setLED)
    _get_lc_numeric                          0x000022c5   Thumb Code    44  lc_numeric_c.o(locale$$code)
    __aeabi_ddiv                             0x000022f1   Thumb Code     0  ddiv.o(x$fpl$ddiv)
    _ddiv                                    0x000022f1   Thumb Code   552  ddiv.o(x$fpl$ddiv)
    __aeabi_d2iz                             0x000025a1   Thumb Code     0  dfix.o(x$fpl$dfix)
    _dfix                                    0x000025a1   Thumb Code    94  dfix.o(x$fpl$dfix)
    __aeabi_i2d                              0x000025ff   Thumb Code     0  dflt_clz.o(x$fpl$dflt)
    _dflt                                    0x000025ff   Thumb Code    46  dflt_clz.o(x$fpl$dflt)
    __aeabi_dmul                             0x0000262d   Thumb Code     0  dmul.o(x$fpl$dmul)
    _dmul                                    0x0000262d   Thumb Code   332  dmul.o(x$fpl$dmul)
    __fpl_dnaninf                            0x00002781   Thumb Code   156  dnaninf.o(x$fpl$dnaninf)
    __fpl_dretinf                            0x0000281d   Thumb Code    12  dretinf.o(x$fpl$dretinf)
    _fp_init                                 0x00002829   Thumb Code    10  fpinit.o(x$fpl$fpinit)
    __fplib_config_fpu_vfp                   0x00002831   Thumb Code     0  fpinit.o(x$fpl$fpinit)
    __fplib_config_pureend_doubles           0x00002831   Thumb Code     0  fpinit.o(x$fpl$fpinit)
    _printf_fp_dec                           0x00002833   Thumb Code     4  printf1.o(x$fpl$printf1)
    __I$use$fp                               0x00002836   Number         0  usenofp.o(x$fpl$usenofp)
    dBfs                                     0x00002e18   Data         512  st7735.o(.constdata)
    Region$$Table$$Base                      0x000030ac   Number         0  anon$$obj.o(Region$$Table)
    Region$$Table$$Limit                     0x000030cc   Number         0  anon$$obj.o(Region$$Table)
    result                                   0x20000000   Data           1  milestone2.o(.data)
    lut                                      0x20000001   Data          16  milestone2.o(.data)
    angleInSteps                             0x20000014   Data           4  milestone2.o(.data)
    direction                                0x20000018   Data           4  milestone2.o(.data)
    delay                                    0x2000001c   Data           4  milestone2.o(.data)
    setAngle                                 0x20000020   Data           1  milestone2.o(.data)
    setDir                                   0x20000021   Data           1  milestone2.o(.data)
    setDelay                                 0x20000022   Data           1  milestone2.o(.data)
    sendOutputToUART                         0x20000023   Data           1  milestone2.o(.data)
    stepsPerRot                              0x20000028   Data           8  milestone2.o(.data)
    StX                                      0x20000030   Data           4  st7735.o(.data)
    StY                                      0x20000034   Data           4  st7735.o(.data)
    StTextColor                              0x20000038   Data           2  st7735.o(.data)
    Messageindex                             0x20000044   Data           4  st7735.o(.data)
    Ymax                                     0x20000048   Data           4  st7735.o(.data)
    Ymin                                     0x2000004c   Data           4  st7735.o(.data)
    X                                        0x20000050   Data           4  st7735.o(.data)
    Yrange                                   0x20000054   Data           4  st7735.o(.data)
    lastj                                    0x20000058   Data           4  st7735.o(.data)
    SystemCoreClock                          0x2000005c   Data           4  system_msp432e401y.o(.data)
    __libspace_start                         0x20000060   Data          96  libspace.o(.bss)
    __temporary_stack_top$libspace           0x200000c0   Data           0  libspace.o(.bss)



==============================================================================

Memory Map of the image

  Image Entry point : 0x000002c5

  Load Region LR_1 (Base: 0x00000000, Size: 0x00003148, Max: 0xffffffff, ABSOLUTE)

    Execution Region ER_RO (Exec base: 0x00000000, Load base: 0x00000000, Size: 0x000030e8, Max: 0xffffffff, ABSOLUTE)

    Exec Addr    Load Addr    Size         Type   Attr      Idx    E Section Name        Object

    0x00000000   0x00000000   0x000001fc   Data   RO          434    RESET               startup_msp432e401y_uvision.o
    0x000001fc   0x000001fc   0x00000008   Code   RO          534  * !!!main             c_w.l(__main.o)
    0x00000204   0x00000204   0x00000034   Code   RO          770    !!!scatter          c_w.l(__scatter.o)
    0x00000238   0x00000238   0x0000001a   Code   RO          772    !!handler_copy      c_w.l(__scatter_copy.o)
    0x00000252   0x00000252   0x00000002   PAD
    0x00000254   0x00000254   0x0000001c   Code   RO          774    !!handler_zi        c_w.l(__scatter_zi.o)
    0x00000270   0x00000270   0x00000000   Code   RO          529    .ARM.Collect$$_printf_percent$$00000000  c_w.l(_printf_percent.o)
    0x00000270   0x00000270   0x00000006   Code   RO          528    .ARM.Collect$$_printf_percent$$00000003  c_w.l(_printf_f.o)
    0x00000276   0x00000276   0x00000006   Code   RO          527    .ARM.Collect$$_printf_percent$$00000009  c_w.l(_printf_d.o)
    0x0000027c   0x0000027c   0x00000004   Code   RO          565    .ARM.Collect$$_printf_percent$$00000017  c_w.l(_printf_percent_end.o)
    0x00000280   0x00000280   0x00000002   Code   RO          643    .ARM.Collect$$libinit$$00000000  c_w.l(libinit.o)
    0x00000282   0x00000282   0x00000004   Code   RO          644    .ARM.Collect$$libinit$$00000001  c_w.l(libinit2.o)
    0x00000286   0x00000286   0x00000000   Code   RO          647    .ARM.Collect$$libinit$$00000004  c_w.l(libinit2.o)
    0x00000286   0x00000286   0x00000000   Code   RO          650    .ARM.Collect$$libinit$$0000000A  c_w.l(libinit2.o)
    0x00000286   0x00000286   0x00000000   Code   RO          652    .ARM.Collect$$libinit$$0000000C  c_w.l(libinit2.o)
    0x00000286   0x00000286   0x00000000   Code   RO          654    .ARM.Collect$$libinit$$0000000E  c_w.l(libinit2.o)
    0x00000286   0x00000286   0x00000006   Code   RO          655    .ARM.Collect$$libinit$$0000000F  c_w.l(libinit2.o)
    0x0000028c   0x0000028c   0x00000000   Code   RO          657    .ARM.Collect$$libinit$$00000011  c_w.l(libinit2.o)
    0x0000028c   0x0000028c   0x00000000   Code   RO          659    .ARM.Collect$$libinit$$00000013  c_w.l(libinit2.o)
    0x0000028c   0x0000028c   0x00000000   Code   RO          661    .ARM.Collect$$libinit$$00000015  c_w.l(libinit2.o)
    0x0000028c   0x0000028c   0x0000000a   Code   RO          662    .ARM.Collect$$libinit$$00000016  c_w.l(libinit2.o)
    0x00000296   0x00000296   0x00000000   Code   RO          663    .ARM.Collect$$libinit$$00000017  c_w.l(libinit2.o)
    0x00000296   0x00000296   0x00000000   Code   RO          665    .ARM.Collect$$libinit$$00000019  c_w.l(libinit2.o)
    0x00000296   0x00000296   0x00000000   Code   RO          667    .ARM.Collect$$libinit$$0000001B  c_w.l(libinit2.o)
    0x00000296   0x00000296   0x00000000   Code   RO          669    .ARM.Collect$$libinit$$0000001D  c_w.l(libinit2.o)
    0x00000296   0x00000296   0x00000000   Code   RO          671    .ARM.Collect$$libinit$$0000001F  c_w.l(libinit2.o)
    0x00000296   0x00000296   0x00000000   Code   RO          673    .ARM.Collect$$libinit$$00000021  c_w.l(libinit2.o)
    0x00000296   0x00000296   0x00000000   Code   RO          675    .ARM.Collect$$libinit$$00000023  c_w.l(libinit2.o)
    0x00000296   0x00000296   0x00000000   Code   RO          677    .ARM.Collect$$libinit$$00000025  c_w.l(libinit2.o)
    0x00000296   0x00000296   0x00000000   Code   RO          681    .ARM.Collect$$libinit$$0000002C  c_w.l(libinit2.o)
    0x00000296   0x00000296   0x00000000   Code   RO          683    .ARM.Collect$$libinit$$0000002E  c_w.l(libinit2.o)
    0x00000296   0x00000296   0x00000000   Code   RO          685    .ARM.Collect$$libinit$$00000030  c_w.l(libinit2.o)
    0x00000296   0x00000296   0x00000000   Code   RO          687    .ARM.Collect$$libinit$$00000032  c_w.l(libinit2.o)
    0x00000296   0x00000296   0x00000002   Code   RO          688    .ARM.Collect$$libinit$$00000033  c_w.l(libinit2.o)
    0x00000298   0x00000298   0x00000002   Code   RO          718    .ARM.Collect$$libshutdown$$00000000  c_w.l(libshutdown.o)
    0x0000029a   0x0000029a   0x00000000   Code   RO          729    .ARM.Collect$$libshutdown$$00000002  c_w.l(libshutdown2.o)
    0x0000029a   0x0000029a   0x00000000   Code   RO          731    .ARM.Collect$$libshutdown$$00000004  c_w.l(libshutdown2.o)
    0x0000029a   0x0000029a   0x00000000   Code   RO          734    .ARM.Collect$$libshutdown$$00000007  c_w.l(libshutdown2.o)
    0x0000029a   0x0000029a   0x00000000   Code   RO          737    .ARM.Collect$$libshutdown$$0000000A  c_w.l(libshutdown2.o)
    0x0000029a   0x0000029a   0x00000000   Code   RO          739    .ARM.Collect$$libshutdown$$0000000C  c_w.l(libshutdown2.o)
    0x0000029a   0x0000029a   0x00000000   Code   RO          742    .ARM.Collect$$libshutdown$$0000000F  c_w.l(libshutdown2.o)
    0x0000029a   0x0000029a   0x00000002   Code   RO          743    .ARM.Collect$$libshutdown$$00000010  c_w.l(libshutdown2.o)
    0x0000029c   0x0000029c   0x00000000   Code   RO          554    .ARM.Collect$$rtentry$$00000000  c_w.l(__rtentry.o)
    0x0000029c   0x0000029c   0x00000000   Code   RO          572    .ARM.Collect$$rtentry$$00000002  c_w.l(__rtentry2.o)
    0x0000029c   0x0000029c   0x00000006   Code   RO          584    .ARM.Collect$$rtentry$$00000004  c_w.l(__rtentry4.o)
    0x000002a2   0x000002a2   0x00000000   Code   RO          574    .ARM.Collect$$rtentry$$00000009  c_w.l(__rtentry2.o)
    0x000002a2   0x000002a2   0x00000004   Code   RO          575    .ARM.Collect$$rtentry$$0000000A  c_w.l(__rtentry2.o)
    0x000002a6   0x000002a6   0x00000000   Code   RO          577    .ARM.Collect$$rtentry$$0000000C  c_w.l(__rtentry2.o)
    0x000002a6   0x000002a6   0x00000008   Code   RO          578    .ARM.Collect$$rtentry$$0000000D  c_w.l(__rtentry2.o)
    0x000002ae   0x000002ae   0x00000002   Code   RO          689    .ARM.Collect$$rtexit$$00000000  c_w.l(rtexit.o)
    0x000002b0   0x000002b0   0x00000000   Code   RO          696    .ARM.Collect$$rtexit$$00000002  c_w.l(rtexit2.o)
    0x000002b0   0x000002b0   0x00000004   Code   RO          697    .ARM.Collect$$rtexit$$00000003  c_w.l(rtexit2.o)
    0x000002b4   0x000002b4   0x00000006   Code   RO          698    .ARM.Collect$$rtexit$$00000004  c_w.l(rtexit2.o)
    0x000002ba   0x000002ba   0x00000002   PAD
    0x000002bc   0x000002bc   0x00000006   Code   RO          154    .emb_text           st7735.o
    0x000002c2   0x000002c2   0x00000002   PAD
    0x000002c4   0x000002c4   0x0000003c   Code   RO          435  * .text               startup_msp432e401y_uvision.o
    0x00000300   0x00000300   0x00000034   Code   RO          501    .text               c_w.l(noretval__2snprintf.o)
    0x00000334   0x00000334   0x00000068   Code   RO          503    .text               c_w.l(__printf.o)
    0x0000039c   0x0000039c   0x00000078   Code   RO          505    .text               c_w.l(_printf_dec.o)
    0x00000414   0x00000414   0x0000003e   Code   RO          530    .text               c_w.l(strlen.o)
    0x00000452   0x00000452   0x00000006   Code   RO          532    .text               c_w.l(heapauxi.o)
    0x00000458   0x00000458   0x000000b2   Code   RO          555    .text               c_w.l(_printf_intcommon.o)
    0x0000050a   0x0000050a   0x0000041e   Code   RO          557    .text               c_w.l(_printf_fp_dec.o)
    0x00000928   0x00000928   0x00000030   Code   RO          559    .text               c_w.l(_printf_char_common.o)
    0x00000958   0x00000958   0x0000000a   Code   RO          561    .text               c_w.l(_sputc.o)
    0x00000962   0x00000962   0x00000010   Code   RO          563    .text               c_w.l(_snputc.o)
    0x00000972   0x00000972   0x00000002   PAD
    0x00000974   0x00000974   0x00000008   Code   RO          589    .text               c_w.l(rt_locale_intlibspace.o)
    0x0000097c   0x0000097c   0x0000008a   Code   RO          591    .text               c_w.l(lludiv10.o)
    0x00000a06   0x00000a06   0x00000002   PAD
    0x00000a08   0x00000a08   0x00000080   Code   RO          593    .text               c_w.l(_printf_fp_infnan.o)
    0x00000a88   0x00000a88   0x000000e4   Code   RO          597    .text               c_w.l(bigflt0.o)
    0x00000b6c   0x00000b6c   0x00000008   Code   RO          629    .text               c_w.l(libspace.o)
    0x00000b74   0x00000b74   0x0000004a   Code   RO          632    .text               c_w.l(sys_stackheap_outer.o)
    0x00000bbe   0x00000bbe   0x00000012   Code   RO          634    .text               c_w.l(exit.o)
    0x00000bd0   0x00000bd0   0x00000080   Code   RO          636    .text               c_w.l(strcmpv7m.o)
    0x00000c50   0x00000c50   0x0000000c   Code   RO          708    .text               c_w.l(sys_exit.o)
    0x00000c5c   0x00000c5c   0x00000002   Code   RO          719    .text               c_w.l(use_no_semi.o)
    0x00000c5e   0x00000c5e   0x00000000   Code   RO          721    .text               c_w.l(indicate_semi.o)
    0x00000c5e   0x00000c5e   0x0000003e   Code   RO          600    CL$$btod_d2e        c_w.l(btod.o)
    0x00000c9c   0x00000c9c   0x00000046   Code   RO          602    CL$$btod_d2e_denorm_low  c_w.l(btod.o)
    0x00000ce2   0x00000ce2   0x00000060   Code   RO          601    CL$$btod_d2e_norm_op1  c_w.l(btod.o)
    0x00000d42   0x00000d42   0x00000338   Code   RO          610    CL$$btod_div_common  c_w.l(btod.o)
    0x0000107a   0x0000107a   0x000000dc   Code   RO          607    CL$$btod_e2e        c_w.l(btod.o)
    0x00001156   0x00001156   0x0000002a   Code   RO          604    CL$$btod_ediv       c_w.l(btod.o)
    0x00001180   0x00001180   0x0000002a   Code   RO          603    CL$$btod_emul       c_w.l(btod.o)
    0x000011aa   0x000011aa   0x00000244   Code   RO          609    CL$$btod_mult_common  c_w.l(btod.o)
    0x000013ee   0x000013ee   0x00000016   Code   RO          155    i.Delay1ms          st7735.o
    0x00001404   0x00001404   0x00000044   Code   RO           45    i.DutyCycleForward  milestone2.o
    0x00001448   0x00001448   0x00000044   Code   RO           46    i.DutyCycleReverse  milestone2.o
    0x0000148c   0x0000148c   0x00000124   Code   RO            1    i.PLL_Init          pll.o
    0x000015b0   0x000015b0   0x00000038   Code   RO           47    i.PortE_Init        milestone2.o
    0x000015e8   0x000015e8   0x00000064   Code   RO           48    i.PortH_Init        milestone2.o
    0x0000164c   0x0000164c   0x00000038   Code   RO           49    i.PortM_Init        milestone2.o
    0x00001684   0x00001684   0x00000038   Code   RO           50    i.PortN0N1_Init     milestone2.o
    0x000016bc   0x000016bc   0x000000f8   Code   RO          164    i.ST7735_DrawCharS  st7735.o
    0x000017b4   0x000017b4   0x00000048   Code   RO          167    i.ST7735_DrawPixel  st7735.o
    0x000017fc   0x000017fc   0x00000054   Code   RO          168    i.ST7735_DrawString  st7735.o
    0x00001850   0x00001850   0x000000ac   Code   RO          169    i.ST7735_FillRect   st7735.o
    0x000018fc   0x000018fc   0x00000024   Code   RO          170    i.ST7735_FillScreen  st7735.o
    0x00001920   0x00001920   0x00000060   Code   RO          172    i.ST7735_InitR      st7735.o
    0x00001980   0x00001980   0x000000d4   Code   RO          174    i.ST7735_OutChar    st7735.o
    0x00001a54   0x00001a54   0x00000016   Code   RO          175    i.ST7735_OutString  st7735.o
    0x00001a6a   0x00001a6a   0x00000018   Code   RO           21    i.SysTick_Init      systick.o
    0x00001a82   0x00001a82   0x00000020   Code   RO           22    i.SysTick_Wait      systick.o
    0x00001aa2   0x00001aa2   0x00000002   PAD
    0x00001aa4   0x00001aa4   0x0000001c   Code   RO           23    i.SysTick_Wait10ms  systick.o
    0x00001ac0   0x00001ac0   0x00000020   Code   RO          443    i.SystemInit        system_msp432e401y.o
    0x00001ae0   0x00001ae0   0x000000cc   Code   RO           52    i.UART_Init         milestone2.o
    0x00001bac   0x00001bac   0x00000018   Code   RO           53    i.UART_OutChar      milestone2.o
    0x00001bc4   0x00001bc4   0x00000018   Code   RO           54    i.UART_OutString    milestone2.o
    0x00001bdc   0x00001bdc   0x00000030   Code   RO          627    i.__ARM_fpclassify  m_wm.l(fpclassify.o)
    0x00001c0c   0x00001c0c   0x00000056   Code   RO          189    i.commandList       st7735.o
    0x00001c62   0x00001c62   0x00000002   PAD
    0x00001c64   0x00001c64   0x000001a4   Code   RO          190    i.commonInit        st7735.o
    0x00001e08   0x00001e08   0x00000064   Code   RO           55    i.getChar           milestone2.o
    0x00001e6c   0x00001e6c   0x00000348   Code   RO           56    i.main              milestone2.o
    0x000021b4   0x000021b4   0x00000012   Code   RO          195    i.pushColor         st7735.o
    0x000021c6   0x000021c6   0x0000001e   Code   RO           57    i.rotate            milestone2.o
    0x000021e4   0x000021e4   0x00000074   Code   RO          196    i.setAddrWindow     st7735.o
    0x00002258   0x00002258   0x00000018   Code   RO           58    i.setLED            milestone2.o
    0x00002270   0x00002270   0x00000030   Code   RO          197    i.writecommand      st7735.o
    0x000022a0   0x000022a0   0x00000024   Code   RO          198    i.writedata         st7735.o
    0x000022c4   0x000022c4   0x0000002c   Code   RO          623    locale$$code        c_w.l(lc_numeric_c.o)
    0x000022f0   0x000022f0   0x000002b0   Code   RO          537    x$fpl$ddiv          fz_wm.l(ddiv.o)
    0x000025a0   0x000025a0   0x0000005e   Code   RO          540    x$fpl$dfix          fz_wm.l(dfix.o)
    0x000025fe   0x000025fe   0x0000002e   Code   RO          545    x$fpl$dflt          fz_wm.l(dflt_clz.o)
    0x0000262c   0x0000262c   0x00000154   Code   RO          550    x$fpl$dmul          fz_wm.l(dmul.o)
    0x00002780   0x00002780   0x0000009c   Code   RO          566    x$fpl$dnaninf       fz_wm.l(dnaninf.o)
    0x0000281c   0x0000281c   0x0000000c   Code   RO          568    x$fpl$dretinf       fz_wm.l(dretinf.o)
    0x00002828   0x00002828   0x0000000a   Code   RO          693    x$fpl$fpinit        fz_wm.l(fpinit.o)
    0x00002832   0x00002832   0x00000004   Code   RO          552    x$fpl$printf1       fz_wm.l(printf1.o)
    0x00002836   0x00002836   0x00000000   Code   RO          570    x$fpl$usenofp       fz_wm.l(usenofp.o)
    0x00002836   0x00002836   0x000007e2   Data   RO          200    .constdata          st7735.o
    0x00003018   0x00003018   0x00000094   Data   RO          598    .constdata          c_w.l(bigflt0.o)
    0x000030ac   0x000030ac   0x00000020   Data   RO          768    Region$$Table       anon$$obj.o
    0x000030cc   0x000030cc   0x0000001c   Data   RO          622    locale$$data        c_w.l(lc_numeric_c.o)


    Execution Region ER_RW (Exec base: 0x20000000, Load base: 0x000030e8, Size: 0x00000060, Max: 0xffffffff, ABSOLUTE)

    Exec Addr    Load Addr    Size         Type   Attr      Idx    E Section Name        Object

    0x20000000   0x000030e8   0x00000030   Data   RW           59    .data               milestone2.o
    0x20000030   0x00003118   0x0000002c   Data   RW          201    .data               st7735.o
    0x2000005c   0x00003144   0x00000004   Data   RW          444    .data               system_msp432e401y.o


    Execution Region ER_ZI (Exec base: 0x20000060, Load base: 0x00003148, Size: 0x00000260, Max: 0xffffffff, ABSOLUTE)

    Exec Addr    Load Addr    Size         Type   Attr      Idx    E Section Name        Object

    0x20000060        -       0x00000060   Zero   RW          630    .bss                c_w.l(libspace.o)
    0x200000c0        -       0x00000000   Zero   RW          433    HEAP                startup_msp432e401y_uvision.o
    0x200000c0        -       0x00000200   Zero   RW          432    STACK               startup_msp432e401y_uvision.o


==============================================================================

Image component sizes


      Code (inc. data)   RO Data    RW Data    ZI Data      Debug   Object Name

      1650        234          0         48          0       8280   milestone2.o
       292         12          0          0          0       5019   pll.o
      1694        176       2018         44          0      12863   st7735.o
        60         22        508          0        512        892   startup_msp432e401y_uvision.o
        32         12          0          4          0        683   system_msp432e401y.o
        84          6          0          0          0       2109   systick.o

    ----------------------------------------------------------------------
      3818        462       2558         96        512      29846   Object Totals
         0          0         32          0          0          0   (incl. Generated)
         6          0          0          0          0          0   (incl. Padding)

    ----------------------------------------------------------------------

      Code (inc. data)   RO Data    RW Data    ZI Data      Debug   Library Member Name

         8          0          0          0          0         68   __main.o
       104          0          0          0          0         84   __printf.o
         0          0          0          0          0          0   __rtentry.o
        12          0          0          0          0          0   __rtentry2.o
         6          0          0          0          0          0   __rtentry4.o
        52          8          0          0          0          0   __scatter.o
        26          0          0          0          0          0   __scatter_copy.o
        28          0          0          0          0          0   __scatter_zi.o
        48          6          0          0          0         96   _printf_char_common.o
         6          0          0          0          0          0   _printf_d.o
       120         16          0          0          0         92   _printf_dec.o
         6          0          0          0          0          0   _printf_f.o
      1054          0          0          0          0        216   _printf_fp_dec.o
       128         16          0          0          0         84   _printf_fp_infnan.o
       178          0          0          0          0         88   _printf_intcommon.o
         0          0          0          0          0          0   _printf_percent.o
         4          0          0          0          0          0   _printf_percent_end.o
        16          0          0          0          0         68   _snputc.o
        10          0          0          0          0         68   _sputc.o
       228          4        148          0          0         96   bigflt0.o
      1936        128          0          0          0        672   btod.o
        18          0          0          0          0         80   exit.o
         6          0          0          0          0        152   heapauxi.o
         0          0          0          0          0          0   indicate_semi.o
        44         10         28          0          0         76   lc_numeric_c.o
         2          0          0          0          0          0   libinit.o
        22          0          0          0          0          0   libinit2.o
         2          0          0          0          0          0   libshutdown.o
         2          0          0          0          0          0   libshutdown2.o
         8          4          0          0         96         68   libspace.o
       138          0          0          0          0         80   lludiv10.o
        52          4          0          0          0         84   noretval__2snprintf.o
         8          4          0          0          0         68   rt_locale_intlibspace.o
         2          0          0          0          0          0   rtexit.o
        10          0          0          0          0          0   rtexit2.o
       128          0          0          0          0         68   strcmpv7m.o
        62          0          0          0          0         76   strlen.o
        12          4          0          0          0         68   sys_exit.o
        74          0          0          0          0         80   sys_stackheap_outer.o
         2          0          0          0          0         68   use_no_semi.o
       688        140          0          0          0        256   ddiv.o
        94          4          0          0          0        140   dfix.o
        46          0          0          0          0        116   dflt_clz.o
       340         12          0          0          0        152   dmul.o
       156          4          0          0          0        140   dnaninf.o
        12          0          0          0          0        116   dretinf.o
        10          0          0          0          0        116   fpinit.o
         4          0          0          0          0        116   printf1.o
         0          0          0          0          0          0   usenofp.o
        48          0          0          0          0        124   fpclassify.o

    ----------------------------------------------------------------------
      5968        364        176          0         96       3876   Library Totals
         8          0          0          0          0          0   (incl. Padding)

    ----------------------------------------------------------------------

      Code (inc. data)   RO Data    RW Data    ZI Data      Debug   Library Name

      4562        204        176          0         96       2600   c_w.l
      1350        160          0          0          0       1152   fz_wm.l
        48          0          0          0          0        124   m_wm.l

    ----------------------------------------------------------------------
      5968        364        176          0         96       3876   Library Totals

    ----------------------------------------------------------------------

==============================================================================


      Code (inc. data)   RO Data    RW Data    ZI Data      Debug   

      9786        826       2734         96        608      28518   Grand Totals
      9786        826       2734         96        608      28518   ELF Image Totals
      9786        826       2734         96          0          0   ROM Totals

==============================================================================

    Total RO  Size (Code + RO Data)                12520 (  12.23kB)
    Total RW  Size (RW Data + ZI Data)               704 (   0.69kB)
    Total ROM Size (Code + RO Data + RW Data)      12616 (  12.32kB)

==============================================================================

